Archive member included to satisfy reference by file (symbol)

c:/st/stm32cubeide_1.7.0/stm32cubeide/plugins/com.st.stm32cube.ide.mcu.externaltools.gnu-tools-for-stm32.9-2020-q2-update.win32_2.0.0.202105311346/tools/bin/../lib/gcc/arm-none-eabi/9.3.1/../../../../arm-none-eabi/lib/thumb/v7e-m+fp/hard\libm.a(lib_a-sf_atan.o)
                              ./Core/Source/App/MPU6050-App/MPU6050-App.o (atanf)
c:/st/stm32cubeide_1.7.0/stm32cubeide/plugins/com.st.stm32cube.ide.mcu.externaltools.gnu-tools-for-stm32.9-2020-q2-update.win32_2.0.0.202105311346/tools/bin/../lib/gcc/arm-none-eabi/9.3.1/../../../../arm-none-eabi/lib/thumb/v7e-m+fp/hard\libm.a(lib_a-sf_fabs.o)
                              c:/st/stm32cubeide_1.7.0/stm32cubeide/plugins/com.st.stm32cube.ide.mcu.externaltools.gnu-tools-for-stm32.9-2020-q2-update.win32_2.0.0.202105311346/tools/bin/../lib/gcc/arm-none-eabi/9.3.1/../../../../arm-none-eabi/lib/thumb/v7e-m+fp/hard\libm.a(lib_a-sf_atan.o) (fabsf)
c:/st/stm32cubeide_1.7.0/stm32cubeide/plugins/com.st.stm32cube.ide.mcu.externaltools.gnu-tools-for-stm32.9-2020-q2-update.win32_2.0.0.202105311346/tools/bin/../lib/gcc/arm-none-eabi/9.3.1/../../../../arm-none-eabi/lib/thumb/v7e-m+fp/hard\libm.a(lib_a-wf_asin.o)
                              ./Core/Source/App/MPU6050-App/MPU6050-App.o (asinf)
c:/st/stm32cubeide_1.7.0/stm32cubeide/plugins/com.st.stm32cube.ide.mcu.externaltools.gnu-tools-for-stm32.9-2020-q2-update.win32_2.0.0.202105311346/tools/bin/../lib/gcc/arm-none-eabi/9.3.1/../../../../arm-none-eabi/lib/thumb/v7e-m+fp/hard\libm.a(lib_a-wf_atan2.o)
                              ./Core/Source/App/MPU6050-App/MPU6050-App.o (atan2f)
c:/st/stm32cubeide_1.7.0/stm32cubeide/plugins/com.st.stm32cube.ide.mcu.externaltools.gnu-tools-for-stm32.9-2020-q2-update.win32_2.0.0.202105311346/tools/bin/../lib/gcc/arm-none-eabi/9.3.1/../../../../arm-none-eabi/lib/thumb/v7e-m+fp/hard\libm.a(lib_a-wf_sqrt.o)
                              ./Core/Source/App/MPU6050-App/MPU6050-App.o (sqrtf)
c:/st/stm32cubeide_1.7.0/stm32cubeide/plugins/com.st.stm32cube.ide.mcu.externaltools.gnu-tools-for-stm32.9-2020-q2-update.win32_2.0.0.202105311346/tools/bin/../lib/gcc/arm-none-eabi/9.3.1/../../../../arm-none-eabi/lib/thumb/v7e-m+fp/hard\libm.a(lib_a-ef_asin.o)
                              c:/st/stm32cubeide_1.7.0/stm32cubeide/plugins/com.st.stm32cube.ide.mcu.externaltools.gnu-tools-for-stm32.9-2020-q2-update.win32_2.0.0.202105311346/tools/bin/../lib/gcc/arm-none-eabi/9.3.1/../../../../arm-none-eabi/lib/thumb/v7e-m+fp/hard\libm.a(lib_a-wf_asin.o) (__ieee754_asinf)
c:/st/stm32cubeide_1.7.0/stm32cubeide/plugins/com.st.stm32cube.ide.mcu.externaltools.gnu-tools-for-stm32.9-2020-q2-update.win32_2.0.0.202105311346/tools/bin/../lib/gcc/arm-none-eabi/9.3.1/../../../../arm-none-eabi/lib/thumb/v7e-m+fp/hard\libm.a(lib_a-ef_atan2.o)
                              c:/st/stm32cubeide_1.7.0/stm32cubeide/plugins/com.st.stm32cube.ide.mcu.externaltools.gnu-tools-for-stm32.9-2020-q2-update.win32_2.0.0.202105311346/tools/bin/../lib/gcc/arm-none-eabi/9.3.1/../../../../arm-none-eabi/lib/thumb/v7e-m+fp/hard\libm.a(lib_a-wf_atan2.o) (__ieee754_atan2f)
c:/st/stm32cubeide_1.7.0/stm32cubeide/plugins/com.st.stm32cube.ide.mcu.externaltools.gnu-tools-for-stm32.9-2020-q2-update.win32_2.0.0.202105311346/tools/bin/../lib/gcc/arm-none-eabi/9.3.1/../../../../arm-none-eabi/lib/thumb/v7e-m+fp/hard\libm.a(lib_a-ef_sqrt.o)
                              c:/st/stm32cubeide_1.7.0/stm32cubeide/plugins/com.st.stm32cube.ide.mcu.externaltools.gnu-tools-for-stm32.9-2020-q2-update.win32_2.0.0.202105311346/tools/bin/../lib/gcc/arm-none-eabi/9.3.1/../../../../arm-none-eabi/lib/thumb/v7e-m+fp/hard\libm.a(lib_a-wf_sqrt.o) (__ieee754_sqrtf)
c:/st/stm32cubeide_1.7.0/stm32cubeide/plugins/com.st.stm32cube.ide.mcu.externaltools.gnu-tools-for-stm32.9-2020-q2-update.win32_2.0.0.202105311346/tools/bin/../lib/gcc/arm-none-eabi/9.3.1/../../../../arm-none-eabi/lib/thumb/v7e-m+fp/hard\libm.a(lib_a-s_lib_ver.o)
                              c:/st/stm32cubeide_1.7.0/stm32cubeide/plugins/com.st.stm32cube.ide.mcu.externaltools.gnu-tools-for-stm32.9-2020-q2-update.win32_2.0.0.202105311346/tools/bin/../lib/gcc/arm-none-eabi/9.3.1/../../../../arm-none-eabi/lib/thumb/v7e-m+fp/hard\libm.a(lib_a-wf_asin.o) (__fdlib_version)
c:/st/stm32cubeide_1.7.0/stm32cubeide/plugins/com.st.stm32cube.ide.mcu.externaltools.gnu-tools-for-stm32.9-2020-q2-update.win32_2.0.0.202105311346/tools/bin/../lib/gcc/arm-none-eabi/9.3.1/../../../../arm-none-eabi/lib/thumb/v7e-m+fp/hard\libm.a(lib_a-sf_nan.o)
                              c:/st/stm32cubeide_1.7.0/stm32cubeide/plugins/com.st.stm32cube.ide.mcu.externaltools.gnu-tools-for-stm32.9-2020-q2-update.win32_2.0.0.202105311346/tools/bin/../lib/gcc/arm-none-eabi/9.3.1/../../../../arm-none-eabi/lib/thumb/v7e-m+fp/hard\libm.a(lib_a-wf_asin.o) (nanf)
[...]
Memory Configuration

Name             Origin             Length             Attributes
RAM              0x0000000020000000 0x0000000000018000 xrw
FLASH            0x0000000008000000 0x0000000000080000 xr
*default*        0x0000000000000000 0xffffffffffffffff

Linker script and memory map

LOAD c:/st/stm32cubeide_1.7.0/stm32cubeide/plugins/com.st.stm32cube.ide.mcu.externaltools.gnu-tools-for-stm32.9-2020-q2-update.win32_2.0.0.202105311346/tools/bin/../lib/gcc/arm-none-eabi/9.3.1/thumb/v7e-m+fp/hard/crti.o
LOAD c:/st/stm32cubeide_1.7.0/stm32cubeide/plugins/com.st.stm32cube.ide.mcu.externaltools.gnu-tools-for-stm32.9-2020-q2-update.win32_2.0.0.202105311346/tools/bin/../lib/gcc/arm-none-eabi/9.3.1/thumb/v7e-m+fp/hard/crtbegin.o
LOAD c:/st/stm32cubeide_1.7.0/stm32cubeide/plugins/com.st.stm32cube.ide.mcu.externaltools.gnu-tools-for-stm32.9-2020-q2-update.win32_2.0.0.202105311346/tools/bin/../lib/gcc/arm-none-eabi/9.3.1/../../../../arm-none-eabi/lib/thumb/v7e-m+fp/hard/crt0.o
LOAD ./Core/Source/App/MPU6050-App/MPU6050-App.o
LOAD ./Core/Source/App/main.o
LOAD ./Core/Source/Driver/I2CDev/I2Cdev.o
LOAD ./Core/Source/Mid/MPU6050/MPU6050.o
LOAD ./Core/Src/main.o
LOAD ./Core/Src/stm32f4xx_hal_msp.o
LOAD ./Core/Src/stm32f4xx_it.o
LOAD ./Core/Src/syscalls.o
LOAD ./Core/Src/sysmem.o
LOAD ./Core/Src/system_stm32f4xx.o
LOAD ./Core/Startup/startup_stm32f401retx.o
LOAD ./Drivers/STM32F4xx_HAL_Driver/Src/stm32f4xx_hal.o
LOAD ./Drivers/STM32F4xx_HAL_Driver/Src/stm32f4xx_hal_cortex.o
LOAD ./Drivers/STM32F4xx_HAL_Driver/Src/stm32f4xx_hal_dma.o
LOAD ./Drivers/STM32F4xx_HAL_Driver/Src/stm32f4xx_hal_dma_ex.o
LOAD ./Drivers/STM32F4xx_HAL_Driver/Src/stm32f4xx_hal_exti.o
LOAD ./Drivers/STM32F4xx_HAL_Driver/Src/stm32f4xx_hal_flash.o
LOAD ./Drivers/STM32F4xx_HAL_Driver/Src/stm32f4xx_hal_flash_ex.o
LOAD ./Drivers/STM32F4xx_HAL_Driver/Src/stm32f4xx_hal_flash_ramfunc.o
LOAD ./Drivers/STM32F4xx_HAL_Driver/Src/stm32f4xx_hal_gpio.o
LOAD ./Drivers/STM32F4xx_HAL_Driver/Src/stm32f4xx_hal_i2c.o
LOAD ./Drivers/STM32F4xx_HAL_Driver/Src/stm32f4xx_hal_i2c_ex.o
LOAD ./Drivers/STM32F4xx_HAL_Driver/Src/stm32f4xx_hal_pwr.o
LOAD ./Drivers/STM32F4xx_HAL_Driver/Src/stm32f4xx_hal_pwr_ex.o
LOAD ./Drivers/STM32F4xx_HAL_Driver/Src/stm32f4xx_hal_rcc.o
LOAD ./Drivers/STM32F4xx_HAL_Driver/Src/stm32f4xx_hal_rcc_ex.o
LOAD ./Drivers/STM32F4xx_HAL_Driver/Src/stm32f4xx_hal_tim.o
LOAD ./Drivers/STM32F4xx_HAL_Driver/Src/stm32f4xx_hal_tim_ex.o
LOAD ./Drivers/STM32F4xx_HAL_Driver/Src/stm32f4xx_hal_uart.o
START GROUP
LOAD c:/st/stm32cubeide_1.7.0/stm32cubeide/plugins/com.st.stm32cube.ide.mcu.externaltools.gnu-tools-for-stm32.9-2020-q2-update.win32_2.0.0.202105311346/tools/bin/../lib/gcc/arm-none-eabi/9.3.1/../../../../arm-none-eabi/lib/thumb/v7e-m+fp/hard\libstdc++_nano.a
LOAD c:/st/stm32cubeide_1.7.0/stm32cubeide/plugins/com.st.stm32cube.ide.mcu.externaltools.gnu-tools-for-stm32.9-2020-q2-update.win32_2.0.0.202105311346/tools/bin/../lib/gcc/arm-none-eabi/9.3.1/../../../../arm-none-eabi/lib/thumb/v7e-m+fp/hard\libsupc++_nano.a
END GROUP
LOAD c:/st/stm32cubeide_1.7.0/stm32cubeide/plugins/com.st.stm32cube.ide.mcu.externaltools.gnu-tools-for-stm32.9-2020-q2-update.win32_2.0.0.202105311346/tools/bin/../lib/gcc/arm-none-eabi/9.3.1/../../../../arm-none-eabi/lib/thumb/v7e-m+fp/hard\libstdc++_nano.a
LOAD c:/st/stm32cubeide_1.7.0/stm32cubeide/plugins/com.st.stm32cube.ide.mcu.externaltools.gnu-tools-for-stm32.9-2020-q2-update.win32_2.0.0.202105311346/tools/bin/../lib/gcc/arm-none-eabi/9.3.1/../../../../arm-none-eabi/lib/thumb/v7e-m+fp/hard\libm.a
LOAD c:/st/stm32cubeide_1.7.0/stm32cubeide/plugins/com.st.stm32cube.ide.mcu.externaltools.gnu-tools-for-stm32.9-2020-q2-update.win32_2.0.0.202105311346/tools/bin/../lib/gcc/arm-none-eabi/9.3.1/../../../../arm-none-eabi/lib/thumb/v7e-m+fp/hard\libc_nano.a
START GROUP
LOAD c:/st/stm32cubeide_1.7.0/stm32cubeide/plugins/com.st.stm32cube.ide.mcu.externaltools.gnu-tools-for-stm32.9-2020-q2-update.win32_2.0.0.202105311346/tools/bin/../lib/gcc/arm-none-eabi/9.3.1/thumb/v7e-m+fp/hard\libgcc.a
LOAD c:/st/stm32cubeide_1.7.0/stm32cubeide/plugins/com.st.stm32cube.ide.mcu.externaltools.gnu-tools-for-stm32.9-2020-q2-update.win32_2.0.0.202105311346/tools/bin/../lib/gcc/arm-none-eabi/9.3.1/../../../../arm-none-eabi/lib/thumb/v7e-m+fp/hard\libc_nano.a
END GROUP
START GROUP
LOAD c:/st/stm32cubeide_1.7.0/stm32cubeide/plugins/com.st.stm32cube.ide.mcu.externaltools.gnu-tools-for-stm32.9-2020-q2-update.win32_2.0.0.202105311346/tools/bin/../lib/gcc/arm-none-eabi/9.3.1/thumb/v7e-m+fp/hard\libgcc.a
LOAD c:/st/stm32cubeide_1.7.0/stm32cubeide/plugins/com.st.stm32cube.ide.mcu.externaltools.gnu-tools-for-stm32.9-2020-q2-update.win32_2.0.0.202105311346/tools/bin/../lib/gcc/arm-none-eabi/9.3.1/../../../../arm-none-eabi/lib/thumb/v7e-m+fp/hard\libc_nano.a
LOAD c:/st/stm32cubeide_1.7.0/stm32cubeide/plugins/com.st.stm32cube.ide.mcu.externaltools.gnu-tools-for-stm32.9-2020-q2-update.win32_2.0.0.202105311346/tools/bin/../lib/gcc/arm-none-eabi/9.3.1/../../../../arm-none-eabi/lib/thumb/v7e-m+fp/hard\libnosys.a
END GROUP
START GROUP
LOAD c:/st/stm32cubeide_1.7.0/stm32cubeide/plugins/com.st.stm32cube.ide.mcu.externaltools.gnu-tools-for-stm32.9-2020-q2-update.win32_2.0.0.202105311346/tools/bin/../lib/gcc/arm-none-eabi/9.3.1/thumb/v7e-m+fp/hard\libgcc.a
LOAD c:/st/stm32cubeide_1.7.0/stm32cubeide/plugins/com.st.stm32cube.ide.mcu.externaltools.gnu-tools-for-stm32.9-2020-q2-update.win32_2.0.0.202105311346/tools/bin/../lib/gcc/arm-none-eabi/9.3.1/../../../../arm-none-eabi/lib/thumb/v7e-m+fp/hard\libc_nano.a
LOAD c:/st/stm32cubeide_1.7.0/stm32cubeide/plugins/com.st.stm32cube.ide.mcu.externaltools.gnu-tools-for-stm32.9-2020-q2-update.win32_2.0.0.202105311346/tools/bin/../lib/gcc/arm-none-eabi/9.3.1/../../../../arm-none-eabi/lib/thumb/v7e-m+fp/hard\libnosys.a
END GROUP
LOAD c:/st/stm32cubeide_1.7.0/stm32cubeide/plugins/com.st.stm32cube.ide.mcu.externaltools.gnu-tools-for-stm32.9-2020-q2-update.win32_2.0.0.202105311346/tools/bin/../lib/gcc/arm-none-eabi/9.3.1/thumb/v7e-m+fp/hard/crtend.o
LOAD c:/st/stm32cubeide_1.7.0/stm32cubeide/plugins/com.st.stm32cube.ide.mcu.externaltools.gnu-tools-for-stm32.9-2020-q2-update.win32_2.0.0.202105311346/tools/bin/../lib/gcc/arm-none-eabi/9.3.1/thumb/v7e-m+fp/hard/crtn.o
                0x0000000020018000                _estack = (ORIGIN (RAM) + LENGTH (RAM))
                0x0000000000000200                _Min_Heap_Size = 0x200
                0x0000000000000400                _Min_Stack_Size = 0x400

.isr_vector     0x0000000008000000      0x194
                0x0000000008000000                . = ALIGN (0x4)
 *(.isr_vector)
 .isr_vector    0x0000000008000000      0x194 ./Core/Startup/startup_stm32f401retx.o
                0x0000000008000000                g_pfnVectors
                0x0000000008000194                . = ALIGN (0x4)

.text           0x00000000080001a0     0x80e8
                0x00000000080001a0                . = ALIGN (0x4)
 *(.text)
 .text          0x00000000080001a0       0x40 c:/st/stm32cubeide_1.7.0/stm32cubeide/plugins/com.st.stm32cube.ide.mcu.externaltools.gnu-tools-for-stm32.9-2020-q2-update.win32_2.0.0.202105311346/tools/bin/../lib/gcc/arm-none-eabi/9.3.1/thumb/v7e-m+fp/hard/crtbegin.o
 .text          0x00000000080001e0       0x10 c:/st/stm32cubeide_1.7.0/stm32cubeide/plugins/com.st.stm32cube.ide.mcu.externaltools.gnu-tools-for-stm32.9-2020-q2-update.win32_2.0.0.202105311346/tools/bin/../lib/gcc/arm-none-eabi/9.3.1/../../../../arm-none-eabi/lib/thumb/v7e-m+fp/hard\libc_nano.a(lib_a-strlen.o)
                0x00000000080001e0                strlen
 .text          0x00000000080001f0       0xa0 c:/st/stm32cubeide_1.7.0/stm32cubeide/plugins/com.st.stm32cube.ide.mcu.externaltools.gnu-tools-for-stm32.9-2020-q2-update.win32_2.0.0.202105311346/tools/bin/../lib/gcc/arm-none-eabi/9.3.1/../../../../arm-none-eabi/lib/thumb/v7e-m+fp/hard\libc_nano.a(lib_a-memchr.o)
                0x00000000080001f0                memchr
 .text          0x0000000008000290      0x378 c:/st/stm32cubeide_1.7.0/stm32cubeide/plugins/com.st.stm32cube.ide.mcu.externaltools.gnu-tools-for-stm32.9-2020-q2-update.win32_2.0.0.202105311346/tools/bin/../lib/gcc/arm-none-eabi/9.3.1/thumb/v7e-m+fp/hard\libgcc.a(_arm_addsubdf3.o)
                0x0000000008000290                __aeabi_drsub
                0x0000000008000298                __aeabi_dsub
                0x0000000008000298                __subdf3
                0x000000000800029c                __aeabi_dadd
                0x000000000800029c                __adddf3
                0x0000000008000514                __floatunsidf
                0x0000000008000514                __aeabi_ui2d
                0x0000000008000534                __floatsidf
                0x0000000008000534                __aeabi_i2d
                0x0000000008000558                __aeabi_f2d
                0x0000000008000558                __extendsfdf2
                0x000000000800059c                __floatundidf
                0x000000000800059c                __aeabi_ul2d
                0x00000000080005ac                __floatdidf
                0x00000000080005ac                __aeabi_l2d
 .text          0x0000000008000608      0x424 c:/st/stm32cubeide_1.7.0/stm32cubeide/plugins/com.st.stm32cube.ide.mcu.externaltools.gnu-tools-for-stm32.9-2020-q2-update.win32_2.0.0.202105311346/tools/bin/../lib/gcc/arm-none-eabi/9.3.1/thumb/v7e-m+fp/hard\libgcc.a(_arm_muldivdf3.o)
                0x0000000008000608                __aeabi_dmul
                0x0000000008000608                __muldf3
                0x000000000800085c                __divdf3
                0x000000000800085c                __aeabi_ddiv
 .text          0x0000000008000a2c      0x110 c:/st/stm32cubeide_1.7.0/stm32cubeide/plugins/com.st.stm32cube.ide.mcu.externaltools.gnu-tools-for-stm32.9-2020-q2-update.win32_2.0.0.202105311346/tools/bin/../lib/gcc/arm-none-eabi/9.3.1/thumb/v7e-m+fp/hard\libgcc.a(_arm_cmpdf2.o)
                0x0000000008000a2c                __gtdf2
                0x0000000008000a2c                __gedf2
                0x0000000008000a34                __ltdf2
                0x0000000008000a34                __ledf2
                0x0000000008000a3c                __nedf2
                0x0000000008000a3c                __eqdf2
                0x0000000008000a3c                __cmpdf2
                0x0000000008000ab8                __aeabi_cdrcmple
                0x0000000008000ac8                __aeabi_cdcmpeq
                0x0000000008000ac8                __aeabi_cdcmple
                0x0000000008000ad8                __aeabi_dcmpeq
                0x0000000008000aec                __aeabi_dcmplt
                0x0000000008000b00                __aeabi_dcmple
                0x0000000008000b14                __aeabi_dcmpge
                0x0000000008000b28                __aeabi_dcmpgt
 .text          0x0000000008000b3c       0x2c c:/st/stm32cubeide_1.7.0/stm32cubeide/plugins/com.st.stm32cube.ide.mcu.externaltools.gnu-tools-for-stm32.9-2020-q2-update.win32_2.0.0.202105311346/tools/bin/../lib/gcc/arm-none-eabi/9.3.1/thumb/v7e-m+fp/hard\libgcc.a(_arm_unorddf2.o)
                0x0000000008000b3c                __unorddf2
                0x0000000008000b3c                __aeabi_dcmpun
 .text          0x0000000008000b68       0x50 c:/st/stm32cubeide_1.7.0/stm32cubeide/plugins/com.st.stm32cube.ide.mcu.externaltools.gnu-tools-for-stm32.9-2020-q2-update.win32_2.0.0.202105311346/tools/bin/../lib/gcc/arm-none-eabi/9.3.1/thumb/v7e-m+fp/hard\libgcc.a(_arm_fixdfsi.o)
                0x0000000008000b68                __aeabi_d2iz
                0x0000000008000b68                __fixdfsi
 .text          0x0000000008000bb8       0xa0 c:/st/stm32cubeide_1.7.0/stm32cubeide/plugins/com.st.stm32cube.ide.mcu.externaltools.gnu-tools-for-stm32.9-2020-q2-update.win32_2.0.0.202105311346/tools/bin/../lib/gcc/arm-none-eabi/9.3.1/thumb/v7e-m+fp/hard\libgcc.a(_arm_truncdfsf2.o)
                0x0000000008000bb8                __truncdfsf2
                0x0000000008000bb8                __aeabi_d2f
 .text          0x0000000008000c58       0x30 c:/st/stm32cubeide_1.7.0/stm32cubeide/plugins/com.st.stm32cube.ide.mcu.externaltools.gnu-tools-for-stm32.9-2020-q2-update.win32_2.0.0.202105311346/tools/bin/../lib/gcc/arm-none-eabi/9.3.1/thumb/v7e-m+fp/hard\libgcc.a(_aeabi_uldivmod.o)
                0x0000000008000c58                __aeabi_uldivmod
 .text          0x0000000008000c88      0x2c4 c:/st/stm32cubeide_1.7.0/stm32cubeide/plugins/com.st.stm32cube.ide.mcu.externaltools.gnu-tools-for-stm32.9-2020-q2-update.win32_2.0.0.202105311346/tools/bin/../lib/gcc/arm-none-eabi/9.3.1/thumb/v7e-m+fp/hard\libgcc.a(_udivmoddi4.o)
                0x0000000008000c88                __udivmoddi4
 .text          0x0000000008000f4c        0x4 c:/st/stm32cubeide_1.7.0/stm32cubeide/plugins/com.st.stm32cube.ide.mcu.externaltools.gnu-tools-for-stm32.9-2020-q2-update.win32_2.0.0.202105311346/tools/bin/../lib/gcc/arm-none-eabi/9.3.1/thumb/v7e-m+fp/hard\libgcc.a(_dvmd_tls.o)
                0x0000000008000f4c                __aeabi_idiv0
                0x0000000008000f4c                __aeabi_ldiv0
 *(.text*)
 .text._ZN10QuaternionC2Ev
                0x0000000008000f50       0x36 ./Core/Source/App/MPU6050-App/MPU6050-App.o
                0x0000000008000f50                Quaternion::Quaternion()
                0x0000000008000f50                Quaternion::Quaternion()
 .text._ZN11VectorInt16C2Ev
                0x0000000008000f86       0x28 ./Core/Source/App/MPU6050-App/MPU6050-App.o
                0x0000000008000f86                VectorInt16::VectorInt16()
                0x0000000008000f86                VectorInt16::VectorInt16()
 .text._ZN11VectorFloatC2Ev
                0x0000000008000fae       0x2e ./Core/Source/App/MPU6050-App/MPU6050-App.o
                0x0000000008000fae                VectorFloat::VectorFloat()
                0x0000000008000fae                VectorFloat::VectorFloat()
 .text._ZN7MPU605013dmpInitializeEv
                0x0000000008000fdc      0x1dc ./Core/Source/App/MPU6050-App/MPU6050-App.o
                0x0000000008000fdc                MPU6050::dmpInitialize()
 .text._ZN7MPU605016dmpGetQuaternionEPsPKh
                0x00000000080011b8       0xa2 ./Core/Source/App/MPU6050-App/MPU6050-App.o
                0x00000000080011b8                MPU6050::dmpGetQuaternion(short*, unsigned char const*)
 *fill*         0x000000000800125a        0x2 
 .text._ZN7MPU605016dmpGetQuaternionEP10QuaternionPKh
                0x000000000800125c       0xa0 ./Core/Source/App/MPU6050-App/MPU6050-App.o
                0x000000000800125c                MPU6050::dmpGetQuaternion(Quaternion*, unsigned char const*)
 .text._ZN7MPU605020dmpGetFIFOPacketSizeEv
                0x00000000080012fc       0x18 ./Core/Source/App/MPU6050-App/MPU6050-App.o
                0x00000000080012fc                MPU6050::dmpGetFIFOPacketSize()
 .text._Z16MPU_dmpDataReadyv
                0x0000000008001314       0x18 ./Core/Source/App/MPU6050-App/MPU6050-App.o
                0x0000000008001314                MPU_dmpDataReady()
 .text._Z8MPU_InitP17I2C_HandleTypeDef
                0x000000000800132c       0x98 ./Core/Source/App/MPU6050-App/MPU6050-App.o
                0x000000000800132c                MPU_Init(I2C_HandleTypeDef*)
 .text._ZL7readDMPv
                0x00000000080013c4       0xf0 ./Core/Source/App/MPU6050-App/MPU6050-App.o
 *fill*         0x00000000080014b4        0x4 
 .text._Z15MPU_GetDMPValueR10DMP_data_t
                0x00000000080014b8      0x14c ./Core/Source/App/MPU6050-App/MPU6050-App.o
                0x00000000080014b8                MPU_GetDMPValue(DMP_data_t&)
 .text._Z41__static_initialization_and_destruction_0ii
                0x0000000008001604       0x54 ./Core/Source/App/MPU6050-App/MPU6050-App.o
 .text._GLOBAL__sub_I__ZN7MPU605013dmpInitializeEv
                0x0000000008001658       0x10 ./Core/Source/App/MPU6050-App/MPU6050-App.o
 .text.main     0x0000000008001668      0x140 ./Core/Source/App/main.o
                0x0000000008001668                main
 .text._Z18SystemClock_Configv
                0x00000000080017a8       0xec ./Core/Source/App/main.o
                0x00000000080017a8                SystemClock_Config()
 .text._Z12MX_I2C1_Initv
                0x0000000008001894       0x68 ./Core/Source/App/main.o
                0x0000000008001894                MX_I2C1_Init()
 .text._ZL12MX_I2C3_Initv
                0x00000000080018fc       0x68 ./Core/Source/App/main.o
 .text._ZL19MX_USART2_UART_Initv
                0x0000000008001964       0x5c ./Core/Source/App/main.o
 .text.HAL_GPIO_EXTI_IRQHandler
                0x00000000080019c0       0x3c ./Core/Source/App/main.o
                0x00000000080019c0                HAL_GPIO_EXTI_IRQHandler
 .text.HAL_GPIO_EXTI_Callback
                0x00000000080019fc       0x16 ./Core/Source/App/main.o
                0x00000000080019fc                HAL_GPIO_EXTI_Callback
 *fill*         0x0000000008001a12        0x2 
 .text._ZL12MX_GPIO_Initv
                0x0000000008001a14       0xc0 ./Core/Source/App/main.o
 .text.Error_Handler
                0x0000000008001ad4        0xa ./Core/Source/App/main.o
                0x0000000008001ad4                Error_Handler
 *fill*         0x0000000008001ade        0x2 
 .text._Z11I2Cdev_initP17I2C_HandleTypeDef
                0x0000000008001ae0       0x20 ./Core/Source/Driver/I2CDev/I2Cdev.o
                0x0000000008001ae0                I2Cdev_init(I2C_HandleTypeDef*)
 .text._Z14I2Cdev_readBithhhPht
                0x0000000008001b00       0x48 ./Core/Source/Driver/I2CDev/I2Cdev.o
                0x0000000008001b00                I2Cdev_readBit(unsigned char, unsigned char, unsigned char, unsigned char*, unsigned short)
 .text._Z15I2Cdev_readBitshhhhPht
                0x0000000008001b48       0x86 ./Core/Source/Driver/I2CDev/I2Cdev.o
                0x0000000008001b48                I2Cdev_readBits(unsigned char, unsigned char, unsigned char, unsigned char, unsigned char*, unsigned short)
 .text._Z15I2Cdev_readBytehhPht
                0x0000000008001bce       0x30 ./Core/Source/Driver/I2CDev/I2Cdev.o
                0x0000000008001bce                I2Cdev_readByte(unsigned char, unsigned char, unsigned char*, unsigned short)
 *fill*         0x0000000008001bfe        0x2 
 .text._Z16I2Cdev_readByteshhhPht
                0x0000000008001c00       0x7c ./Core/Source/Driver/I2CDev/I2Cdev.o
                0x0000000008001c00                I2Cdev_readBytes(unsigned char, unsigned char, unsigned char, unsigned char*, unsigned short)
 .text._Z15I2Cdev_writeBithhhh
                0x0000000008001c7c       0x80 ./Core/Source/Driver/I2CDev/I2Cdev.o
                0x0000000008001c7c                I2Cdev_writeBit(unsigned char, unsigned char, unsigned char, unsigned char)
 .text._Z16I2Cdev_writeBitshhhhh
                0x0000000008001cfc       0xae ./Core/Source/Driver/I2CDev/I2Cdev.o
                0x0000000008001cfc                I2Cdev_writeBits(unsigned char, unsigned char, unsigned char, unsigned char, unsigned char)
 .text._Z16I2Cdev_writeBytehhh
                0x0000000008001daa       0x28 ./Core/Source/Driver/I2CDev/I2Cdev.o
                0x0000000008001daa                I2Cdev_writeByte(unsigned char, unsigned char, unsigned char)
 .text._Z16I2Cdev_writeWordhht
                0x0000000008001dd2       0x28 ./Core/Source/Driver/I2CDev/I2Cdev.o
                0x0000000008001dd2                I2Cdev_writeWord(unsigned char, unsigned char, unsigned short)
 *fill*         0x0000000008001dfa        0x2 
 .text._Z17I2Cdev_writeByteshhhPh
                0x0000000008001dfc       0x58 ./Core/Source/Driver/I2CDev/I2Cdev.o
                0x0000000008001dfc                I2Cdev_writeBytes(unsigned char, unsigned char, unsigned char, unsigned char*)
 .text._Z17I2Cdev_writeWordshhhPt
                0x0000000008001e54       0xb4 ./Core/Source/Driver/I2CDev/I2Cdev.o
                0x0000000008001e54                I2Cdev_writeWords(unsigned char, unsigned char, unsigned char, unsigned short*)
 .text._ZN7MPU6050C2Ev
                0x0000000008001f08       0x1c ./Core/Source/Mid/MPU6050/MPU6050.o
                0x0000000008001f08                MPU6050::MPU6050()
                0x0000000008001f08                MPU6050::MPU6050()
 .text._ZN7MPU605010initializeEv
                0x0000000008001f24       0x30 ./Core/Source/Mid/MPU6050/MPU6050.o
                0x0000000008001f24                MPU6050::initialize()
 .text._ZN7MPU60507setRateEh
                0x0000000008001f54       0x22 ./Core/Source/Mid/MPU6050/MPU6050.o
                0x0000000008001f54                MPU6050::setRate(unsigned char)
 .text._ZN7MPU605020setExternalFrameSyncEh
                0x0000000008001f76       0x26 ./Core/Source/Mid/MPU6050/MPU6050.o
                0x0000000008001f76                MPU6050::setExternalFrameSync(unsigned char)
 .text._ZN7MPU605011setDLPFModeEh
                0x0000000008001f9c       0x26 ./Core/Source/Mid/MPU6050/MPU6050.o
                0x0000000008001f9c                MPU6050::setDLPFMode(unsigned char)
 .text._ZN7MPU605021setFullScaleGyroRangeEh
                0x0000000008001fc2       0x26 ./Core/Source/Mid/MPU6050/MPU6050.o
                0x0000000008001fc2                MPU6050::setFullScaleGyroRange(unsigned char)
 .text._ZN7MPU605022setFullScaleAccelRangeEh
                0x0000000008001fe8       0x26 ./Core/Source/Mid/MPU6050/MPU6050.o
                0x0000000008001fe8                MPU6050::setFullScaleAccelRange(unsigned char)
 .text._ZN7MPU605015setSlaveAddressEhh
                0x000000000800200e       0x3a ./Core/Source/Mid/MPU6050/MPU6050.o
                0x000000000800200e                MPU6050::setSlaveAddress(unsigned char, unsigned char)
 .text._ZN7MPU605013setIntEnabledEh
                0x0000000008002048       0x22 ./Core/Source/Mid/MPU6050/MPU6050.o
                0x0000000008002048                MPU6050::setIntEnabled(unsigned char)
 .text._ZN7MPU605012getIntStatusEv
                0x000000000800206a       0x24 ./Core/Source/Mid/MPU6050/MPU6050.o
                0x000000000800206a                MPU6050::getIntStatus()
 .text._ZN7MPU605016getAccelerationXEv
                0x000000000800208e       0x36 ./Core/Source/Mid/MPU6050/MPU6050.o
                0x000000000800208e                MPU6050::getAccelerationX()
 .text._ZN7MPU605016getAccelerationYEv
                0x00000000080020c4       0x36 ./Core/Source/Mid/MPU6050/MPU6050.o
                0x00000000080020c4                MPU6050::getAccelerationY()
 .text._ZN7MPU605016getAccelerationZEv
                0x00000000080020fa       0x36 ./Core/Source/Mid/MPU6050/MPU6050.o
                0x00000000080020fa                MPU6050::getAccelerationZ()
 .text._ZN7MPU605012getRotationXEv
                0x0000000008002130       0x36 ./Core/Source/Mid/MPU6050/MPU6050.o
                0x0000000008002130                MPU6050::getRotationX()
 .text._ZN7MPU605012getRotationYEv
                0x0000000008002166       0x36 ./Core/Source/Mid/MPU6050/MPU6050.o
                0x0000000008002166                MPU6050::getRotationY()
 .text._ZN7MPU605012getRotationZEv
                0x000000000800219c       0x36 ./Core/Source/Mid/MPU6050/MPU6050.o
                0x000000000800219c                MPU6050::getRotationZ()
 .text._ZN7MPU605014setFIFOEnabledEb
                0x00000000080021d2       0x22 ./Core/Source/Mid/MPU6050/MPU6050.o
                0x00000000080021d2                MPU6050::setFIFOEnabled(bool)
 .text._ZN7MPU605023setI2CMasterModeEnabledEb
                0x00000000080021f4       0x22 ./Core/Source/Mid/MPU6050/MPU6050.o
                0x00000000080021f4                MPU6050::setI2CMasterModeEnabled(bool)
 .text._ZN7MPU60509resetFIFOEv
                0x0000000008002216       0x1e ./Core/Source/Mid/MPU6050/MPU6050.o
                0x0000000008002216                MPU6050::resetFIFO()
 .text._ZN7MPU605014resetI2CMasterEv
                0x0000000008002234       0x1e ./Core/Source/Mid/MPU6050/MPU6050.o
                0x0000000008002234                MPU6050::resetI2CMaster()
 .text._ZN7MPU60505resetEv
                0x0000000008002252       0x1e ./Core/Source/Mid/MPU6050/MPU6050.o
                0x0000000008002252                MPU6050::reset()
 .text._ZN7MPU605015setSleepEnabledEb
                0x0000000008002270       0x22 ./Core/Source/Mid/MPU6050/MPU6050.o
                0x0000000008002270                MPU6050::setSleepEnabled(bool)
 .text._ZN7MPU605014setClockSourceEh
                0x0000000008002292       0x26 ./Core/Source/Mid/MPU6050/MPU6050.o
                0x0000000008002292                MPU6050::setClockSource(unsigned char)
 .text._ZN7MPU605012getFIFOCountEv
                0x00000000080022b8       0x38 ./Core/Source/Mid/MPU6050/MPU6050.o
                0x00000000080022b8                MPU6050::getFIFOCount()
 .text._ZN7MPU605012getFIFOBytesEPhh
                0x00000000080022f0       0x28 ./Core/Source/Mid/MPU6050/MPU6050.o
                0x00000000080022f0                MPU6050::getFIFOBytes(unsigned char*, unsigned char)
 .text._ZN7MPU605015getOTPBankValidEv
                0x0000000008002318       0x28 ./Core/Source/Mid/MPU6050/MPU6050.o
                0x0000000008002318                MPU6050::getOTPBankValid()
 .text._ZN7MPU605015setOTPBankValidEb
                0x0000000008002340       0x22 ./Core/Source/Mid/MPU6050/MPU6050.o
                0x0000000008002340                MPU6050::setOTPBankValid(bool)
 .text._ZN7MPU605016getXGyroOffsetTCEv
                0x0000000008002362       0x2e ./Core/Source/Mid/MPU6050/MPU6050.o
                0x0000000008002362                MPU6050::getXGyroOffsetTC()
 .text._ZN7MPU605016setXGyroOffsetTCEa
                0x0000000008002390       0x26 ./Core/Source/Mid/MPU6050/MPU6050.o
                0x0000000008002390                MPU6050::setXGyroOffsetTC(signed char)
 .text._ZN7MPU605016getYGyroOffsetTCEv
                0x00000000080023b6       0x2e ./Core/Source/Mid/MPU6050/MPU6050.o
                0x00000000080023b6                MPU6050::getYGyroOffsetTC()
 .text._ZN7MPU605016setYGyroOffsetTCEa
                0x00000000080023e4       0x26 ./Core/Source/Mid/MPU6050/MPU6050.o
                0x00000000080023e4                MPU6050::setYGyroOffsetTC(signed char)
 .text._ZN7MPU605016getZGyroOffsetTCEv
                0x000000000800240a       0x2e ./Core/Source/Mid/MPU6050/MPU6050.o
                0x000000000800240a                MPU6050::getZGyroOffsetTC()
 .text._ZN7MPU605016setZGyroOffsetTCEa
                0x0000000008002438       0x26 ./Core/Source/Mid/MPU6050/MPU6050.o
                0x0000000008002438                MPU6050::setZGyroOffsetTC(signed char)
 .text._ZN7MPU605015setZAccelOffsetEs
                0x000000000800245e       0x22 ./Core/Source/Mid/MPU6050/MPU6050.o
                0x000000000800245e                MPU6050::setZAccelOffset(short)
 .text._ZN7MPU605014setXGyroOffsetEs
                0x0000000008002480       0x22 ./Core/Source/Mid/MPU6050/MPU6050.o
                0x0000000008002480                MPU6050::setXGyroOffset(short)
 .text._ZN7MPU605014setYGyroOffsetEs
                0x00000000080024a2       0x22 ./Core/Source/Mid/MPU6050/MPU6050.o
                0x00000000080024a2                MPU6050::setYGyroOffset(short)
 .text._ZN7MPU605014setZGyroOffsetEs
                0x00000000080024c4       0x22 ./Core/Source/Mid/MPU6050/MPU6050.o
                0x00000000080024c4                MPU6050::setZGyroOffset(short)
 .text._ZN7MPU605013setDMPEnabledEb
                0x00000000080024e6       0x22 ./Core/Source/Mid/MPU6050/MPU6050.o
                0x00000000080024e6                MPU6050::setDMPEnabled(bool)
 .text._ZN7MPU605013setMemoryBankEhbb
                0x0000000008002508       0x54 ./Core/Source/Mid/MPU6050/MPU6050.o
                0x0000000008002508                MPU6050::setMemoryBank(unsigned char, bool, bool)
 .text._ZN7MPU605021setMemoryStartAddressEh
                0x000000000800255c       0x22 ./Core/Source/Mid/MPU6050/MPU6050.o
                0x000000000800255c                MPU6050::setMemoryStartAddress(unsigned char)
 .text._ZN7MPU605014readMemoryByteEv
                0x000000000800257e       0x24 ./Core/Source/Mid/MPU6050/MPU6050.o
                0x000000000800257e                MPU6050::readMemoryByte()
 .text._ZN7MPU605016writeMemoryBlockEPKhthhbb
                0x00000000080025a2      0x1a8 ./Core/Source/Mid/MPU6050/MPU6050.o
                0x00000000080025a2                MPU6050::writeMemoryBlock(unsigned char const*, unsigned short, unsigned char, unsigned char, bool, bool)
 .text._ZN7MPU605020writeProgMemoryBlockEPKhthhb
                0x000000000800274a       0x3a ./Core/Source/Mid/MPU6050/MPU6050.o
                0x000000000800274a                MPU6050::writeProgMemoryBlock(unsigned char const*, unsigned short, unsigned char, unsigned char, bool)
 .text._ZN7MPU605024writeDMPConfigurationSetEPKhtb
                0x0000000008002784      0x18c ./Core/Source/Mid/MPU6050/MPU6050.o
                0x0000000008002784                MPU6050::writeDMPConfigurationSet(unsigned char const*, unsigned short, bool)
 .text._ZN7MPU605028writeProgDMPConfigurationSetEPKht
                0x0000000008002910       0x24 ./Core/Source/Mid/MPU6050/MPU6050.o
                0x0000000008002910                MPU6050::writeProgDMPConfigurationSet(unsigned char const*, unsigned short)
 .text._ZN7MPU605013setDMPConfig1Eh
                0x0000000008002934       0x22 ./Core/Source/Mid/MPU6050/MPU6050.o
                0x0000000008002934                MPU6050::setDMPConfig1(unsigned char)
 .text._ZN7MPU605013setDMPConfig2Eh
                0x0000000008002956       0x22 ./Core/Source/Mid/MPU6050/MPU6050.o
                0x0000000008002956                MPU6050::setDMPConfig2(unsigned char)
 .text.HAL_MspInit
                0x0000000008002978       0x50 ./Core/Src/stm32f4xx_hal_msp.o
                0x0000000008002978                HAL_MspInit
 .text.HAL_I2C_MspInit
                0x00000000080029c8       0x90 ./Core/Src/stm32f4xx_hal_msp.o
                0x00000000080029c8                HAL_I2C_MspInit
 .text.HAL_UART_MspInit
                0x0000000008002a58       0x90 ./Core/Src/stm32f4xx_hal_msp.o
                0x0000000008002a58                HAL_UART_MspInit
 .text.NMI_Handler
                0x0000000008002ae8        0x6 ./Core/Src/stm32f4xx_it.o
                0x0000000008002ae8                NMI_Handler
 .text.HardFault_Handler
                0x0000000008002aee        0x6 ./Core/Src/stm32f4xx_it.o
                0x0000000008002aee                HardFault_Handler
 .text.MemManage_Handler
                0x0000000008002af4        0x6 ./Core/Src/stm32f4xx_it.o
                0x0000000008002af4                MemManage_Handler
 .text.BusFault_Handler
                0x0000000008002afa        0x6 ./Core/Src/stm32f4xx_it.o
                0x0000000008002afa                BusFault_Handler
 .text.UsageFault_Handler
                0x0000000008002b00        0x6 ./Core/Src/stm32f4xx_it.o
                0x0000000008002b00                UsageFault_Handler
 .text.SVC_Handler
                0x0000000008002b06        0xe ./Core/Src/stm32f4xx_it.o
                0x0000000008002b06                SVC_Handler
 .text.DebugMon_Handler
                0x0000000008002b14        0xe ./Core/Src/stm32f4xx_it.o
                0x0000000008002b14                DebugMon_Handler
 .text.PendSV_Handler
                0x0000000008002b22        0xe ./Core/Src/stm32f4xx_it.o
                0x0000000008002b22                PendSV_Handler
 .text.SysTick_Handler
                0x0000000008002b30        0xc ./Core/Src/stm32f4xx_it.o
                0x0000000008002b30                SysTick_Handler
 .text.EXTI9_5_IRQHandler
                0x0000000008002b3c        0xe ./Core/Src/stm32f4xx_it.o
                0x0000000008002b3c                EXTI9_5_IRQHandler
 .text._getpid  0x0000000008002b4a       0x10 ./Core/Src/syscalls.o
                0x0000000008002b4a                _getpid
 .text._kill    0x0000000008002b5a       0x20 ./Core/Src/syscalls.o
                0x0000000008002b5a                _kill
 .text._exit    0x0000000008002b7a       0x14 ./Core/Src/syscalls.o
                0x0000000008002b7a                _exit
 .text._read    0x0000000008002b8e       0x3a ./Core/Src/syscalls.o
                0x0000000008002b8e                _read
 .text._write   0x0000000008002bc8       0x38 ./Core/Src/syscalls.o
                0x0000000008002bc8                _write
 .text._close   0x0000000008002c00       0x18 ./Core/Src/syscalls.o
                0x0000000008002c00                _close
 .text._fstat   0x0000000008002c18       0x20 ./Core/Src/syscalls.o
                0x0000000008002c18                _fstat
 .text._isatty  0x0000000008002c38       0x16 ./Core/Src/syscalls.o
                0x0000000008002c38                _isatty
 .text._lseek   0x0000000008002c4e       0x1a ./Core/Src/syscalls.o
                0x0000000008002c4e                _lseek
 .text._sbrk    0x0000000008002c68       0x6c ./Core/Src/sysmem.o
                0x0000000008002c68                _sbrk
 .text.SystemInit
                0x0000000008002cd4       0x24 ./Core/Src/system_stm32f4xx.o
                0x0000000008002cd4                SystemInit
 .text.Reset_Handler
                0x0000000008002cf8       0x50 ./Core/Startup/startup_stm32f401retx.o
                0x0000000008002cf8                Reset_Handler
 .text.Default_Handler
                0x0000000008002d48        0x2 ./Core/Startup/startup_stm32f401retx.o
                0x0000000008002d48                RTC_Alarm_IRQHandler
                0x0000000008002d48                EXTI2_IRQHandler
                0x0000000008002d48                SPI4_IRQHandler
                0x0000000008002d48                TIM1_CC_IRQHandler
                0x0000000008002d48                DMA2_Stream5_IRQHandler
                0x0000000008002d48                DMA1_Stream5_IRQHandler
                0x0000000008002d48                PVD_IRQHandler
                0x0000000008002d48                SDIO_IRQHandler
                0x0000000008002d48                TAMP_STAMP_IRQHandler
                0x0000000008002d48                EXTI3_IRQHandler
                0x0000000008002d48                TIM1_UP_TIM10_IRQHandler
                0x0000000008002d48                I2C3_ER_IRQHandler
                0x0000000008002d48                EXTI0_IRQHandler
                0x0000000008002d48                I2C2_EV_IRQHandler
                0x0000000008002d48                DMA1_Stream2_IRQHandler
                0x0000000008002d48                FPU_IRQHandler
                0x0000000008002d48                DMA2_Stream2_IRQHandler
                0x0000000008002d48                SPI1_IRQHandler
                0x0000000008002d48                TIM1_BRK_TIM9_IRQHandler
                0x0000000008002d48                DMA2_Stream3_IRQHandler
                0x0000000008002d48                USART6_IRQHandler
                0x0000000008002d48                DMA2_Stream0_IRQHandler
                0x0000000008002d48                TIM4_IRQHandler
                0x0000000008002d48                I2C1_EV_IRQHandler
                0x0000000008002d48                DMA1_Stream6_IRQHandler
                0x0000000008002d48                DMA1_Stream1_IRQHandler
                0x0000000008002d48                TIM3_IRQHandler
                0x0000000008002d48                RCC_IRQHandler
                0x0000000008002d48                Default_Handler
                0x0000000008002d48                EXTI15_10_IRQHandler
                0x0000000008002d48                ADC_IRQHandler
                0x0000000008002d48                DMA1_Stream7_IRQHandler
                0x0000000008002d48                TIM5_IRQHandler
                0x0000000008002d48                DMA2_Stream7_IRQHandler
                0x0000000008002d48                I2C3_EV_IRQHandler
                0x0000000008002d48                RTC_WKUP_IRQHandler
                0x0000000008002d48                SPI2_IRQHandler
                0x0000000008002d48                DMA1_Stream0_IRQHandler
                0x0000000008002d48                EXTI4_IRQHandler
                0x0000000008002d48                WWDG_IRQHandler
                0x0000000008002d48                TIM2_IRQHandler
                0x0000000008002d48                OTG_FS_WKUP_IRQHandler
                0x0000000008002d48                TIM1_TRG_COM_TIM11_IRQHandler
                0x0000000008002d48                EXTI1_IRQHandler
                0x0000000008002d48                USART2_IRQHandler
                0x0000000008002d48                I2C2_ER_IRQHandler
                0x0000000008002d48                DMA2_Stream1_IRQHandler
                0x0000000008002d48                FLASH_IRQHandler
                0x0000000008002d48                DMA2_Stream4_IRQHandler
                0x0000000008002d48                USART1_IRQHandler
                0x0000000008002d48                OTG_FS_IRQHandler
                0x0000000008002d48                SPI3_IRQHandler
                0x0000000008002d48                DMA1_Stream4_IRQHandler
                0x0000000008002d48                I2C1_ER_IRQHandler
                0x0000000008002d48                DMA2_Stream6_IRQHandler
                0x0000000008002d48                DMA1_Stream3_IRQHandler
 *fill*         0x0000000008002d4a        0x2 
 .text.HAL_Init
                0x0000000008002d4c       0x44 ./Drivers/STM32F4xx_HAL_Driver/Src/stm32f4xx_hal.o
                0x0000000008002d4c                HAL_Init
 .text.HAL_InitTick
                0x0000000008002d90       0x60 ./Drivers/STM32F4xx_HAL_Driver/Src/stm32f4xx_hal.o
                0x0000000008002d90                HAL_InitTick
 .text.HAL_IncTick
                0x0000000008002df0       0x28 ./Drivers/STM32F4xx_HAL_Driver/Src/stm32f4xx_hal.o
                0x0000000008002df0                HAL_IncTick
 .text.HAL_GetTick
                0x0000000008002e18       0x18 ./Drivers/STM32F4xx_HAL_Driver/Src/stm32f4xx_hal.o
                0x0000000008002e18                HAL_GetTick
 .text.HAL_Delay
                0x0000000008002e30       0x48 ./Drivers/STM32F4xx_HAL_Driver/Src/stm32f4xx_hal.o
                0x0000000008002e30                HAL_Delay
 .text.__NVIC_SetPriorityGrouping
                0x0000000008002e78       0x48 ./Drivers/STM32F4xx_HAL_Driver/Src/stm32f4xx_hal_cortex.o
 .text.__NVIC_GetPriorityGrouping
                0x0000000008002ec0       0x1c ./Drivers/STM32F4xx_HAL_Driver/Src/stm32f4xx_hal_cortex.o
 .text.__NVIC_EnableIRQ
                0x0000000008002edc       0x3c ./Drivers/STM32F4xx_HAL_Driver/Src/stm32f4xx_hal_cortex.o
 .text.__NVIC_SetPriority
                0x0000000008002f18       0x54 ./Drivers/STM32F4xx_HAL_Driver/Src/stm32f4xx_hal_cortex.o
 .text.NVIC_EncodePriority
                0x0000000008002f6c       0x66 ./Drivers/STM32F4xx_HAL_Driver/Src/stm32f4xx_hal_cortex.o
 *fill*         0x0000000008002fd2        0x2 
 .text.SysTick_Config
                0x0000000008002fd4       0x44 ./Drivers/STM32F4xx_HAL_Driver/Src/stm32f4xx_hal_cortex.o
 .text.HAL_NVIC_SetPriorityGrouping
                0x0000000008003018       0x16 ./Drivers/STM32F4xx_HAL_Driver/Src/stm32f4xx_hal_cortex.o
                0x0000000008003018                HAL_NVIC_SetPriorityGrouping
 .text.HAL_NVIC_SetPriority
                0x000000000800302e       0x38 ./Drivers/STM32F4xx_HAL_Driver/Src/stm32f4xx_hal_cortex.o
                0x000000000800302e                HAL_NVIC_SetPriority
 .text.HAL_NVIC_EnableIRQ
                0x0000000008003066       0x1c ./Drivers/STM32F4xx_HAL_Driver/Src/stm32f4xx_hal_cortex.o
                0x0000000008003066                HAL_NVIC_EnableIRQ
 .text.HAL_SYSTICK_Config
                0x0000000008003082       0x18 ./Drivers/STM32F4xx_HAL_Driver/Src/stm32f4xx_hal_cortex.o
                0x0000000008003082                HAL_SYSTICK_Config
 *fill*         0x000000000800309a        0x2 
 .text.HAL_GPIO_Init
                0x000000000800309c      0x308 ./Drivers/STM32F4xx_HAL_Driver/Src/stm32f4xx_hal_gpio.o
                0x000000000800309c                HAL_GPIO_Init
 .text.HAL_I2C_Init
                0x00000000080033a4      0x288 ./Drivers/STM32F4xx_HAL_Driver/Src/stm32f4xx_hal_i2c.o
                0x00000000080033a4                HAL_I2C_Init
 .text.HAL_I2C_Master_Transmit
                0x000000000800362c      0x1fc ./Drivers/STM32F4xx_HAL_Driver/Src/stm32f4xx_hal_i2c.o
                0x000000000800362c                HAL_I2C_Master_Transmit
 .text.HAL_I2C_Master_Receive
                0x0000000008003828      0x44c ./Drivers/STM32F4xx_HAL_Driver/Src/stm32f4xx_hal_i2c.o
                0x0000000008003828                HAL_I2C_Master_Receive
 .text.HAL_I2C_Mem_Write
                0x0000000008003c74      0x1f4 ./Drivers/STM32F4xx_HAL_Driver/Src/stm32f4xx_hal_i2c.o
                0x0000000008003c74                HAL_I2C_Mem_Write
 .text.I2C_MasterRequestWrite
                0x0000000008003e68      0x104 ./Drivers/STM32F4xx_HAL_Driver/Src/stm32f4xx_hal_i2c.o
 .text.I2C_MasterRequestRead
                0x0000000008003f6c      0x19c ./Drivers/STM32F4xx_HAL_Driver/Src/stm32f4xx_hal_i2c.o
 .text.I2C_RequestMemoryWrite
                0x0000000008004108      0x12c ./Drivers/STM32F4xx_HAL_Driver/Src/stm32f4xx_hal_i2c.o
 .text.I2C_WaitOnFlagUntilTimeout
                0x0000000008004234       0xae ./Drivers/STM32F4xx_HAL_Driver/Src/stm32f4xx_hal_i2c.o
 .text.I2C_WaitOnMasterAddressFlagUntilTimeout
                0x00000000080042e2       0xfe ./Drivers/STM32F4xx_HAL_Driver/Src/stm32f4xx_hal_i2c.o
 .text.I2C_WaitOnTXEFlagUntilTimeout
                0x00000000080043e0       0x82 ./Drivers/STM32F4xx_HAL_Driver/Src/stm32f4xx_hal_i2c.o
 .text.I2C_WaitOnBTFFlagUntilTimeout
                0x0000000008004462       0x82 ./Drivers/STM32F4xx_HAL_Driver/Src/stm32f4xx_hal_i2c.o
 .text.I2C_WaitOnRXNEFlagUntilTimeout
                0x00000000080044e4       0xac ./Drivers/STM32F4xx_HAL_Driver/Src/stm32f4xx_hal_i2c.o
 .text.I2C_IsAcknowledgeFailed
                0x0000000008004590       0x5e ./Drivers/STM32F4xx_HAL_Driver/Src/stm32f4xx_hal_i2c.o
 *fill*         0x00000000080045ee        0x2 
 .text.HAL_RCC_OscConfig
                0x00000000080045f0      0x4f0 ./Drivers/STM32F4xx_HAL_Driver/Src/stm32f4xx_hal_rcc.o
                0x00000000080045f0                HAL_RCC_OscConfig
 .text.HAL_RCC_ClockConfig
                0x0000000008004ae0      0x1cc ./Drivers/STM32F4xx_HAL_Driver/Src/stm32f4xx_hal_rcc.o
                0x0000000008004ae0                HAL_RCC_ClockConfig
 .text.HAL_RCC_GetSysClockFreq
                0x0000000008004cac      0x16c ./Drivers/STM32F4xx_HAL_Driver/Src/stm32f4xx_hal_rcc.o
                0x0000000008004cac                HAL_RCC_GetSysClockFreq
 .text.HAL_RCC_GetHCLKFreq
                0x0000000008004e18       0x18 ./Drivers/STM32F4xx_HAL_Driver/Src/stm32f4xx_hal_rcc.o
                0x0000000008004e18                HAL_RCC_GetHCLKFreq
 .text.HAL_RCC_GetPCLK1Freq
                0x0000000008004e30       0x28 ./Drivers/STM32F4xx_HAL_Driver/Src/stm32f4xx_hal_rcc.o
                0x0000000008004e30                HAL_RCC_GetPCLK1Freq
 .text.HAL_RCC_GetPCLK2Freq
                0x0000000008004e58       0x28 ./Drivers/STM32F4xx_HAL_Driver/Src/stm32f4xx_hal_rcc.o
                0x0000000008004e58                HAL_RCC_GetPCLK2Freq
 .text.HAL_UART_Init
                0x0000000008004e80       0x9a ./Drivers/STM32F4xx_HAL_Driver/Src/stm32f4xx_hal_uart.o
                0x0000000008004e80                HAL_UART_Init
 .text.HAL_UART_Transmit
                0x0000000008004f1a      0x124 ./Drivers/STM32F4xx_HAL_Driver/Src/stm32f4xx_hal_uart.o
                0x0000000008004f1a                HAL_UART_Transmit
 .text.UART_WaitOnFlagUntilTimeout
                0x000000000800503e       0xdc ./Drivers/STM32F4xx_HAL_Driver/Src/stm32f4xx_hal_uart.o
 *fill*         0x000000000800511a        0x2 
 .text.UART_SetConfig
                0x000000000800511c      0x390 ./Drivers/STM32F4xx_HAL_Driver/Src/stm32f4xx_hal_uart.o
 .text.__errno  0x00000000080054ac        0xc c:/st/stm32cubeide_1.7.0/stm32cubeide/plugins/com.st.stm32cube.ide.mcu.externaltools.gnu-tools-for-stm32.9-2020-q2-update.win32_2.0.0.202105311346/tools/bin/../lib/gcc/arm-none-eabi/9.3.1/../../../../arm-none-eabi/lib/thumb/v7e-m+fp/hard\libc_nano.a(lib_a-errno.o)
                0x00000000080054ac                __errno
 .text.__libc_init_array
                0x00000000080054b8       0x48 c:/st/stm32cubeide_1.7.0/stm32cubeide/plugins/com.st.stm32cube.ide.mcu.externaltools.gnu-tools-for-stm32.9-2020-q2-update.win32_2.0.0.202105311346/tools/bin/../lib/gcc/arm-none-eabi/9.3.1/../../../../arm-none-eabi/lib/thumb/v7e-m+fp/hard\libc_nano.a(lib_a-init.o)
                0x00000000080054b8                __libc_init_array
 .text.malloc   0x0000000008005500       0x10 c:/st/stm32cubeide_1.7.0/stm32cubeide/plugins/com.st.stm32cube.ide.mcu.externaltools.gnu-tools-for-stm32.9-2020-q2-update.win32_2.0.0.202105311346/tools/bin/../lib/gcc/arm-none-eabi/9.3.1/../../../../arm-none-eabi/lib/thumb/v7e-m+fp/hard\libc_nano.a(lib_a-malloc.o)
                0x0000000008005500                malloc
 .text.free     0x0000000008005510       0x10 c:/st/stm32cubeide_1.7.0/stm32cubeide/plugins/com.st.stm32cube.ide.mcu.externaltools.gnu-tools-for-stm32.9-2020-q2-update.win32_2.0.0.202105311346/tools/bin/../lib/gcc/arm-none-eabi/9.3.1/../../../../arm-none-eabi/lib/thumb/v7e-m+fp/hard\libc_nano.a(lib_a-malloc.o)
                0x0000000008005510                free
 .text.memcmp   0x0000000008005520       0x1c c:/st/stm32cubeide_1.7.0/stm32cubeide/plugins/com.st.stm32cube.ide.mcu.externaltools.gnu-tools-for-stm32.9-2020-q2-update.win32_2.0.0.202105311346/tools/bin/../lib/gcc/arm-none-eabi/9.3.1/../../../../arm-none-eabi/lib/thumb/v7e-m+fp/hard\libc_nano.a(lib_a-memcmp.o)
                0x0000000008005520                memcmp
 .text.memcpy   0x000000000800553c       0x1c c:/st/stm32cubeide_1.7.0/stm32cubeide/plugins/com.st.stm32cube.ide.mcu.externaltools.gnu-tools-for-stm32.9-2020-q2-update.win32_2.0.0.202105311346/tools/bin/../lib/gcc/arm-none-eabi/9.3.1/../../../../arm-none-eabi/lib/thumb/v7e-m+fp/hard\libc_nano.a(lib_a-memcpy-stub.o)
                0x000000000800553c                memcpy
 .text.memset   0x0000000008005558       0x10 c:/st/stm32cubeide_1.7.0/stm32cubeide/plugins/com.st.stm32cube.ide.mcu.externaltools.gnu-tools-for-stm32.9-2020-q2-update.win32_2.0.0.202105311346/tools/bin/../lib/gcc/arm-none-eabi/9.3.1/../../../../arm-none-eabi/lib/thumb/v7e-m+fp/hard\libc_nano.a(lib_a-memset.o)
                0x0000000008005558                memset
 .text._free_r  0x0000000008005568       0xa0 c:/st/stm32cubeide_1.7.0/stm32cubeide/plugins/com.st.stm32cube.ide.mcu.externaltools.gnu-tools-for-stm32.9-2020-q2-update.win32_2.0.0.202105311346/tools/bin/../lib/gcc/arm-none-eabi/9.3.1/../../../../arm-none-eabi/lib/thumb/v7e-m+fp/hard\libc_nano.a(lib_a-nano-freer.o)
                0x0000000008005568                _free_r
 .text._malloc_r
                0x0000000008005608       0xb4 c:/st/stm32cubeide_1.7.0/stm32cubeide/plugins/com.st.stm32cube.ide.mcu.externaltools.gnu-tools-for-stm32.9-2020-q2-update.win32_2.0.0.202105311346/tools/bin/../lib/gcc/arm-none-eabi/9.3.1/../../../../arm-none-eabi/lib/thumb/v7e-m+fp/hard\libc_nano.a(lib_a-nano-mallocr.o)
                0x0000000008005608                _malloc_r
 .text.__cvt    0x00000000080056bc       0xc4 c:/st/stm32cubeide_1.7.0/stm32cubeide/plugins/com.st.stm32cube.ide.mcu.externaltools.gnu-tools-for-stm32.9-2020-q2-update.win32_2.0.0.202105311346/tools/bin/../lib/gcc/arm-none-eabi/9.3.1/../../../../arm-none-eabi/lib/thumb/v7e-m+fp/hard\libc_nano.a(lib_a-nano-vfprintf_float.o)
                0x00000000080056bc                __cvt
 .text.__exponent
                0x0000000008005780       0x7c c:/st/stm32cubeide_1.7.0/stm32cubeide/plugins/com.st.stm32cube.ide.mcu.externaltools.gnu-tools-for-stm32.9-2020-q2-update.win32_2.0.0.202105311346/tools/bin/../lib/gcc/arm-none-eabi/9.3.1/../../../../arm-none-eabi/lib/thumb/v7e-m+fp/hard\libc_nano.a(lib_a-nano-vfprintf_float.o)
                0x0000000008005780                __exponent
 .text._printf_float
                0x00000000080057fc      0x46c c:/st/stm32cubeide_1.7.0/stm32cubeide/plugins/com.st.stm32cube.ide.mcu.externaltools.gnu-tools-for-stm32.9-2020-q2-update.win32_2.0.0.202105311346/tools/bin/../lib/gcc/arm-none-eabi/9.3.1/../../../../arm-none-eabi/lib/thumb/v7e-m+fp/hard\libc_nano.a(lib_a-nano-vfprintf_float.o)
                0x00000000080057fc                _printf_float
 .text._printf_common
                0x0000000008005c68       0xda c:/st/stm32cubeide_1.7.0/stm32cubeide/plugins/com.st.stm32cube.ide.mcu.externaltools.gnu-tools-for-stm32.9-2020-q2-update.win32_2.0.0.202105311346/tools/bin/../lib/gcc/arm-none-eabi/9.3.1/../../../../arm-none-eabi/lib/thumb/v7e-m+fp/hard\libc_nano.a(lib_a-nano-vfprintf_i.o)
                0x0000000008005c68                _printf_common
 *fill*         0x0000000008005d42        0x2 
 .text._printf_i
                0x0000000008005d44      0x24c c:/st/stm32cubeide_1.7.0/stm32cubeide/plugins/com.st.stm32cube.ide.mcu.externaltools.gnu-tools-for-stm32.9-2020-q2-update.win32_2.0.0.202105311346/tools/bin/../lib/gcc/arm-none-eabi/9.3.1/../../../../arm-none-eabi/lib/thumb/v7e-m+fp/hard\libc_nano.a(lib_a-nano-vfprintf_i.o)
                0x0000000008005d44                _printf_i
 .text.realloc  0x0000000008005f90       0x10 c:/st/stm32cubeide_1.7.0/stm32cubeide/plugins/com.st.stm32cube.ide.mcu.externaltools.gnu-tools-for-stm32.9-2020-q2-update.win32_2.0.0.202105311346/tools/bin/../lib/gcc/arm-none-eabi/9.3.1/../../../../arm-none-eabi/lib/thumb/v7e-m+fp/hard\libc_nano.a(lib_a-realloc.o)
                0x0000000008005f90                realloc
 .text._sbrk_r  0x0000000008005fa0       0x20 c:/st/stm32cubeide_1.7.0/stm32cubeide/plugins/com.st.stm32cube.ide.mcu.externaltools.gnu-tools-for-stm32.9-2020-q2-update.win32_2.0.0.202105311346/tools/bin/../lib/gcc/arm-none-eabi/9.3.1/../../../../arm-none-eabi/lib/thumb/v7e-m+fp/hard\libc_nano.a(lib_a-sbrkr.o)
                0x0000000008005fa0                _sbrk_r
 .text.sprintf  0x0000000008005fc0       0x40 c:/st/stm32cubeide_1.7.0/stm32cubeide/plugins/com.st.stm32cube.ide.mcu.externaltools.gnu-tools-for-stm32.9-2020-q2-update.win32_2.0.0.202105311346/tools/bin/../lib/gcc/arm-none-eabi/9.3.1/../../../../arm-none-eabi/lib/thumb/v7e-m+fp/hard\libc_nano.a(lib_a-sprintf.o)
                0x0000000008005fc0                siprintf
                0x0000000008005fc0                sprintf
 .text.quorem   0x0000000008006000      0x116 c:/st/stm32cubeide_1.7.0/stm32cubeide/plugins/com.st.stm32cube.ide.mcu.externaltools.gnu-tools-for-stm32.9-2020-q2-update.win32_2.0.0.202105311346/tools/bin/../lib/gcc/arm-none-eabi/9.3.1/../../../../arm-none-eabi/lib/thumb/v7e-m+fp/hard\libc_nano.a(lib_a-dtoa.o)
 *fill*         0x0000000008006116        0x2 
 .text._dtoa_r  0x0000000008006118      0xbd8 c:/st/stm32cubeide_1.7.0/stm32cubeide/plugins/com.st.stm32cube.ide.mcu.externaltools.gnu-tools-for-stm32.9-2020-q2-update.win32_2.0.0.202105311346/tools/bin/../lib/gcc/arm-none-eabi/9.3.1/../../../../arm-none-eabi/lib/thumb/v7e-m+fp/hard\libc_nano.a(lib_a-dtoa.o)
                0x0000000008006118                _dtoa_r
 .text._localeconv_r
                0x0000000008006cf0        0x8 c:/st/stm32cubeide_1.7.0/stm32cubeide/plugins/com.st.stm32cube.ide.mcu.externaltools.gnu-tools-for-stm32.9-2020-q2-update.win32_2.0.0.202105311346/tools/bin/../lib/gcc/arm-none-eabi/9.3.1/../../../../arm-none-eabi/lib/thumb/v7e-m+fp/hard\libc_nano.a(lib_a-localeconv.o)
                0x0000000008006cf0                _localeconv_r
 .text.__malloc_lock
                0x0000000008006cf8        0xc c:/st/stm32cubeide_1.7.0/stm32cubeide/plugins/com.st.stm32cube.ide.mcu.externaltools.gnu-tools-for-stm32.9-2020-q2-update.win32_2.0.0.202105311346/tools/bin/../lib/gcc/arm-none-eabi/9.3.1/../../../../arm-none-eabi/lib/thumb/v7e-m+fp/hard\libc_nano.a(lib_a-mlock.o)
                0x0000000008006cf8                __malloc_lock
 .text.__malloc_unlock
                0x0000000008006d04        0xc c:/st/stm32cubeide_1.7.0/stm32cubeide/plugins/com.st.stm32cube.ide.mcu.externaltools.gnu-tools-for-stm32.9-2020-q2-update.win32_2.0.0.202105311346/tools/bin/../lib/gcc/arm-none-eabi/9.3.1/../../../../arm-none-eabi/lib/thumb/v7e-m+fp/hard\libc_nano.a(lib_a-mlock.o)
                0x0000000008006d04                __malloc_unlock
 .text._Balloc  0x0000000008006d10       0x80 c:/st/stm32cubeide_1.7.0/stm32cubeide/plugins/com.st.stm32cube.ide.mcu.externaltools.gnu-tools-for-stm32.9-2020-q2-update.win32_2.0.0.202105311346/tools/bin/../lib/gcc/arm-none-eabi/9.3.1/../../../../arm-none-eabi/lib/thumb/v7e-m+fp/hard\libc_nano.a(lib_a-mprec.o)
                0x0000000008006d10                _Balloc
 .text._Bfree   0x0000000008006d90       0x44 c:/st/stm32cubeide_1.7.0/stm32cubeide/plugins/com.st.stm32cube.ide.mcu.externaltools.gnu-tools-for-stm32.9-2020-q2-update.win32_2.0.0.202105311346/tools/bin/../lib/gcc/arm-none-eabi/9.3.1/../../../../arm-none-eabi/lib/thumb/v7e-m+fp/hard\libc_nano.a(lib_a-mprec.o)
                0x0000000008006d90                _Bfree
 .text.__multadd
                0x0000000008006dd4       0x94 c:/st/stm32cubeide_1.7.0/stm32cubeide/plugins/com.st.stm32cube.ide.mcu.externaltools.gnu-tools-for-stm32.9-2020-q2-update.win32_2.0.0.202105311346/tools/bin/../lib/gcc/arm-none-eabi/9.3.1/../../../../arm-none-eabi/lib/thumb/v7e-m+fp/hard\libc_nano.a(lib_a-mprec.o)
                0x0000000008006dd4                __multadd
 .text.__hi0bits
                0x0000000008006e68       0x40 c:/st/stm32cubeide_1.7.0/stm32cubeide/plugins/com.st.stm32cube.ide.mcu.externaltools.gnu-tools-for-stm32.9-2020-q2-update.win32_2.0.0.202105311346/tools/bin/../lib/gcc/arm-none-eabi/9.3.1/../../../../arm-none-eabi/lib/thumb/v7e-m+fp/hard\libc_nano.a(lib_a-mprec.o)
                0x0000000008006e68                __hi0bits
 .text.__lo0bits
                0x0000000008006ea8       0x60 c:/st/stm32cubeide_1.7.0/stm32cubeide/plugins/com.st.stm32cube.ide.mcu.externaltools.gnu-tools-for-stm32.9-2020-q2-update.win32_2.0.0.202105311346/tools/bin/../lib/gcc/arm-none-eabi/9.3.1/../../../../arm-none-eabi/lib/thumb/v7e-m+fp/hard\libc_nano.a(lib_a-mprec.o)
                0x0000000008006ea8                __lo0bits
 .text.__i2b    0x0000000008006f08       0x2c c:/st/stm32cubeide_1.7.0/stm32cubeide/plugins/com.st.stm32cube.ide.mcu.externaltools.gnu-tools-for-stm32.9-2020-q2-update.win32_2.0.0.202105311346/tools/bin/../lib/gcc/arm-none-eabi/9.3.1/../../../../arm-none-eabi/lib/thumb/v7e-m+fp/hard\libc_nano.a(lib_a-mprec.o)
                0x0000000008006f08                __i2b
 .text.__multiply
                0x0000000008006f34      0x14c c:/st/stm32cubeide_1.7.0/stm32cubeide/plugins/com.st.stm32cube.ide.mcu.externaltools.gnu-tools-for-stm32.9-2020-q2-update.win32_2.0.0.202105311346/tools/bin/../lib/gcc/arm-none-eabi/9.3.1/../../../../arm-none-eabi/lib/thumb/v7e-m+fp/hard\libc_nano.a(lib_a-mprec.o)
                0x0000000008006f34                __multiply
 .text.__pow5mult
                0x0000000008007080       0xb4 c:/st/stm32cubeide_1.7.0/stm32cubeide/plugins/com.st.stm32cube.ide.mcu.externaltools.gnu-tools-for-stm32.9-2020-q2-update.win32_2.0.0.202105311346/tools/bin/../lib/gcc/arm-none-eabi/9.3.1/../../../../arm-none-eabi/lib/thumb/v7e-m+fp/hard\libc_nano.a(lib_a-mprec.o)
                0x0000000008007080                __pow5mult
 .text.__lshift
                0x0000000008007134       0xd8 c:/st/stm32cubeide_1.7.0/stm32cubeide/plugins/com.st.stm32cube.ide.mcu.externaltools.gnu-tools-for-stm32.9-2020-q2-update.win32_2.0.0.202105311346/tools/bin/../lib/gcc/arm-none-eabi/9.3.1/../../../../arm-none-eabi/lib/thumb/v7e-m+fp/hard\libc_nano.a(lib_a-mprec.o)
                0x0000000008007134                __lshift
 .text.__mcmp   0x000000000800720c       0x38 c:/st/stm32cubeide_1.7.0/stm32cubeide/plugins/com.st.stm32cube.ide.mcu.externaltools.gnu-tools-for-stm32.9-2020-q2-update.win32_2.0.0.202105311346/tools/bin/../lib/gcc/arm-none-eabi/9.3.1/../../../../arm-none-eabi/lib/thumb/v7e-m+fp/hard\libc_nano.a(lib_a-mprec.o)
                0x000000000800720c                __mcmp
 .text.__mdiff  0x0000000008007244      0x110 c:/st/stm32cubeide_1.7.0/stm32cubeide/plugins/com.st.stm32cube.ide.mcu.externaltools.gnu-tools-for-stm32.9-2020-q2-update.win32_2.0.0.202105311346/tools/bin/../lib/gcc/arm-none-eabi/9.3.1/../../../../arm-none-eabi/lib/thumb/v7e-m+fp/hard\libc_nano.a(lib_a-mprec.o)
                0x0000000008007244                __mdiff
 .text.__d2b    0x0000000008007354       0xb8 c:/st/stm32cubeide_1.7.0/stm32cubeide/plugins/com.st.stm32cube.ide.mcu.externaltools.gnu-tools-for-stm32.9-2020-q2-update.win32_2.0.0.202105311346/tools/bin/../lib/gcc/arm-none-eabi/9.3.1/../../../../arm-none-eabi/lib/thumb/v7e-m+fp/hard\libc_nano.a(lib_a-mprec.o)
                0x0000000008007354                __d2b
 .text._calloc_r
                0x000000000800740c       0x1e c:/st/stm32cubeide_1.7.0/stm32cubeide/plugins/com.st.stm32cube.ide.mcu.externaltools.gnu-tools-for-stm32.9-2020-q2-update.win32_2.0.0.202105311346/tools/bin/../lib/gcc/arm-none-eabi/9.3.1/../../../../arm-none-eabi/lib/thumb/v7e-m+fp/hard\libc_nano.a(lib_a-nano-callocr.o)
                0x000000000800740c                _calloc_r
 .text._realloc_r
                0x000000000800742a       0x4c c:/st/stm32cubeide_1.7.0/stm32cubeide/plugins/com.st.stm32cube.ide.mcu.externaltools.gnu-tools-for-stm32.9-2020-q2-update.win32_2.0.0.202105311346/tools/bin/../lib/gcc/arm-none-eabi/9.3.1/../../../../arm-none-eabi/lib/thumb/v7e-m+fp/hard\libc_nano.a(lib_a-nano-reallocr.o)
                0x000000000800742a                _realloc_r
 .text.__ssputs_r
                0x0000000008007476       0xb6 c:/st/stm32cubeide_1.7.0/stm32cubeide/plugins/com.st.stm32cube.ide.mcu.externaltools.gnu-tools-for-stm32.9-2020-q2-update.win32_2.0.0.202105311346/tools/bin/../lib/gcc/arm-none-eabi/9.3.1/../../../../arm-none-eabi/lib/thumb/v7e-m+fp/hard\libc_nano.a(lib_a-nano-svfprintf.o)
                0x0000000008007476                __ssputs_r
 .text._svfprintf_r
                0x000000000800752c      0x200 c:/st/stm32cubeide_1.7.0/stm32cubeide/plugins/com.st.stm32cube.ide.mcu.externaltools.gnu-tools-for-stm32.9-2020-q2-update.win32_2.0.0.202105311346/tools/bin/../lib/gcc/arm-none-eabi/9.3.1/../../../../arm-none-eabi/lib/thumb/v7e-m+fp/hard\libc_nano.a(lib_a-nano-svfprintf.o)
                0x000000000800752c                _svfiprintf_r
                0x000000000800752c                _svfprintf_r
 .text.__assert_func
                0x000000000800772c       0x3c c:/st/stm32cubeide_1.7.0/stm32cubeide/plugins/com.st.stm32cube.ide.mcu.externaltools.gnu-tools-for-stm32.9-2020-q2-update.win32_2.0.0.202105311346/tools/bin/../lib/gcc/arm-none-eabi/9.3.1/../../../../arm-none-eabi/lib/thumb/v7e-m+fp/hard\libc_nano.a(lib_a-assert.o)
                0x000000000800772c                __assert_func
 .text.fprintf  0x0000000008007768       0x24 c:/st/stm32cubeide_1.7.0/stm32cubeide/plugins/com.st.stm32cube.ide.mcu.externaltools.gnu-tools-for-stm32.9-2020-q2-update.win32_2.0.0.202105311346/tools/bin/../lib/gcc/arm-none-eabi/9.3.1/../../../../arm-none-eabi/lib/thumb/v7e-m+fp/hard\libc_nano.a(lib_a-fprintf.o)
                0x0000000008007768                fiprintf
                0x0000000008007768                fprintf
 .text.__retarget_lock_init_recursive
                0x000000000800778c        0x2 c:/st/stm32cubeide_1.7.0/stm32cubeide/plugins/com.st.stm32cube.ide.mcu.externaltools.gnu-tools-for-stm32.9-2020-q2-update.win32_2.0.0.202105311346/tools/bin/../lib/gcc/arm-none-eabi/9.3.1/../../../../arm-none-eabi/lib/thumb/v7e-m+fp/hard\libc_nano.a(lib_a-lock.o)
                0x000000000800778c                __retarget_lock_init_recursive
 .text.__retarget_lock_acquire_recursive
                0x000000000800778e        0x2 c:/st/stm32cubeide_1.7.0/stm32cubeide/plugins/com.st.stm32cube.ide.mcu.externaltools.gnu-tools-for-stm32.9-2020-q2-update.win32_2.0.0.202105311346/tools/bin/../lib/gcc/arm-none-eabi/9.3.1/../../../../arm-none-eabi/lib/thumb/v7e-m+fp/hard\libc_nano.a(lib_a-lock.o)
                0x000000000800778e                __retarget_lock_acquire_recursive
 .text.__retarget_lock_release_recursive
                0x0000000008007790        0x2 c:/st/stm32cubeide_1.7.0/stm32cubeide/plugins/com.st.stm32cube.ide.mcu.externaltools.gnu-tools-for-stm32.9-2020-q2-update.win32_2.0.0.202105311346/tools/bin/../lib/gcc/arm-none-eabi/9.3.1/../../../../arm-none-eabi/lib/thumb/v7e-m+fp/hard\libc_nano.a(lib_a-lock.o)
                0x0000000008007790                __retarget_lock_release_recursive
 .text.__ascii_mbtowc
                0x0000000008007792       0x24 c:/st/stm32cubeide_1.7.0/stm32cubeide/plugins/com.st.stm32cube.ide.mcu.externaltools.gnu-tools-for-stm32.9-2020-q2-update.win32_2.0.0.202105311346/tools/bin/../lib/gcc/arm-none-eabi/9.3.1/../../../../arm-none-eabi/lib/thumb/v7e-m+fp/hard\libc_nano.a(lib_a-mbtowc_r.o)
                0x0000000008007792                __ascii_mbtowc
 .text.memmove  0x00000000080077b6       0x34 c:/st/stm32cubeide_1.7.0/stm32cubeide/plugins/com.st.stm32cube.ide.mcu.externaltools.gnu-tools-for-stm32.9-2020-q2-update.win32_2.0.0.202105311346/tools/bin/../lib/gcc/arm-none-eabi/9.3.1/../../../../arm-none-eabi/lib/thumb/v7e-m+fp/hard\libc_nano.a(lib_a-memmove.o)
                0x00000000080077b6                memmove
 .text._malloc_usable_size_r
                0x00000000080077ea       0x10 c:/st/stm32cubeide_1.7.0/stm32cubeide/plugins/com.st.stm32cube.ide.mcu.externaltools.gnu-tools-for-stm32.9-2020-q2-update.win32_2.0.0.202105311346/tools/bin/../lib/gcc/arm-none-eabi/9.3.1/../../../../arm-none-eabi/lib/thumb/v7e-m+fp/hard\libc_nano.a(lib_a-nano-msizer.o)
                0x00000000080077ea                _malloc_usable_size_r
 .text.__sfputc_r
                0x00000000080077fa       0x2e c:/st/stm32cubeide_1.7.0/stm32cubeide/plugins/com.st.stm32cube.ide.mcu.externaltools.gnu-tools-for-stm32.9-2020-q2-update.win32_2.0.0.202105311346/tools/bin/../lib/gcc/arm-none-eabi/9.3.1/../../../../arm-none-eabi/lib/thumb/v7e-m+fp/hard\libc_nano.a(lib_a-nano-vfprintf.o)
 .text.__sfputs_r
                0x0000000008007828       0x24 c:/st/stm32cubeide_1.7.0/stm32cubeide/plugins/com.st.stm32cube.ide.mcu.externaltools.gnu-tools-for-stm32.9-2020-q2-update.win32_2.0.0.202105311346/tools/bin/../lib/gcc/arm-none-eabi/9.3.1/../../../../arm-none-eabi/lib/thumb/v7e-m+fp/hard\libc_nano.a(lib_a-nano-vfprintf.o)
                0x0000000008007828                __sfputs_r
 .text._vfprintf_r
                0x000000000800784c      0x260 c:/st/stm32cubeide_1.7.0/stm32cubeide/plugins/com.st.stm32cube.ide.mcu.externaltools.gnu-tools-for-stm32.9-2020-q2-update.win32_2.0.0.202105311346/tools/bin/../lib/gcc/arm-none-eabi/9.3.1/../../../../arm-none-eabi/lib/thumb/v7e-m+fp/hard\libc_nano.a(lib_a-nano-vfprintf.o)
                0x000000000800784c                _vfprintf_r
                0x000000000800784c                _vfiprintf_r
 .text.__swbuf_r
                0x0000000008007aac       0xa4 c:/st/stm32cubeide_1.7.0/stm32cubeide/plugins/com.st.stm32cube.ide.mcu.externaltools.gnu-tools-for-stm32.9-2020-q2-update.win32_2.0.0.202105311346/tools/bin/../lib/gcc/arm-none-eabi/9.3.1/../../../../arm-none-eabi/lib/thumb/v7e-m+fp/hard\libc_nano.a(lib_a-wbuf.o)
                0x0000000008007aac                __swbuf_r
 .text.__ascii_wctomb
                0x0000000008007b50       0x1a c:/st/stm32cubeide_1.7.0/stm32cubeide/plugins/com.st.stm32cube.ide.mcu.externaltools.gnu-tools-for-stm32.9-2020-q2-update.win32_2.0.0.202105311346/tools/bin/../lib/gcc/arm-none-eabi/9.3.1/../../../../arm-none-eabi/lib/thumb/v7e-m+fp/hard\libc_nano.a(lib_a-wctomb_r.o)
                0x0000000008007b50                __ascii_wctomb
 *fill*         0x0000000008007b6a        0x2 
 .text.__swsetup_r
                0x0000000008007b6c       0xdc c:/st/stm32cubeide_1.7.0/stm32cubeide/plugins/com.st.stm32cube.ide.mcu.externaltools.gnu-tools-for-stm32.9-2020-q2-update.win32_2.0.0.202105311346/tools/bin/../lib/gcc/arm-none-eabi/9.3.1/../../../../arm-none-eabi/lib/thumb/v7e-m+fp/hard\libc_nano.a(lib_a-wsetup.o)
                0x0000000008007b6c                __swsetup_r
 .text.abort    0x0000000008007c48        0xe c:/st/stm32cubeide_1.7.0/stm32cubeide/plugins/com.st.stm32cube.ide.mcu.externaltools.gnu-tools-for-stm32.9-2020-q2-update.win32_2.0.0.202105311346/tools/bin/../lib/gcc/arm-none-eabi/9.3.1/../../../../arm-none-eabi/lib/thumb/v7e-m+fp/hard\libc_nano.a(lib_a-abort.o)
                0x0000000008007c48                abort
 *fill*         0x0000000008007c56        0x2 
 .text.__sflush_r
                0x0000000008007c58      0x10c c:/st/stm32cubeide_1.7.0/stm32cubeide/plugins/com.st.stm32cube.ide.mcu.externaltools.gnu-tools-for-stm32.9-2020-q2-update.win32_2.0.0.202105311346/tools/bin/../lib/gcc/arm-none-eabi/9.3.1/../../../../arm-none-eabi/lib/thumb/v7e-m+fp/hard\libc_nano.a(lib_a-fflush.o)
                0x0000000008007c58                __sflush_r
 .text._fflush_r
                0x0000000008007d64       0x78 c:/st/stm32cubeide_1.7.0/stm32cubeide/plugins/com.st.stm32cube.ide.mcu.externaltools.gnu-tools-for-stm32.9-2020-q2-update.win32_2.0.0.202105311346/tools/bin/../lib/gcc/arm-none-eabi/9.3.1/../../../../arm-none-eabi/lib/thumb/v7e-m+fp/hard\libc_nano.a(lib_a-fflush.o)
                0x0000000008007d64                _fflush_r
 .text.std      0x0000000008007ddc       0x48 c:/st/stm32cubeide_1.7.0/stm32cubeide/plugins/com.st.stm32cube.ide.mcu.externaltools.gnu-tools-for-stm32.9-2020-q2-update.win32_2.0.0.202105311346/tools/bin/../lib/gcc/arm-none-eabi/9.3.1/../../../../arm-none-eabi/lib/thumb/v7e-m+fp/hard\libc_nano.a(lib_a-findfp.o)
 .text._cleanup_r
                0x0000000008007e24        0xc c:/st/stm32cubeide_1.7.0/stm32cubeide/plugins/com.st.stm32cube.ide.mcu.externaltools.gnu-tools-for-stm32.9-2020-q2-update.win32_2.0.0.202105311346/tools/bin/../lib/gcc/arm-none-eabi/9.3.1/../../../../arm-none-eabi/lib/thumb/v7e-m+fp/hard\libc_nano.a(lib_a-findfp.o)
                0x0000000008007e24                _cleanup_r
 .text.__sfmoreglue
                0x0000000008007e30       0x2c c:/st/stm32cubeide_1.7.0/stm32cubeide/plugins/com.st.stm32cube.ide.mcu.externaltools.gnu-tools-for-stm32.9-2020-q2-update.win32_2.0.0.202105311346/tools/bin/../lib/gcc/arm-none-eabi/9.3.1/../../../../arm-none-eabi/lib/thumb/v7e-m+fp/hard\libc_nano.a(lib_a-findfp.o)
                0x0000000008007e30                __sfmoreglue
 .text.__sfp_lock_acquire
                0x0000000008007e5c        0xc c:/st/stm32cubeide_1.7.0/stm32cubeide/plugins/com.st.stm32cube.ide.mcu.externaltools.gnu-tools-for-stm32.9-2020-q2-update.win32_2.0.0.202105311346/tools/bin/../lib/gcc/arm-none-eabi/9.3.1/../../../../arm-none-eabi/lib/thumb/v7e-m+fp/hard\libc_nano.a(lib_a-findfp.o)
                0x0000000008007e5c                __sfp_lock_acquire
 .text.__sfp_lock_release
                0x0000000008007e68        0xc c:/st/stm32cubeide_1.7.0/stm32cubeide/plugins/com.st.stm32cube.ide.mcu.externaltools.gnu-tools-for-stm32.9-2020-q2-update.win32_2.0.0.202105311346/tools/bin/../lib/gcc/arm-none-eabi/9.3.1/../../../../arm-none-eabi/lib/thumb/v7e-m+fp/hard\libc_nano.a(lib_a-findfp.o)
                0x0000000008007e68                __sfp_lock_release
 .text.__sinit_lock_acquire
                0x0000000008007e74        0xc c:/st/stm32cubeide_1.7.0/stm32cubeide/plugins/com.st.stm32cube.ide.mcu.externaltools.gnu-tools-for-stm32.9-2020-q2-update.win32_2.0.0.202105311346/tools/bin/../lib/gcc/arm-none-eabi/9.3.1/../../../../arm-none-eabi/lib/thumb/v7e-m+fp/hard\libc_nano.a(lib_a-findfp.o)
                0x0000000008007e74                __sinit_lock_acquire
 .text.__sinit_lock_release
                0x0000000008007e80        0xc c:/st/stm32cubeide_1.7.0/stm32cubeide/plugins/com.st.stm32cube.ide.mcu.externaltools.gnu-tools-for-stm32.9-2020-q2-update.win32_2.0.0.202105311346/tools/bin/../lib/gcc/arm-none-eabi/9.3.1/../../../../arm-none-eabi/lib/thumb/v7e-m+fp/hard\libc_nano.a(lib_a-findfp.o)
                0x0000000008007e80                __sinit_lock_release
 .text.__sinit  0x0000000008007e8c       0x70 c:/st/stm32cubeide_1.7.0/stm32cubeide/plugins/com.st.stm32cube.ide.mcu.externaltools.gnu-tools-for-stm32.9-2020-q2-update.win32_2.0.0.202105311346/tools/bin/../lib/gcc/arm-none-eabi/9.3.1/../../../../arm-none-eabi/lib/thumb/v7e-m+fp/hard\libc_nano.a(lib_a-findfp.o)
                0x0000000008007e8c                __sinit
 .text.__sfp    0x0000000008007efc       0x8c c:/st/stm32cubeide_1.7.0/stm32cubeide/plugins/com.st.stm32cube.ide.mcu.externaltools.gnu-tools-for-stm32.9-2020-q2-update.win32_2.0.0.202105311346/tools/bin/../lib/gcc/arm-none-eabi/9.3.1/../../../../arm-none-eabi/lib/thumb/v7e-m+fp/hard\libc_nano.a(lib_a-findfp.o)
                0x0000000008007efc                __sfp
 .text._fwalk_reent
                0x0000000008007f88       0x3e c:/st/stm32cubeide_1.7.0/stm32cubeide/plugins/com.st.stm32cube.ide.mcu.externaltools.gnu-tools-for-stm32.9-2020-q2-update.win32_2.0.0.202105311346/tools/bin/../lib/gcc/arm-none-eabi/9.3.1/../../../../arm-none-eabi/lib/thumb/v7e-m+fp/hard\libc_nano.a(lib_a-fwalk.o)
                0x0000000008007f88                _fwalk_reent
 .text.__swhatbuf_r
                0x0000000008007fc6       0x48 c:/st/stm32cubeide_1.7.0/stm32cubeide/plugins/com.st.stm32cube.ide.mcu.externaltools.gnu-tools-for-stm32.9-2020-q2-update.win32_2.0.0.202105311346/tools/bin/../lib/gcc/arm-none-eabi/9.3.1/../../../../arm-none-eabi/lib/thumb/v7e-m+fp/hard\libc_nano.a(lib_a-makebuf.o)
                0x0000000008007fc6                __swhatbuf_r
 *fill*         0x000000000800800e        0x2 
 .text.__smakebuf_r
                0x0000000008008010       0x80 c:/st/stm32cubeide_1.7.0/stm32cubeide/plugins/com.st.stm32cube.ide.mcu.externaltools.gnu-tools-for-stm32.9-2020-q2-update.win32_2.0.0.202105311346/tools/bin/../lib/gcc/arm-none-eabi/9.3.1/../../../../arm-none-eabi/lib/thumb/v7e-m+fp/hard\libc_nano.a(lib_a-makebuf.o)
                0x0000000008008010                __smakebuf_r
 .text._raise_r
                0x0000000008008090       0x50 c:/st/stm32cubeide_1.7.0/stm32cubeide/plugins/com.st.stm32cube.ide.mcu.externaltools.gnu-tools-for-stm32.9-2020-q2-update.win32_2.0.0.202105311346/tools/bin/../lib/gcc/arm-none-eabi/9.3.1/../../../../arm-none-eabi/lib/thumb/v7e-m+fp/hard\libc_nano.a(lib_a-signal.o)
                0x0000000008008090                _raise_r
 .text.raise    0x00000000080080e0       0x10 c:/st/stm32cubeide_1.7.0/stm32cubeide/plugins/com.st.stm32cube.ide.mcu.externaltools.gnu-tools-for-stm32.9-2020-q2-update.win32_2.0.0.202105311346/tools/bin/../lib/gcc/arm-none-eabi/9.3.1/../../../../arm-none-eabi/lib/thumb/v7e-m+fp/hard\libc_nano.a(lib_a-signal.o)
                0x00000000080080e0                raise
 .text._kill_r  0x00000000080080f0       0x24 c:/st/stm32cubeide_1.7.0/stm32cubeide/plugins/com.st.stm32cube.ide.mcu.externaltools.gnu-tools-for-stm32.9-2020-q2-update.win32_2.0.0.202105311346/tools/bin/../lib/gcc/arm-none-eabi/9.3.1/../../../../arm-none-eabi/lib/thumb/v7e-m+fp/hard\libc_nano.a(lib_a-signalr.o)
                0x00000000080080f0                _kill_r
 .text._getpid_r
                0x0000000008008114        0x4 c:/st/stm32cubeide_1.7.0/stm32cubeide/plugins/com.st.stm32cube.ide.mcu.externaltools.gnu-tools-for-stm32.9-2020-q2-update.win32_2.0.0.202105311346/tools/bin/../lib/gcc/arm-none-eabi/9.3.1/../../../../arm-none-eabi/lib/thumb/v7e-m+fp/hard\libc_nano.a(lib_a-signalr.o)
                0x0000000008008114                _getpid_r
 .text.__sread  0x0000000008008118       0x22 c:/st/stm32cubeide_1.7.0/stm32cubeide/plugins/com.st.stm32cube.ide.mcu.externaltools.gnu-tools-for-stm32.9-2020-q2-update.win32_2.0.0.202105311346/tools/bin/../lib/gcc/arm-none-eabi/9.3.1/../../../../arm-none-eabi/lib/thumb/v7e-m+fp/hard\libc_nano.a(lib_a-stdio.o)
                0x0000000008008118                __sread
 .text.__swrite
                0x000000000800813a       0x38 c:/st/stm32cubeide_1.7.0/stm32cubeide/plugins/com.st.stm32cube.ide.mcu.externaltools.gnu-tools-for-stm32.9-2020-q2-update.win32_2.0.0.202105311346/tools/bin/../lib/gcc/arm-none-eabi/9.3.1/../../../../arm-none-eabi/lib/thumb/v7e-m+fp/hard\libc_nano.a(lib_a-stdio.o)
                0x000000000800813a                __swrite
 .text.__sseek  0x0000000008008172       0x24 c:/st/stm32cubeide_1.7.0/stm32cubeide/plugins/com.st.stm32cube.ide.mcu.externaltools.gnu-tools-for-stm32.9-2020-q2-update.win32_2.0.0.202105311346/tools/bin/../lib/gcc/arm-none-eabi/9.3.1/../../../../arm-none-eabi/lib/thumb/v7e-m+fp/hard\libc_nano.a(lib_a-stdio.o)
                0x0000000008008172                __sseek
 .text.__sclose
                0x0000000008008196        0x8 c:/st/stm32cubeide_1.7.0/stm32cubeide/plugins/com.st.stm32cube.ide.mcu.externaltools.gnu-tools-for-stm32.9-2020-q2-update.win32_2.0.0.202105311346/tools/bin/../lib/gcc/arm-none-eabi/9.3.1/../../../../arm-none-eabi/lib/thumb/v7e-m+fp/hard\libc_nano.a(lib_a-stdio.o)
                0x0000000008008196                __sclose
 *fill*         0x000000000800819e        0x2 
 .text._write_r
                0x00000000080081a0       0x24 c:/st/stm32cubeide_1.7.0/stm32cubeide/plugins/com.st.stm32cube.ide.mcu.externaltools.gnu-tools-for-stm32.9-2020-q2-update.win32_2.0.0.202105311346/tools/bin/../lib/gcc/arm-none-eabi/9.3.1/../../../../arm-none-eabi/lib/thumb/v7e-m+fp/hard\libc_nano.a(lib_a-writer.o)
                0x00000000080081a0                _write_r
 .text._close_r
                0x00000000080081c4       0x20 c:/st/stm32cubeide_1.7.0/stm32cubeide/plugins/com.st.stm32cube.ide.mcu.externaltools.gnu-tools-for-stm32.9-2020-q2-update.win32_2.0.0.202105311346/tools/bin/../lib/gcc/arm-none-eabi/9.3.1/../../../../arm-none-eabi/lib/thumb/v7e-m+fp/hard\libc_nano.a(lib_a-closer.o)
                0x00000000080081c4                _close_r
 .text._fstat_r
                0x00000000080081e4       0x24 c:/st/stm32cubeide_1.7.0/stm32cubeide/plugins/com.st.stm32cube.ide.mcu.externaltools.gnu-tools-for-stm32.9-2020-q2-update.win32_2.0.0.202105311346/tools/bin/../lib/gcc/arm-none-eabi/9.3.1/../../../../arm-none-eabi/lib/thumb/v7e-m+fp/hard\libc_nano.a(lib_a-fstatr.o)
                0x00000000080081e4                _fstat_r
 .text._isatty_r
                0x0000000008008208       0x20 c:/st/stm32cubeide_1.7.0/stm32cubeide/plugins/com.st.stm32cube.ide.mcu.externaltools.gnu-tools-for-stm32.9-2020-q2-update.win32_2.0.0.202105311346/tools/bin/../lib/gcc/arm-none-eabi/9.3.1/../../../../arm-none-eabi/lib/thumb/v7e-m+fp/hard\libc_nano.a(lib_a-isattyr.o)
                0x0000000008008208                _isatty_r
 .text._lseek_r
                0x0000000008008228       0x24 c:/st/stm32cubeide_1.7.0/stm32cubeide/plugins/com.st.stm32cube.ide.mcu.externaltools.gnu-tools-for-stm32.9-2020-q2-update.win32_2.0.0.202105311346/tools/bin/../lib/gcc/arm-none-eabi/9.3.1/../../../../arm-none-eabi/lib/thumb/v7e-m+fp/hard\libc_nano.a(lib_a-lseekr.o)
                0x0000000008008228                _lseek_r
 .text._read_r  0x000000000800824c       0x24 c:/st/stm32cubeide_1.7.0/stm32cubeide/plugins/com.st.stm32cube.ide.mcu.externaltools.gnu-tools-for-stm32.9-2020-q2-update.win32_2.0.0.202105311346/tools/bin/../lib/gcc/arm-none-eabi/9.3.1/../../../../arm-none-eabi/lib/thumb/v7e-m+fp/hard\libc_nano.a(lib_a-readr.o)
                0x000000000800824c                _read_r
 *(.glue_7)
 .glue_7        0x0000000008008270        0x0 linker stubs
 *(.glue_7t)
 .glue_7t       0x0000000008008270        0x0 linker stubs
 *(.eh_frame)
 .eh_frame      0x0000000008008270        0x0 c:/st/stm32cubeide_1.7.0/stm32cubeide/plugins/com.st.stm32cube.ide.mcu.externaltools.gnu-tools-for-stm32.9-2020-q2-update.win32_2.0.0.202105311346/tools/bin/../lib/gcc/arm-none-eabi/9.3.1/thumb/v7e-m+fp/hard/crtbegin.o
 *(.init)
 .init          0x0000000008008270        0x4 c:/st/stm32cubeide_1.7.0/stm32cubeide/plugins/com.st.stm32cube.ide.mcu.externaltools.gnu-tools-for-stm32.9-2020-q2-update.win32_2.0.0.202105311346/tools/bin/../lib/gcc/arm-none-eabi/9.3.1/thumb/v7e-m+fp/hard/crti.o
                0x0000000008008270                _init
 .init          0x0000000008008274        0x8 c:/st/stm32cubeide_1.7.0/stm32cubeide/plugins/com.st.stm32cube.ide.mcu.externaltools.gnu-tools-for-stm32.9-2020-q2-update.win32_2.0.0.202105311346/tools/bin/../lib/gcc/arm-none-eabi/9.3.1/thumb/v7e-m+fp/hard/crtn.o
 *(.fini)
 .fini          0x000000000800827c        0x4 c:/st/stm32cubeide_1.7.0/stm32cubeide/plugins/com.st.stm32cube.ide.mcu.externaltools.gnu-tools-for-stm32.9-2020-q2-update.win32_2.0.0.202105311346/tools/bin/../lib/gcc/arm-none-eabi/9.3.1/thumb/v7e-m+fp/hard/crti.o
                0x000000000800827c                _fini
 .fini          0x0000000008008280        0x8 c:/st/stm32cubeide_1.7.0/stm32cubeide/plugins/com.st.stm32cube.ide.mcu.externaltools.gnu-tools-for-stm32.9-2020-q2-update.win32_2.0.0.202105311346/tools/bin/../lib/gcc/arm-none-eabi/9.3.1/thumb/v7e-m+fp/hard/crtn.o
                0x0000000008008288                . = ALIGN (0x4)
                0x0000000008008288                _etext = .

.vfp11_veneer   0x0000000008008288        0x0
 .vfp11_veneer  0x0000000008008288        0x0 linker stubs

.v4_bx          0x0000000008008288        0x0
 .v4_bx         0x0000000008008288        0x0 linker stubs

.iplt           0x0000000008008288        0x0
 .iplt          0x0000000008008288        0x0 c:/st/stm32cubeide_1.7.0/stm32cubeide/plugins/com.st.stm32cube.ide.mcu.externaltools.gnu-tools-for-stm32.9-2020-q2-update.win32_2.0.0.202105311346/tools/bin/../lib/gcc/arm-none-eabi/9.3.1/thumb/v7e-m+fp/hard/crtbegin.o

.rodata         0x0000000008008288      0xca4
                0x0000000008008288                . = ALIGN (0x4)
 *(.rodata)
 .rodata        0x0000000008008288       0x60 ./Core/Source/App/main.o
 *(.rodata*)
 .rodata._ZL9dmpMemory
                0x00000000080082e8      0x789 ./Core/Source/App/MPU6050-App/MPU6050-App.o
 *fill*         0x0000000008008a71        0x3 
 .rodata._ZL9dmpConfig
                0x0000000008008a74       0xc0 ./Core/Source/App/MPU6050-App/MPU6050-App.o
 .rodata.AHBPrescTable
                0x0000000008008b34       0x10 ./Core/Src/system_stm32f4xx.o
                0x0000000008008b34                AHBPrescTable
 .rodata.APBPrescTable
                0x0000000008008b44        0x8 ./Core/Src/system_stm32f4xx.o
                0x0000000008008b44                APBPrescTable
 .rodata._global_impure_ptr
                0x0000000008008b4c        0x4 c:/st/stm32cubeide_1.7.0/stm32cubeide/plugins/com.st.stm32cube.ide.mcu.externaltools.gnu-tools-for-stm32.9-2020-q2-update.win32_2.0.0.202105311346/tools/bin/../lib/gcc/arm-none-eabi/9.3.1/../../../../arm-none-eabi/lib/thumb/v7e-m+fp/hard\libc_nano.a(lib_a-impure.o)
                0x0000000008008b4c                _global_impure_ptr
 .rodata._printf_float.str1.1
                0x0000000008008b50       0x12 c:/st/stm32cubeide_1.7.0/stm32cubeide/plugins/com.st.stm32cube.ide.mcu.externaltools.gnu-tools-for-stm32.9-2020-q2-update.win32_2.0.0.202105311346/tools/bin/../lib/gcc/arm-none-eabi/9.3.1/../../../../arm-none-eabi/lib/thumb/v7e-m+fp/hard\libc_nano.a(lib_a-nano-vfprintf_float.o)
 .rodata._printf_i.str1.1
                0x0000000008008b62       0x22 c:/st/stm32cubeide_1.7.0/stm32cubeide/plugins/com.st.stm32cube.ide.mcu.externaltools.gnu-tools-for-stm32.9-2020-q2-update.win32_2.0.0.202105311346/tools/bin/../lib/gcc/arm-none-eabi/9.3.1/../../../../arm-none-eabi/lib/thumb/v7e-m+fp/hard\libc_nano.a(lib_a-nano-vfprintf_i.o)
 .rodata._dtoa_r.str1.1
                0x0000000008008b84       0x94 c:/st/stm32cubeide_1.7.0/stm32cubeide/plugins/com.st.stm32cube.ide.mcu.externaltools.gnu-tools-for-stm32.9-2020-q2-update.win32_2.0.0.202105311346/tools/bin/../lib/gcc/arm-none-eabi/9.3.1/../../../../arm-none-eabi/lib/thumb/v7e-m+fp/hard\libc_nano.a(lib_a-dtoa.o)
                                         0x96 (size before relaxing)
 .rodata._Balloc.str1.1
                0x0000000008008c18       0x60 c:/st/stm32cubeide_1.7.0/stm32cubeide/plugins/com.st.stm32cube.ide.mcu.externaltools.gnu-tools-for-stm32.9-2020-q2-update.win32_2.0.0.202105311346/tools/bin/../lib/gcc/arm-none-eabi/9.3.1/../../../../arm-none-eabi/lib/thumb/v7e-m+fp/hard\libc_nano.a(lib_a-mprec.o)
                                         0x77 (size before relaxing)
 .rodata.__multadd.str1.1
                0x0000000008008c78       0x11 c:/st/stm32cubeide_1.7.0/stm32cubeide/plugins/com.st.stm32cube.ide.mcu.externaltools.gnu-tools-for-stm32.9-2020-q2-update.win32_2.0.0.202105311346/tools/bin/../lib/gcc/arm-none-eabi/9.3.1/../../../../arm-none-eabi/lib/thumb/v7e-m+fp/hard\libc_nano.a(lib_a-mprec.o)
 .rodata.__mprec_bigtens
                0x0000000008008c78       0x28 c:/st/stm32cubeide_1.7.0/stm32cubeide/plugins/com.st.stm32cube.ide.mcu.externaltools.gnu-tools-for-stm32.9-2020-q2-update.win32_2.0.0.202105311346/tools/bin/../lib/gcc/arm-none-eabi/9.3.1/../../../../arm-none-eabi/lib/thumb/v7e-m+fp/hard\libc_nano.a(lib_a-mprec.o)
                0x0000000008008c78                __mprec_bigtens
 .rodata.__mprec_tens
                0x0000000008008ca0       0xc8 c:/st/stm32cubeide_1.7.0/stm32cubeide/plugins/com.st.stm32cube.ide.mcu.externaltools.gnu-tools-for-stm32.9-2020-q2-update.win32_2.0.0.202105311346/tools/bin/../lib/gcc/arm-none-eabi/9.3.1/../../../../arm-none-eabi/lib/thumb/v7e-m+fp/hard\libc_nano.a(lib_a-mprec.o)
                0x0000000008008ca0                __mprec_tens
 .rodata.p05.7513
                0x0000000008008d68        0xc c:/st/stm32cubeide_1.7.0/stm32cubeide/plugins/com.st.stm32cube.ide.mcu.externaltools.gnu-tools-for-stm32.9-2020-q2-update.win32_2.0.0.202105311346/tools/bin/../lib/gcc/arm-none-eabi/9.3.1/../../../../arm-none-eabi/lib/thumb/v7e-m+fp/hard\libc_nano.a(lib_a-mprec.o)
 .rodata._svfprintf_r.str1.1
                0x0000000008008d74       0x11 c:/st/stm32cubeide_1.7.0/stm32cubeide/plugins/com.st.stm32cube.ide.mcu.externaltools.gnu-tools-for-stm32.9-2020-q2-update.win32_2.0.0.202105311346/tools/bin/../lib/gcc/arm-none-eabi/9.3.1/../../../../arm-none-eabi/lib/thumb/v7e-m+fp/hard\libc_nano.a(lib_a-nano-svfprintf.o)
 .rodata.__assert_func.str1.1
                0x0000000008008d85       0x3c c:/st/stm32cubeide_1.7.0/stm32cubeide/plugins/com.st.stm32cube.ide.mcu.externaltools.gnu-tools-for-stm32.9-2020-q2-update.win32_2.0.0.202105311346/tools/bin/../lib/gcc/arm-none-eabi/9.3.1/../../../../arm-none-eabi/lib/thumb/v7e-m+fp/hard\libc_nano.a(lib_a-assert.o)
                                         0x3d (size before relaxing)
 .rodata._setlocale_r.str1.1
                0x0000000008008dc1        0x8 c:/st/stm32cubeide_1.7.0/stm32cubeide/plugins/com.st.stm32cube.ide.mcu.externaltools.gnu-tools-for-stm32.9-2020-q2-update.win32_2.0.0.202105311346/tools/bin/../lib/gcc/arm-none-eabi/9.3.1/../../../../arm-none-eabi/lib/thumb/v7e-m+fp/hard\libc_nano.a(lib_a-locale.o)
                                          0x9 (size before relaxing)
 .rodata.str1.1
                0x0000000008008dc9        0x2 c:/st/stm32cubeide_1.7.0/stm32cubeide/plugins/com.st.stm32cube.ide.mcu.externaltools.gnu-tools-for-stm32.9-2020-q2-update.win32_2.0.0.202105311346/tools/bin/../lib/gcc/arm-none-eabi/9.3.1/../../../../arm-none-eabi/lib/thumb/v7e-m+fp/hard\libc_nano.a(lib_a-locale.o)
 .rodata._vfprintf_r.str1.1
                0x0000000008008dcb       0x11 c:/st/stm32cubeide_1.7.0/stm32cubeide/plugins/com.st.stm32cube.ide.mcu.externaltools.gnu-tools-for-stm32.9-2020-q2-update.win32_2.0.0.202105311346/tools/bin/../lib/gcc/arm-none-eabi/9.3.1/../../../../arm-none-eabi/lib/thumb/v7e-m+fp/hard\libc_nano.a(lib_a-nano-vfprintf.o)
 .rodata._ctype_
                0x0000000008008dcb      0x101 c:/st/stm32cubeide_1.7.0/stm32cubeide/plugins/com.st.stm32cube.ide.mcu.externaltools.gnu-tools-for-stm32.9-2020-q2-update.win32_2.0.0.202105311346/tools/bin/../lib/gcc/arm-none-eabi/9.3.1/../../../../arm-none-eabi/lib/thumb/v7e-m+fp/hard\libc_nano.a(lib_a-ctype_.o)
                0x0000000008008dcb                _ctype_
 .rodata.__sf_fake_stderr
                0x0000000008008ecc       0x20 c:/st/stm32cubeide_1.7.0/stm32cubeide/plugins/com.st.stm32cube.ide.mcu.externaltools.gnu-tools-for-stm32.9-2020-q2-update.win32_2.0.0.202105311346/tools/bin/../lib/gcc/arm-none-eabi/9.3.1/../../../../arm-none-eabi/lib/thumb/v7e-m+fp/hard\libc_nano.a(lib_a-findfp.o)
                0x0000000008008ecc                __sf_fake_stderr
 .rodata.__sf_fake_stdin
                0x0000000008008eec       0x20 c:/st/stm32cubeide_1.7.0/stm32cubeide/plugins/com.st.stm32cube.ide.mcu.externaltools.gnu-tools-for-stm32.9-2020-q2-update.win32_2.0.0.202105311346/tools/bin/../lib/gcc/arm-none-eabi/9.3.1/../../../../arm-none-eabi/lib/thumb/v7e-m+fp/hard\libc_nano.a(lib_a-findfp.o)
                0x0000000008008eec                __sf_fake_stdin
 .rodata.__sf_fake_stdout
                0x0000000008008f0c       0x20 c:/st/stm32cubeide_1.7.0/stm32cubeide/plugins/com.st.stm32cube.ide.mcu.externaltools.gnu-tools-for-stm32.9-2020-q2-update.win32_2.0.0.202105311346/tools/bin/../lib/gcc/arm-none-eabi/9.3.1/../../../../arm-none-eabi/lib/thumb/v7e-m+fp/hard\libc_nano.a(lib_a-findfp.o)
                0x0000000008008f0c                __sf_fake_stdout
                0x0000000008008f2c                . = ALIGN (0x4)

.ARM.extab      0x0000000008008f2c        0x0
                0x0000000008008f2c                . = ALIGN (0x4)
 *(.ARM.extab* .gnu.linkonce.armextab.*)
                0x0000000008008f2c                . = ALIGN (0x4)

.ARM            0x0000000008008f2c        0x8
                0x0000000008008f2c                . = ALIGN (0x4)
                0x0000000008008f2c                __exidx_start = .
 *(.ARM.exidx*)
 .ARM.exidx     0x0000000008008f2c        0x8 c:/st/stm32cubeide_1.7.0/stm32cubeide/plugins/com.st.stm32cube.ide.mcu.externaltools.gnu-tools-for-stm32.9-2020-q2-update.win32_2.0.0.202105311346/tools/bin/../lib/gcc/arm-none-eabi/9.3.1/thumb/v7e-m+fp/hard\libgcc.a(_udivmoddi4.o)
                0x0000000008008f34                __exidx_end = .
                0x0000000008008f34                . = ALIGN (0x4)

.rel.dyn        0x0000000008008f34        0x0
 .rel.iplt      0x0000000008008f34        0x0 c:/st/stm32cubeide_1.7.0/stm32cubeide/plugins/com.st.stm32cube.ide.mcu.externaltools.gnu-tools-for-stm32.9-2020-q2-update.win32_2.0.0.202105311346/tools/bin/../lib/gcc/arm-none-eabi/9.3.1/thumb/v7e-m+fp/hard/crtbegin.o

.preinit_array  0x0000000008008f34        0x0
                0x0000000008008f34                . = ALIGN (0x4)
                0x0000000008008f34                PROVIDE (__preinit_array_start = .)
 *(.preinit_array*)
                0x0000000008008f34                PROVIDE (__preinit_array_end = .)
                0x0000000008008f34                . = ALIGN (0x4)

.init_array     0x0000000008008f34        0x8
                0x0000000008008f34                . = ALIGN (0x4)
                0x0000000008008f34                PROVIDE (__init_array_start = .)
 *(SORT_BY_NAME(.init_array.*))
 *(.init_array*)
 .init_array    0x0000000008008f34        0x4 c:/st/stm32cubeide_1.7.0/stm32cubeide/plugins/com.st.stm32cube.ide.mcu.externaltools.gnu-tools-for-stm32.9-2020-q2-update.win32_2.0.0.202105311346/tools/bin/../lib/gcc/arm-none-eabi/9.3.1/thumb/v7e-m+fp/hard/crtbegin.o
 .init_array    0x0000000008008f38        0x4 ./Core/Source/App/MPU6050-App/MPU6050-App.o
                0x0000000008008f3c                PROVIDE (__init_array_end = .)
                0x0000000008008f3c                . = ALIGN (0x4)

.fini_array     0x0000000008008f3c        0x4
                0x0000000008008f3c                . = ALIGN (0x4)
                [!provide]                        PROVIDE (__fini_array_start = .)
 *(SORT_BY_NAME(.fini_array.*))
 *(.fini_array*)
 .fini_array    0x0000000008008f3c        0x4 c:/st/stm32cubeide_1.7.0/stm32cubeide/plugins/com.st.stm32cube.ide.mcu.externaltools.gnu-tools-for-stm32.9-2020-q2-update.win32_2.0.0.202105311346/tools/bin/../lib/gcc/arm-none-eabi/9.3.1/thumb/v7e-m+fp/hard/crtbegin.o
                [!provide]                        PROVIDE (__fini_array_end = .)
                0x0000000008008f40                . = ALIGN (0x4)
                0x0000000008008f40                _sidata = LOADADDR (.data)

.data           0x0000000020000000      0x1e0 load address 0x0000000008008f40
                0x0000000020000000                . = ALIGN (0x4)
                0x0000000020000000                _sdata = .
 *(.data)
 *(.data*)
 .data.I2Cdev_readTimeout
                0x0000000020000000        0x2 ./Core/Source/Driver/I2CDev/I2Cdev.o
                0x0000000020000000                I2Cdev_readTimeout
 *fill*         0x0000000020000002        0x2 
 .data.SystemCoreClock
                0x0000000020000004        0x4 ./Core/Src/system_stm32f4xx.o
                0x0000000020000004                SystemCoreClock
 .data.uwTickPrio
                0x0000000020000008        0x4 ./Drivers/STM32F4xx_HAL_Driver/Src/stm32f4xx_hal.o
                0x0000000020000008                uwTickPrio
 .data.uwTickFreq
                0x000000002000000c        0x1 ./Drivers/STM32F4xx_HAL_Driver/Src/stm32f4xx_hal.o
                0x000000002000000c                uwTickFreq
 *fill*         0x000000002000000d        0x3 
 .data._impure_ptr
                0x0000000020000010        0x4 c:/st/stm32cubeide_1.7.0/stm32cubeide/plugins/com.st.stm32cube.ide.mcu.externaltools.gnu-tools-for-stm32.9-2020-q2-update.win32_2.0.0.202105311346/tools/bin/../lib/gcc/arm-none-eabi/9.3.1/../../../../arm-none-eabi/lib/thumb/v7e-m+fp/hard\libc_nano.a(lib_a-impure.o)
                0x0000000020000010                _impure_ptr
 .data.impure_data
                0x0000000020000014       0x60 c:/st/stm32cubeide_1.7.0/stm32cubeide/plugins/com.st.stm32cube.ide.mcu.externaltools.gnu-tools-for-stm32.9-2020-q2-update.win32_2.0.0.202105311346/tools/bin/../lib/gcc/arm-none-eabi/9.3.1/../../../../arm-none-eabi/lib/thumb/v7e-m+fp/hard\libc_nano.a(lib_a-impure.o)
 .data.__global_locale
                0x0000000020000074      0x16c c:/st/stm32cubeide_1.7.0/stm32cubeide/plugins/com.st.stm32cube.ide.mcu.externaltools.gnu-tools-for-stm32.9-2020-q2-update.win32_2.0.0.202105311346/tools/bin/../lib/gcc/arm-none-eabi/9.3.1/../../../../arm-none-eabi/lib/thumb/v7e-m+fp/hard\libc_nano.a(lib_a-locale.o)
                0x0000000020000074                __global_locale
 *(.RamFunc)
 *(.RamFunc*)
                0x00000000200001e0                . = ALIGN (0x4)
                0x00000000200001e0                _edata = .

.igot.plt       0x00000000200001e0        0x0 load address 0x0000000008009120
 .igot.plt      0x00000000200001e0        0x0 c:/st/stm32cubeide_1.7.0/stm32cubeide/plugins/com.st.stm32cube.ide.mcu.externaltools.gnu-tools-for-stm32.9-2020-q2-update.win32_2.0.0.202105311346/tools/bin/../lib/gcc/arm-none-eabi/9.3.1/thumb/v7e-m+fp/hard/crtbegin.o
                0x00000000200001e0                . = ALIGN (0x4)

.bss            0x00000000200001e0      0x318 load address 0x0000000008009120
                0x00000000200001e0                _sbss = .
                0x00000000200001e0                __bss_start__ = _sbss
 *(.bss)
 .bss           0x00000000200001e0       0x1c c:/st/stm32cubeide_1.7.0/stm32cubeide/plugins/com.st.stm32cube.ide.mcu.externaltools.gnu-tools-for-stm32.9-2020-q2-update.win32_2.0.0.202105311346/tools/bin/../lib/gcc/arm-none-eabi/9.3.1/thumb/v7e-m+fp/hard/crtbegin.o
 *(.bss*)
 .bss.g_boDmpReady
                0x00000000200001fc        0x1 ./Core/Source/App/MPU6050-App/MPU6050-App.o
                0x00000000200001fc                g_boDmpReady
 .bss.g_byDevStatus
                0x00000000200001fd        0x1 ./Core/Source/App/MPU6050-App/MPU6050-App.o
                0x00000000200001fd                g_byDevStatus
 .bss.g_wPacketSize
                0x00000000200001fe        0x2 ./Core/Source/App/MPU6050-App/MPU6050-App.o
                0x00000000200001fe                g_wPacketSize
 .bss.g_wFifoCount
                0x0000000020000200        0x2 ./Core/Source/App/MPU6050-App/MPU6050-App.o
                0x0000000020000200                g_wFifoCount
 *fill*         0x0000000020000202        0x2 
 .bss.g_byFifoBuffer
                0x0000000020000204       0x40 ./Core/Source/App/MPU6050-App/MPU6050-App.o
                0x0000000020000204                g_byFifoBuffer
 .bss.g_q       0x0000000020000244       0x10 ./Core/Source/App/MPU6050-App/MPU6050-App.o
                0x0000000020000244                g_q
 .bss.g_Aa      0x0000000020000254        0x6 ./Core/Source/App/MPU6050-App/MPU6050-App.o
                0x0000000020000254                g_Aa
 *fill*         0x000000002000025a        0x2 
 .bss.g_AaReal  0x000000002000025c        0x6 ./Core/Source/App/MPU6050-App/MPU6050-App.o
                0x000000002000025c                g_AaReal
 *fill*         0x0000000020000262        0x2 
 .bss.g_gravity
                0x0000000020000264        0xc ./Core/Source/App/MPU6050-App/MPU6050-App.o
                0x0000000020000264                g_gravity
 .bss.g_mpu     0x0000000020000270       0x18 ./Core/Source/App/MPU6050-App/MPU6050-App.o
                0x0000000020000270                g_mpu
 .bss.g_boMpuInterrupt
                0x0000000020000288        0x1 ./Core/Source/App/MPU6050-App/MPU6050-App.o
                0x0000000020000288                g_boMpuInterrupt
 .bss.g_byMpuIntStatus
                0x0000000020000289        0x1 ./Core/Source/App/MPU6050-App/MPU6050-App.o
                0x0000000020000289                g_byMpuIntStatus
 *fill*         0x000000002000028a        0x2 
 .bss.hi2c1     0x000000002000028c       0x54 ./Core/Source/App/main.o
                0x000000002000028c                hi2c1
 .bss.hi2c3     0x00000000200002e0       0x54 ./Core/Source/App/main.o
                0x00000000200002e0                hi2c3
 .bss.huart2    0x0000000020000334       0x44 ./Core/Source/App/main.o
                0x0000000020000334                huart2
 .bss.data      0x0000000020000378       0x32 ./Core/Source/App/main.o