Archive member included to satisfy reference by file (symbol)

c:/st/stm32cubeide_1.7.0/stm32cubeide/plugins/com.st.stm32cube.ide.mcu.externaltools.gnu-tools-for-stm32.9-2020-q2-update.win32_2.0.0.202105311346/tools/bin/../lib/gcc/arm-none-eabi/9.3.1/../../../../arm-none-eabi/lib/thumb/v7e-m+fp/hard\libm.a(lib_a-sf_atan.o)
                              ./Core/Source/App/MPU6050-App/MPU6050-App.o (atanf)
c:/st/stm32cubeide_1.7.0/stm32cubeide/plugins/com.st.stm32cube.ide.mcu.externaltools.gnu-tools-for-stm32.9-2020-q2-update.win32_2.0.0.202105311346/tools/bin/../lib/gcc/arm-none-eabi/9.3.1/../../../../arm-none-eabi/lib/thumb/v7e-m+fp/hard\libm.a(lib_a-sf_fabs.o)
                              c:/st/stm32cubeide_1.7.0/stm32cubeide/plugins/com.st.stm32cube.ide.mcu.externaltools.gnu-tools-for-stm32.9-2020-q2-update.win32_2.0.0.202105311346/tools/bin/../lib/gcc/arm-none-eabi/9.3.1/../../../../arm-none-eabi/lib/thumb/v7e-m+fp/hard\libm.a(lib_a-sf_atan.o) (fabsf)
c:/st/stm32cubeide_1.7.0/stm32cubeide/plugins/com.st.stm32cube.ide.mcu.externaltools.gnu-tools-for-stm32.9-2020-q2-update.win32_2.0.0.202105311346/tools/bin/../lib/gcc/arm-none-eabi/9.3.1/../../../../arm-none-eabi/lib/thumb/v7e-m+fp/hard\libm.a(lib_a-wf_asin.o)
                              ./Core/Source/App/MPU6050-App/MPU6050-App.o (asinf)
c:/st/stm32cubeide_1.7.0/stm32cubeide/plugins/com.st.stm32cube.ide.mcu.externaltools.gnu-tools-for-stm32.9-2020-q2-update.win32_2.0.0.202105311346/tools/bin/../lib/gcc/arm-none-eabi/9.3.1/../../../../arm-none-eabi/lib/thumb/v7e-m+fp/hard\libm.a(lib_a-wf_atan2.o)
                              ./Core/Source/App/MPU6050-App/MPU6050-App.o (atan2f)
c:/st/stm32cubeide_1.7.0/stm32cubeide/plugins/com.st.stm32cube.ide.mcu.externaltools.gnu-tools-for-stm32.9-2020-q2-update.win32_2.0.0.202105311346/tools/bin/../lib/gcc/arm-none-eabi/9.3.1/../../../../arm-none-eabi/lib/thumb/v7e-m+fp/hard\libm.a(lib_a-wf_sqrt.o)
                              ./Core/Source/App/MPU6050-App/MPU6050-App.o (sqrtf)
c:/st/stm32cubeide_1.7.0/stm32cubeide/plugins/com.st.stm32cube.ide.mcu.externaltools.gnu-tools-for-stm32.9-2020-q2-update.win32_2.0.0.202105311346/tools/bin/../lib/gcc/arm-none-eabi/9.3.1/../../../../arm-none-eabi/lib/thumb/v7e-m+fp/hard\libm.a(lib_a-ef_asin.o)
                              c:/st/stm32cubeide_1.7.0/stm32cubeide/plugins/com.st.stm32cube.ide.mcu.externaltools.gnu-tools-for-stm32.9-2020-q2-update.win32_2.0.0.202105311346/tools/bin/../lib/gcc/arm-none-eabi/9.3.1/../../../../arm-none-eabi/lib/thumb/v7e-m+fp/hard\libm.a(lib_a-wf_asin.o) (__ieee754_asinf)
c:/st/stm32cubeide_1.7.0/stm32cubeide/plugins/com.st.stm32cube.ide.mcu.externaltools.gnu-tools-for-stm32.9-2020-q2-update.win32_2.0.0.202105311346/tools/bin/../lib/gcc/arm-none-eabi/9.3.1/../../../../arm-none-eabi/lib/thumb/v7e-m+fp/hard\libm.a(lib_a-ef_atan2.o)
                              c:/st/stm32cubeide_1.7.0/stm32cubeide/plugins/com.st.stm32cube.ide.mcu.externaltools.gnu-tools-for-stm32.9-2020-q2-update.win32_2.0.0.202105311346/tools/bin/../lib/gcc/arm-none-eabi/9.3.1/../../../../arm-none-eabi/lib/thumb/v7e-m+fp/hard\libm.a(lib_a-wf_atan2.o) (__ieee754_atan2f)
c:/st/stm32cubeide_1.7.0/stm32cubeide/plugins/com.st.stm32cube.ide.mcu.externaltools.gnu-tools-for-stm32.9-2020-q2-update.win32_2.0.0.202105311346/tools/bin/../lib/gcc/arm-none-eabi/9.3.1/../../../../arm-none-eabi/lib/thumb/v7e-m+fp/hard\libm.a(lib_a-ef_sqrt.o)
                              c:/st/stm32cubeide_1.7.0/stm32cubeide/plugins/com.st.stm32cube.ide.mcu.externaltools.gnu-tools-for-stm32.9-2020-q2-update.win32_2.0.0.202105311346/tools/bin/../lib/gcc/arm-none-eabi/9.3.1/../../../../arm-none-eabi/lib/thumb/v7e-m+fp/hard\libm.a(lib_a-wf_sqrt.o) (__ieee754_sqrtf)
c:/st/stm32cubeide_1.7.0/stm32cubeide/plugins/com.st.stm32cube.ide.mcu.externaltools.gnu-tools-for-stm32.9-2020-q2-update.win32_2.0.0.202105311346/tools/bin/../lib/gcc/arm-none-eabi/9.3.1/../../../../arm-none-eabi/lib/thumb/v7e-m+fp/hard\libm.a(lib_a-s_lib_ver.o)
                              c:/st/stm32cubeide_1.7.0/stm32cubeide/plugins/com.st.stm32cube.ide.mcu.externaltools.gnu-tools-for-stm32.9-2020-q2-update.win32_2.0.0.202105311346/tools/bin/../lib/gcc/arm-none-eabi/9.3.1/../../../../arm-none-eabi/lib/thumb/v7e-m+fp/hard\libm.a(lib_a-wf_asin.o) (__fdlib_version)
c:/st/stm32cubeide_1.7.0/stm32cubeide/plugins/com.st.stm32cube.ide.mcu.externaltools.gnu-tools-for-stm32.9-2020-q2-update.win32_2.0.0.202105311346/tools/bin/../lib/gcc/arm-none-eabi/9.3.1/../../../../arm-none-eabi/lib/thumb/v7e-m+fp/hard\libm.a(lib_a-sf_nan.o)
                              c:/st/stm32cubeide_1.7.0/stm32cubeide/plugins/com.st.stm32cube.ide.mcu.externaltools.gnu-tools-for-stm32.9-2020-q2-update.win32_2.0.0.202105311346/tools/bin/../lib/gcc/arm-none-eabi/9.3.1/../../../../arm-none-eabi/lib/thumb/v7e-m+fp/hard\libm.a(lib_a-wf_asin.o) (nanf)
[...]
Memory Configuration

Name             Origin             Length             Attributes
RAM              0x0000000020000000 0x0000000000018000 xrw
FLASH            0x0000000008000000 0x0000000000080000 xr
*default*        0x0000000000000000 0xffffffffffffffff

Linker script and memory map

LOAD c:/st/stm32cubeide_1.7.0/stm32cubeide/plugins/com.st.stm32cube.ide.mcu.externaltools.gnu-tools-for-stm32.9-2020-q2-update.win32_2.0.0.202105311346/tools/bin/../lib/gcc/arm-none-eabi/9.3.1/thumb/v7e-m+fp/hard/crti.o
LOAD c:/st/stm32cubeide_1.7.0/stm32cubeide/plugins/com.st.stm32cube.ide.mcu.externaltools.gnu-tools-for-stm32.9-2020-q2-update.win32_2.0.0.202105311346/tools/bin/../lib/gcc/arm-none-eabi/9.3.1/thumb/v7e-m+fp/hard/crtbegin.o
LOAD c:/st/stm32cubeide_1.7.0/stm32cubeide/plugins/com.st.stm32cube.ide.mcu.externaltools.gnu-tools-for-stm32.9-2020-q2-update.win32_2.0.0.202105311346/tools/bin/../lib/gcc/arm-none-eabi/9.3.1/../../../../arm-none-eabi/lib/thumb/v7e-m+fp/hard/crt0.o
LOAD ./Core/Source/App/MPU6050-App/MPU6050-App.o
LOAD ./Core/Source/App/main.o
LOAD ./Core/Source/Driver/I2CDev/I2Cdev.o
LOAD ./Core/Source/Mid/MPU6050/MPU6050.o
LOAD ./Core/Src/main.o
LOAD ./Core/Src/stm32f4xx_hal_msp.o
LOAD ./Core/Src/stm32f4xx_it.o
LOAD ./Core/Src/syscalls.o
LOAD ./Core/Src/sysmem.o
LOAD ./Core/Src/system_stm32f4xx.o
LOAD ./Core/Startup/startup_stm32f401retx.o
LOAD ./Drivers/STM32F4xx_HAL_Driver/Src/stm32f4xx_hal.o
LOAD ./Drivers/STM32F4xx_HAL_Driver/Src/stm32f4xx_hal_cortex.o
LOAD ./Drivers/STM32F4xx_HAL_Driver/Src/stm32f4xx_hal_dma.o
LOAD ./Drivers/STM32F4xx_HAL_Driver/Src/stm32f4xx_hal_dma_ex.o
LOAD ./Drivers/STM32F4xx_HAL_Driver/Src/stm32f4xx_hal_exti.o
LOAD ./Drivers/STM32F4xx_HAL_Driver/Src/stm32f4xx_hal_flash.o
LOAD ./Drivers/STM32F4xx_HAL_Driver/Src/stm32f4xx_hal_flash_ex.o
LOAD ./Drivers/STM32F4xx_HAL_Driver/Src/stm32f4xx_hal_flash_ramfunc.o
LOAD ./Drivers/STM32F4xx_HAL_Driver/Src/stm32f4xx_hal_gpio.o
LOAD ./Drivers/STM32F4xx_HAL_Driver/Src/stm32f4xx_hal_i2c.o
LOAD ./Drivers/STM32F4xx_HAL_Driver/Src/stm32f4xx_hal_i2c_ex.o
LOAD ./Drivers/STM32F4xx_HAL_Driver/Src/stm32f4xx_hal_pwr.o
LOAD ./Drivers/STM32F4xx_HAL_Driver/Src/stm32f4xx_hal_pwr_ex.o
LOAD ./Drivers/STM32F4xx_HAL_Driver/Src/stm32f4xx_hal_rcc.o
LOAD ./Drivers/STM32F4xx_HAL_Driver/Src/stm32f4xx_hal_rcc_ex.o
LOAD ./Drivers/STM32F4xx_HAL_Driver/Src/stm32f4xx_hal_tim.o
LOAD ./Drivers/STM32F4xx_HAL_Driver/Src/stm32f4xx_hal_tim_ex.o
LOAD ./Drivers/STM32F4xx_HAL_Driver/Src/stm32f4xx_hal_uart.o
START GROUP
LOAD c:/st/stm32cubeide_1.7.0/stm32cubeide/plugins/com.st.stm32cube.ide.mcu.externaltools.gnu-tools-for-stm32.9-2020-q2-update.win32_2.0.0.202105311346/tools/bin/../lib/gcc/arm-none-eabi/9.3.1/../../../../arm-none-eabi/lib/thumb/v7e-m+fp/hard\libstdc++_nano.a
LOAD c:/st/stm32cubeide_1.7.0/stm32cubeide/plugins/com.st.stm32cube.ide.mcu.externaltools.gnu-tools-for-stm32.9-2020-q2-update.win32_2.0.0.202105311346/tools/bin/../lib/gcc/arm-none-eabi/9.3.1/../../../../arm-none-eabi/lib/thumb/v7e-m+fp/hard\libsupc++_nano.a
END GROUP
LOAD c:/st/stm32cubeide_1.7.0/stm32cubeide/plugins/com.st.stm32cube.ide.mcu.externaltools.gnu-tools-for-stm32.9-2020-q2-update.win32_2.0.0.202105311346/tools/bin/../lib/gcc/arm-none-eabi/9.3.1/../../../../arm-none-eabi/lib/thumb/v7e-m+fp/hard\libstdc++_nano.a
LOAD c:/st/stm32cubeide_1.7.0/stm32cubeide/plugins/com.st.stm32cube.ide.mcu.externaltools.gnu-tools-for-stm32.9-2020-q2-update.win32_2.0.0.202105311346/tools/bin/../lib/gcc/arm-none-eabi/9.3.1/../../../../arm-none-eabi/lib/thumb/v7e-m+fp/hard\libm.a
LOAD c:/st/stm32cubeide_1.7.0/stm32cubeide/plugins/com.st.stm32cube.ide.mcu.externaltools.gnu-tools-for-stm32.9-2020-q2-update.win32_2.0.0.202105311346/tools/bin/../lib/gcc/arm-none-eabi/9.3.1/../../../../arm-none-eabi/lib/thumb/v7e-m+fp/hard\libc_nano.a
START GROUP
LOAD c:/st/stm32cubeide_1.7.0/stm32cubeide/plugins/com.st.stm32cube.ide.mcu.externaltools.gnu-tools-for-stm32.9-2020-q2-update.win32_2.0.0.202105311346/tools/bin/../lib/gcc/arm-none-eabi/9.3.1/thumb/v7e-m+fp/hard\libgcc.a
LOAD c:/st/stm32cubeide_1.7.0/stm32cubeide/plugins/com.st.stm32cube.ide.mcu.externaltools.gnu-tools-for-stm32.9-2020-q2-update.win32_2.0.0.202105311346/tools/bin/../lib/gcc/arm-none-eabi/9.3.1/../../../../arm-none-eabi/lib/thumb/v7e-m+fp/hard\libc_nano.a
END GROUP
START GROUP
LOAD c:/st/stm32cubeide_1.7.0/stm32cubeide/plugins/com.st.stm32cube.ide.mcu.externaltools.gnu-tools-for-stm32.9-2020-q2-update.win32_2.0.0.202105311346/tools/bin/../lib/gcc/arm-none-eabi/9.3.1/thumb/v7e-m+fp/hard\libgcc.a
LOAD c:/st/stm32cubeide_1.7.0/stm32cubeide/plugins/com.st.stm32cube.ide.mcu.externaltools.gnu-tools-for-stm32.9-2020-q2-update.win32_2.0.0.202105311346/tools/bin/../lib/gcc/arm-none-eabi/9.3.1/../../../../arm-none-eabi/lib/thumb/v7e-m+fp/hard\libc_nano.a
LOAD c:/st/stm32cubeide_1.7.0/stm32cubeide/plugins/com.st.stm32cube.ide.mcu.externaltools.gnu-tools-for-stm32.9-2020-q2-update.win32_2.0.0.202105311346/tools/bin/../lib/gcc/arm-none-eabi/9.3.1/../../../../arm-none-eabi/lib/thumb/v7e-m+fp/hard\libnosys.a
END GROUP
START GROUP
LOAD c:/st/stm32cubeide_1.7.0/stm32cubeide/plugins/com.st.stm32cube.ide.mcu.externaltools.gnu-tools-for-stm32.9-2020-q2-update.win32_2.0.0.202105311346/tools/bin/../lib/gcc/arm-none-eabi/9.3.1/thumb/v7e-m+fp/hard\libgcc.a
LOAD c:/st/stm32cubeide_1.7.0/stm32cubeide/plugins/com.st.stm32cube.ide.mcu.externaltools.gnu-tools-for-stm32.9-2020-q2-update.win32_2.0.0.202105311346/tools/bin/../lib/gcc/arm-none-eabi/9.3.1/../../../../arm-none-eabi/lib/thumb/v7e-m+fp/hard\libc_nano.a
LOAD c:/st/stm32cubeide_1.7.0/stm32cubeide/plugins/com.st.stm32cube.ide.mcu.externaltools.gnu-tools-for-stm32.9-2020-q2-update.win32_2.0.0.202105311346/tools/bin/../lib/gcc/arm-none-eabi/9.3.1/../../../../arm-none-eabi/lib/thumb/v7e-m+fp/hard\libnosys.a
END GROUP
LOAD c:/st/stm32cubeide_1.7.0/stm32cubeide/plugins/com.st.stm32cube.ide.mcu.externaltools.gnu-tools-for-stm32.9-2020-q2-update.win32_2.0.0.202105311346/tools/bin/../lib/gcc/arm-none-eabi/9.3.1/thumb/v7e-m+fp/hard/crtend.o
LOAD c:/st/stm32cubeide_1.7.0/stm32cubeide/plugins/com.st.stm32cube.ide.mcu.externaltools.gnu-tools-for-stm32.9-2020-q2-update.win32_2.0.0.202105311346/tools/bin/../lib/gcc/arm-none-eabi/9.3.1/thumb/v7e-m+fp/hard/crtn.o
                0x0000000020018000                _estack = (ORIGIN (RAM) + LENGTH (RAM))
                0x0000000000000200                _Min_Heap_Size = 0x200
                0x0000000000000400                _Min_Stack_Size = 0x400

.isr_vector     0x0000000008000000      0x194
                0x0000000008000000                . = ALIGN (0x4)
 *(.isr_vector)
 .isr_vector    0x0000000008000000      0x194 ./Core/Startup/startup_stm32f401retx.o
                0x0000000008000000                g_pfnVectors
                0x0000000008000194                . = ALIGN (0x4)

.text           0x00000000080001a0     0x8868
                0x00000000080001a0                . = ALIGN (0x4)
 *(.text)
 .text          0x00000000080001a0       0x40 c:/st/stm32cubeide_1.7.0/stm32cubeide/plugins/com.st.stm32cube.ide.mcu.externaltools.gnu-tools-for-stm32.9-2020-q2-update.win32_2.0.0.202105311346/tools/bin/../lib/gcc/arm-none-eabi/9.3.1/thumb/v7e-m+fp/hard/crtbegin.o
 .text          0x00000000080001e0       0x10 c:/st/stm32cubeide_1.7.0/stm32cubeide/plugins/com.st.stm32cube.ide.mcu.externaltools.gnu-tools-for-stm32.9-2020-q2-update.win32_2.0.0.202105311346/tools/bin/../lib/gcc/arm-none-eabi/9.3.1/../../../../arm-none-eabi/lib/thumb/v7e-m+fp/hard\libc_nano.a(lib_a-strlen.o)
                0x00000000080001e0                strlen
 .text          0x00000000080001f0       0xa0 c:/st/stm32cubeide_1.7.0/stm32cubeide/plugins/com.st.stm32cube.ide.mcu.externaltools.gnu-tools-for-stm32.9-2020-q2-update.win32_2.0.0.202105311346/tools/bin/../lib/gcc/arm-none-eabi/9.3.1/../../../../arm-none-eabi/lib/thumb/v7e-m+fp/hard\libc_nano.a(lib_a-memchr.o)
                0x00000000080001f0                memchr
 .text          0x0000000008000290      0x378 c:/st/stm32cubeide_1.7.0/stm32cubeide/plugins/com.st.stm32cube.ide.mcu.externaltools.gnu-tools-for-stm32.9-2020-q2-update.win32_2.0.0.202105311346/tools/bin/../lib/gcc/arm-none-eabi/9.3.1/thumb/v7e-m+fp/hard\libgcc.a(_arm_addsubdf3.o)
                0x0000000008000290                __aeabi_drsub
                0x0000000008000298                __aeabi_dsub
                0x0000000008000298                __subdf3
                0x000000000800029c                __aeabi_dadd
                0x000000000800029c                __adddf3
                0x0000000008000514                __floatunsidf
                0x0000000008000514                __aeabi_ui2d
                0x0000000008000534                __floatsidf
                0x0000000008000534                __aeabi_i2d
                0x0000000008000558                __aeabi_f2d
                0x0000000008000558                __extendsfdf2
                0x000000000800059c                __floatundidf
                0x000000000800059c                __aeabi_ul2d
                0x00000000080005ac                __floatdidf
                0x00000000080005ac                __aeabi_l2d
 .text          0x0000000008000608      0x424 c:/st/stm32cubeide_1.7.0/stm32cubeide/plugins/com.st.stm32cube.ide.mcu.externaltools.gnu-tools-for-stm32.9-2020-q2-update.win32_2.0.0.202105311346/tools/bin/../lib/gcc/arm-none-eabi/9.3.1/thumb/v7e-m+fp/hard\libgcc.a(_arm_muldivdf3.o)
                0x0000000008000608                __aeabi_dmul
                0x0000000008000608                __muldf3
                0x000000000800085c                __divdf3
                0x000000000800085c                __aeabi_ddiv
 .text          0x0000000008000a2c      0x110 c:/st/stm32cubeide_1.7.0/stm32cubeide/plugins/com.st.stm32cube.ide.mcu.externaltools.gnu-tools-for-stm32.9-2020-q2-update.win32_2.0.0.202105311346/tools/bin/../lib/gcc/arm-none-eabi/9.3.1/thumb/v7e-m+fp/hard\libgcc.a(_arm_cmpdf2.o)
                0x0000000008000a2c                __gtdf2
                0x0000000008000a2c                __gedf2
                0x0000000008000a34                __ltdf2
                0x0000000008000a34                __ledf2
                0x0000000008000a3c                __nedf2
                0x0000000008000a3c                __eqdf2
                0x0000000008000a3c                __cmpdf2
                0x0000000008000ab8                __aeabi_cdrcmple
                0x0000000008000ac8                __aeabi_cdcmpeq
                0x0000000008000ac8                __aeabi_cdcmple
                0x0000000008000ad8                __aeabi_dcmpeq
                0x0000000008000aec                __aeabi_dcmplt
                0x0000000008000b00                __aeabi_dcmple
                0x0000000008000b14                __aeabi_dcmpge
                0x0000000008000b28                __aeabi_dcmpgt
 .text          0x0000000008000b3c       0x2c c:/st/stm32cubeide_1.7.0/stm32cubeide/plugins/com.st.stm32cube.ide.mcu.externaltools.gnu-tools-for-stm32.9-2020-q2-update.win32_2.0.0.202105311346/tools/bin/../lib/gcc/arm-none-eabi/9.3.1/thumb/v7e-m+fp/hard\libgcc.a(_arm_unorddf2.o)
                0x0000000008000b3c                __unorddf2
                0x0000000008000b3c                __aeabi_dcmpun
 .text          0x0000000008000b68       0x50 c:/st/stm32cubeide_1.7.0/stm32cubeide/plugins/com.st.stm32cube.ide.mcu.externaltools.gnu-tools-for-stm32.9-2020-q2-update.win32_2.0.0.202105311346/tools/bin/../lib/gcc/arm-none-eabi/9.3.1/thumb/v7e-m+fp/hard\libgcc.a(_arm_fixdfsi.o)
                0x0000000008000b68                __aeabi_d2iz
                0x0000000008000b68                __fixdfsi
 .text          0x0000000008000bb8       0xa0 c:/st/stm32cubeide_1.7.0/stm32cubeide/plugins/com.st.stm32cube.ide.mcu.externaltools.gnu-tools-for-stm32.9-2020-q2-update.win32_2.0.0.202105311346/tools/bin/../lib/gcc/arm-none-eabi/9.3.1/thumb/v7e-m+fp/hard\libgcc.a(_arm_truncdfsf2.o)
                0x0000000008000bb8                __truncdfsf2
                0x0000000008000bb8                __aeabi_d2f
 .text          0x0000000008000c58       0xa0 c:/st/stm32cubeide_1.7.0/stm32cubeide/plugins/com.st.stm32cube.ide.mcu.externaltools.gnu-tools-for-stm32.9-2020-q2-update.win32_2.0.0.202105311346/tools/bin/../lib/gcc/arm-none-eabi/9.3.1/thumb/v7e-m+fp/hard\libgcc.a(_aeabi_ldivmod.o)
                0x0000000008000c58                __aeabi_ldivmod
 .text          0x0000000008000cf8       0x30 c:/st/stm32cubeide_1.7.0/stm32cubeide/plugins/com.st.stm32cube.ide.mcu.externaltools.gnu-tools-for-stm32.9-2020-q2-update.win32_2.0.0.202105311346/tools/bin/../lib/gcc/arm-none-eabi/9.3.1/thumb/v7e-m+fp/hard\libgcc.a(_aeabi_uldivmod.o)
                0x0000000008000cf8                __aeabi_uldivmod
 .text          0x0000000008000d28      0x2c4 c:/st/stm32cubeide_1.7.0/stm32cubeide/plugins/com.st.stm32cube.ide.mcu.externaltools.gnu-tools-for-stm32.9-2020-q2-update.win32_2.0.0.202105311346/tools/bin/../lib/gcc/arm-none-eabi/9.3.1/thumb/v7e-m+fp/hard\libgcc.a(_udivmoddi4.o)
                0x0000000008000d28                __udivmoddi4
 .text          0x0000000008000fec        0x4 c:/st/stm32cubeide_1.7.0/stm32cubeide/plugins/com.st.stm32cube.ide.mcu.externaltools.gnu-tools-for-stm32.9-2020-q2-update.win32_2.0.0.202105311346/tools/bin/../lib/gcc/arm-none-eabi/9.3.1/thumb/v7e-m+fp/hard\libgcc.a(_dvmd_tls.o)
                0x0000000008000fec                __aeabi_idiv0
                0x0000000008000fec                __aeabi_ldiv0
 *(.text*)
 .text._ZSt3absl
                0x0000000008000ff0       0x1c ./Core/Source/App/MPU6050-App/MPU6050-App.o
                0x0000000008000ff0                std::abs(long)
 .text._ZN10QuaternionC2Ev
                0x000000000800100c       0x36 ./Core/Source/App/MPU6050-App/MPU6050-App.o
                0x000000000800100c                Quaternion::Quaternion()
                0x000000000800100c                Quaternion::Quaternion()
 .text._ZN11VectorInt16C2Ev
                0x0000000008001042       0x28 ./Core/Source/App/MPU6050-App/MPU6050-App.o
                0x0000000008001042                VectorInt16::VectorInt16()
                0x0000000008001042                VectorInt16::VectorInt16()
 .text._ZN11VectorFloatC2Ev
                0x000000000800106a       0x2e ./Core/Source/App/MPU6050-App/MPU6050-App.o
                0x000000000800106a                VectorFloat::VectorFloat()
                0x000000000800106a                VectorFloat::VectorFloat()
 .text._ZN7MPU605013dmpInitializeEv
                0x0000000008001098      0x1dc ./Core/Source/App/MPU6050-App/MPU6050-App.o
                0x0000000008001098                MPU6050::dmpInitialize()
 .text._ZN7MPU605016dmpGetQuaternionEPsPKh
                0x0000000008001274       0xa2 ./Core/Source/App/MPU6050-App/MPU6050-App.o
                0x0000000008001274                MPU6050::dmpGetQuaternion(short*, unsigned char const*)
 *fill*         0x0000000008001316        0x2 
 .text._ZN7MPU605016dmpGetQuaternionEP10QuaternionPKh
                0x0000000008001318       0xa0 ./Core/Source/App/MPU6050-App/MPU6050-App.o
                0x0000000008001318                MPU6050::dmpGetQuaternion(Quaternion*, unsigned char const*)
 .text._ZN7MPU605020dmpGetFIFOPacketSizeEv
                0x00000000080013b8       0x18 ./Core/Source/App/MPU6050-App/MPU6050-App.o
                0x00000000080013b8                MPU6050::dmpGetFIFOPacketSize()
 .text._Z16MPU_dmpDataReadyv
                0x00000000080013d0       0x18 ./Core/Source/App/MPU6050-App/MPU6050-App.o
                0x00000000080013d0                MPU_dmpDataReady()
 .text._Z8MPU_InitP17I2C_HandleTypeDef
                0x00000000080013e8       0xc8 ./Core/Source/App/MPU6050-App/MPU6050-App.o
                0x00000000080013e8                MPU_Init(I2C_HandleTypeDef*)
 .text._ZL7readDMPv
                0x00000000080014b0       0xf0 ./Core/Source/App/MPU6050-App/MPU6050-App.o
 .text._Z15MPU_GetDMPValueR10DMP_data_t
                0x00000000080015a0      0x14c ./Core/Source/App/MPU6050-App/MPU6050-App.o
                0x00000000080015a0                MPU_GetDMPValue(DMP_data_t&)
 .text._ZL10calibSetupv
                0x00000000080016ec       0x3c ./Core/Source/App/MPU6050-App/MPU6050-App.o
 .text._ZL11meansensorsv
                0x0000000008001728      0x274 ./Core/Source/App/MPU6050-App/MPU6050-App.o
 .text._ZL11calibrationv
                0x000000000800199c      0x2a0 ./Core/Source/App/MPU6050-App/MPU6050-App.o
 .text._ZL21calibration_caloffsetv
                0x0000000008001c3c       0x54 ./Core/Source/App/MPU6050-App/MPU6050-App.o
 .text._Z41__static_initialization_and_destruction_0ii
                0x0000000008001c90       0x54 ./Core/Source/App/MPU6050-App/MPU6050-App.o
 .text._GLOBAL__sub_I__ZN7MPU605013dmpInitializeEv
                0x0000000008001ce4       0x10 ./Core/Source/App/MPU6050-App/MPU6050-App.o
 .text.main     0x0000000008001cf4      0x140 ./Core/Source/App/main.o
                0x0000000008001cf4                main
 .text._Z18SystemClock_Configv
                0x0000000008001e34       0xec ./Core/Source/App/main.o
                0x0000000008001e34                SystemClock_Config()
 .text._Z12MX_I2C1_Initv
                0x0000000008001f20       0x68 ./Core/Source/App/main.o
                0x0000000008001f20                MX_I2C1_Init()
 .text._ZL12MX_I2C3_Initv
                0x0000000008001f88       0x68 ./Core/Source/App/main.o
 .text._ZL19MX_USART2_UART_Initv
                0x0000000008001ff0       0x5c ./Core/Source/App/main.o
 .text.HAL_GPIO_EXTI_IRQHandler
                0x000000000800204c       0x3c ./Core/Source/App/main.o
                0x000000000800204c                HAL_GPIO_EXTI_IRQHandler
 .text.HAL_GPIO_EXTI_Callback
                0x0000000008002088       0x16 ./Core/Source/App/main.o
                0x0000000008002088                HAL_GPIO_EXTI_Callback
 *fill*         0x000000000800209e        0x2 
 .text._ZL12MX_GPIO_Initv
                0x00000000080020a0       0xc0 ./Core/Source/App/main.o
 .text.Error_Handler
                0x0000000008002160        0xa ./Core/Source/App/main.o
                0x0000000008002160                Error_Handler
 *fill*         0x000000000800216a        0x2 
 .text._Z11I2Cdev_initP17I2C_HandleTypeDef
                0x000000000800216c       0x20 ./Core/Source/Driver/I2CDev/I2Cdev.o
                0x000000000800216c                I2Cdev_init(I2C_HandleTypeDef*)
 .text._Z14I2Cdev_readBithhhPht
                0x000000000800218c       0x48 ./Core/Source/Driver/I2CDev/I2Cdev.o
                0x000000000800218c                I2Cdev_readBit(unsigned char, unsigned char, unsigned char, unsigned char*, unsigned short)
 .text._Z15I2Cdev_readBitshhhhPht
                0x00000000080021d4       0x86 ./Core/Source/Driver/I2CDev/I2Cdev.o
                0x00000000080021d4                I2Cdev_readBits(unsigned char, unsigned char, unsigned char, unsigned char, unsigned char*, unsigned short)
 .text._Z15I2Cdev_readBytehhPht
                0x000000000800225a       0x30 ./Core/Source/Driver/I2CDev/I2Cdev.o
                0x000000000800225a                I2Cdev_readByte(unsigned char, unsigned char, unsigned char*, unsigned short)
 *fill*         0x000000000800228a        0x2 
 .text._Z16I2Cdev_readByteshhhPht
                0x000000000800228c       0x7c ./Core/Source/Driver/I2CDev/I2Cdev.o
                0x000000000800228c                I2Cdev_readBytes(unsigned char, unsigned char, unsigned char, unsigned char*, unsigned short)
 .text._Z15I2Cdev_writeBithhhh
                0x0000000008002308       0x80 ./Core/Source/Driver/I2CDev/I2Cdev.o
                0x0000000008002308                I2Cdev_writeBit(unsigned char, unsigned char, unsigned char, unsigned char)
 .text._Z16I2Cdev_writeBitshhhhh
                0x0000000008002388       0xae ./Core/Source/Driver/I2CDev/I2Cdev.o
                0x0000000008002388                I2Cdev_writeBits(unsigned char, unsigned char, unsigned char, unsigned char, unsigned char)
 .text._Z16I2Cdev_writeBytehhh
                0x0000000008002436       0x28 ./Core/Source/Driver/I2CDev/I2Cdev.o
                0x0000000008002436                I2Cdev_writeByte(unsigned char, unsigned char, unsigned char)
 .text._Z16I2Cdev_writeWordhht
                0x000000000800245e       0x28 ./Core/Source/Driver/I2CDev/I2Cdev.o
                0x000000000800245e                I2Cdev_writeWord(unsigned char, unsigned char, unsigned short)
 *fill*         0x0000000008002486        0x2 
 .text._Z17I2Cdev_writeByteshhhPh
                0x0000000008002488       0x58 ./Core/Source/Driver/I2CDev/I2Cdev.o
                0x0000000008002488                I2Cdev_writeBytes(unsigned char, unsigned char, unsigned char, unsigned char*)
 .text._Z17I2Cdev_writeWordshhhPt
                0x00000000080024e0       0xb4 ./Core/Source/Driver/I2CDev/I2Cdev.o
                0x00000000080024e0                I2Cdev_writeWords(unsigned char, unsigned char, unsigned char, unsigned short*)
 .text._ZN7MPU6050C2Ev
                0x0000000008002594       0x1c ./Core/Source/Mid/MPU6050/MPU6050.o
                0x0000000008002594                MPU6050::MPU6050()
                0x0000000008002594                MPU6050::MPU6050()
 .text._ZN7MPU605010initializeEv
                0x00000000080025b0       0x30 ./Core/Source/Mid/MPU6050/MPU6050.o
                0x00000000080025b0                MPU6050::initialize()
 .text._ZN7MPU60507setRateEh
                0x00000000080025e0       0x22 ./Core/Source/Mid/MPU6050/MPU6050.o
                0x00000000080025e0                MPU6050::setRate(unsigned char)
 .text._ZN7MPU605020setExternalFrameSyncEh
                0x0000000008002602       0x26 ./Core/Source/Mid/MPU6050/MPU6050.o
                0x0000000008002602                MPU6050::setExternalFrameSync(unsigned char)
 .text._ZN7MPU605011setDLPFModeEh
                0x0000000008002628       0x26 ./Core/Source/Mid/MPU6050/MPU6050.o
                0x0000000008002628                MPU6050::setDLPFMode(unsigned char)
 .text._ZN7MPU605021setFullScaleGyroRangeEh
                0x000000000800264e       0x26 ./Core/Source/Mid/MPU6050/MPU6050.o
                0x000000000800264e                MPU6050::setFullScaleGyroRange(unsigned char)
 .text._ZN7MPU605022setFullScaleAccelRangeEh
                0x0000000008002674       0x26 ./Core/Source/Mid/MPU6050/MPU6050.o
                0x0000000008002674                MPU6050::setFullScaleAccelRange(unsigned char)
 .text._ZN7MPU605015setSlaveAddressEhh
                0x000000000800269a       0x3a ./Core/Source/Mid/MPU6050/MPU6050.o
                0x000000000800269a                MPU6050::setSlaveAddress(unsigned char, unsigned char)
 .text._ZN7MPU605013setIntEnabledEh
                0x00000000080026d4       0x22 ./Core/Source/Mid/MPU6050/MPU6050.o
                0x00000000080026d4                MPU6050::setIntEnabled(unsigned char)
 .text._ZN7MPU605012getIntStatusEv
                0x00000000080026f6       0x24 ./Core/Source/Mid/MPU6050/MPU6050.o
                0x00000000080026f6                MPU6050::getIntStatus()
 .text._ZN7MPU605010getMotion6EPsS0_S0_S0_S0_S0_
                0x000000000800271a       0xae ./Core/Source/Mid/MPU6050/MPU6050.o
                0x000000000800271a                MPU6050::getMotion6(short*, short*, short*, short*, short*, short*)
 .text._ZN7MPU605016getAccelerationXEv
                0x00000000080027c8       0x36 ./Core/Source/Mid/MPU6050/MPU6050.o
                0x00000000080027c8                MPU6050::getAccelerationX()
 .text._ZN7MPU605016getAccelerationYEv
                0x00000000080027fe       0x36 ./Core/Source/Mid/MPU6050/MPU6050.o
                0x00000000080027fe                MPU6050::getAccelerationY()
 .text._ZN7MPU605016getAccelerationZEv
                0x0000000008002834       0x36 ./Core/Source/Mid/MPU6050/MPU6050.o
                0x0000000008002834                MPU6050::getAccelerationZ()
 .text._ZN7MPU605012getRotationXEv
                0x000000000800286a       0x36 ./Core/Source/Mid/MPU6050/MPU6050.o
                0x000000000800286a                MPU6050::getRotationX()
 .text._ZN7MPU605012getRotationYEv
                0x00000000080028a0       0x36 ./Core/Source/Mid/MPU6050/MPU6050.o
                0x00000000080028a0                MPU6050::getRotationY()
 .text._ZN7MPU605012getRotationZEv
                0x00000000080028d6       0x36 ./Core/Source/Mid/MPU6050/MPU6050.o
                0x00000000080028d6                MPU6050::getRotationZ()
 .text._ZN7MPU605014setFIFOEnabledEb
                0x000000000800290c       0x22 ./Core/Source/Mid/MPU6050/MPU6050.o
                0x000000000800290c                MPU6050::setFIFOEnabled(bool)
 .text._ZN7MPU605023setI2CMasterModeEnabledEb
                0x000000000800292e       0x22 ./Core/Source/Mid/MPU6050/MPU6050.o
                0x000000000800292e                MPU6050::setI2CMasterModeEnabled(bool)
 .text._ZN7MPU60509resetFIFOEv
                0x0000000008002950       0x1e ./Core/Source/Mid/MPU6050/MPU6050.o
                0x0000000008002950                MPU6050::resetFIFO()
 .text._ZN7MPU605014resetI2CMasterEv
                0x000000000800296e       0x1e ./Core/Source/Mid/MPU6050/MPU6050.o
                0x000000000800296e                MPU6050::resetI2CMaster()
 .text._ZN7MPU60505resetEv
                0x000000000800298c       0x1e ./Core/Source/Mid/MPU6050/MPU6050.o
                0x000000000800298c                MPU6050::reset()
 .text._ZN7MPU605015setSleepEnabledEb
                0x00000000080029aa       0x22 ./Core/Source/Mid/MPU6050/MPU6050.o
                0x00000000080029aa                MPU6050::setSleepEnabled(bool)
 .text._ZN7MPU605014setClockSourceEh
                0x00000000080029cc       0x26 ./Core/Source/Mid/MPU6050/MPU6050.o
                0x00000000080029cc                MPU6050::setClockSource(unsigned char)
 .text._ZN7MPU605012getFIFOCountEv
                0x00000000080029f2       0x38 ./Core/Source/Mid/MPU6050/MPU6050.o
                0x00000000080029f2                MPU6050::getFIFOCount()
 .text._ZN7MPU605012getFIFOBytesEPhh
                0x0000000008002a2a       0x28 ./Core/Source/Mid/MPU6050/MPU6050.o
                0x0000000008002a2a                MPU6050::getFIFOBytes(unsigned char*, unsigned char)
 .text._ZN7MPU605015getOTPBankValidEv
                0x0000000008002a52       0x28 ./Core/Source/Mid/MPU6050/MPU6050.o
                0x0000000008002a52                MPU6050::getOTPBankValid()
 .text._ZN7MPU605015setOTPBankValidEb
                0x0000000008002a7a       0x22 ./Core/Source/Mid/MPU6050/MPU6050.o
                0x0000000008002a7a                MPU6050::setOTPBankValid(bool)
 .text._ZN7MPU605016getXGyroOffsetTCEv
                0x0000000008002a9c       0x2e ./Core/Source/Mid/MPU6050/MPU6050.o
                0x0000000008002a9c                MPU6050::getXGyroOffsetTC()
 .text._ZN7MPU605016setXGyroOffsetTCEa
                0x0000000008002aca       0x26 ./Core/Source/Mid/MPU6050/MPU6050.o
                0x0000000008002aca                MPU6050::setXGyroOffsetTC(signed char)
 .text._ZN7MPU605016getYGyroOffsetTCEv
                0x0000000008002af0       0x2e ./Core/Source/Mid/MPU6050/MPU6050.o
                0x0000000008002af0                MPU6050::getYGyroOffsetTC()
 .text._ZN7MPU605016setYGyroOffsetTCEa
                0x0000000008002b1e       0x26 ./Core/Source/Mid/MPU6050/MPU6050.o
                0x0000000008002b1e                MPU6050::setYGyroOffsetTC(signed char)
 .text._ZN7MPU605016getZGyroOffsetTCEv
                0x0000000008002b44       0x2e ./Core/Source/Mid/MPU6050/MPU6050.o
                0x0000000008002b44                MPU6050::getZGyroOffsetTC()
 .text._ZN7MPU605016setZGyroOffsetTCEa
                0x0000000008002b72       0x26 ./Core/Source/Mid/MPU6050/MPU6050.o
                0x0000000008002b72                MPU6050::setZGyroOffsetTC(signed char)
 .text._ZN7MPU605015setXAccelOffsetEs
                0x0000000008002b98       0x22 ./Core/Source/Mid/MPU6050/MPU6050.o
                0x0000000008002b98                MPU6050::setXAccelOffset(short)
 .text._ZN7MPU605015setYAccelOffsetEs
                0x0000000008002bba       0x22 ./Core/Source/Mid/MPU6050/MPU6050.o
                0x0000000008002bba                MPU6050::setYAccelOffset(short)
 .text._ZN7MPU605015setZAccelOffsetEs
                0x0000000008002bdc       0x22 ./Core/Source/Mid/MPU6050/MPU6050.o
                0x0000000008002bdc                MPU6050::setZAccelOffset(short)
 .text._ZN7MPU605014setXGyroOffsetEs
                0x0000000008002bfe       0x22 ./Core/Source/Mid/MPU6050/MPU6050.o
                0x0000000008002bfe                MPU6050::setXGyroOffset(short)
 .text._ZN7MPU605014setYGyroOffsetEs
                0x0000000008002c20       0x22 ./Core/Source/Mid/MPU6050/MPU6050.o
                0x0000000008002c20                MPU6050::setYGyroOffset(short)
 .text._ZN7MPU605014setZGyroOffsetEs
                0x0000000008002c42       0x22 ./Core/Source/Mid/MPU6050/MPU6050.o
                0x0000000008002c42                MPU6050::setZGyroOffset(short)
 .text._ZN7MPU605013setDMPEnabledEb
                0x0000000008002c64       0x22 ./Core/Source/Mid/MPU6050/MPU6050.o
                0x0000000008002c64                MPU6050::setDMPEnabled(bool)
 .text._ZN7MPU605013setMemoryBankEhbb
                0x0000000008002c86       0x54 ./Core/Source/Mid/MPU6050/MPU6050.o
                0x0000000008002c86                MPU6050::setMemoryBank(unsigned char, bool, bool)
 .text._ZN7MPU605021setMemoryStartAddressEh
                0x0000000008002cda       0x22 ./Core/Source/Mid/MPU6050/MPU6050.o
                0x0000000008002cda                MPU6050::setMemoryStartAddress(unsigned char)
 .text._ZN7MPU605014readMemoryByteEv
                0x0000000008002cfc       0x24 ./Core/Source/Mid/MPU6050/MPU6050.o
                0x0000000008002cfc                MPU6050::readMemoryByte()
 .text._ZN7MPU605016writeMemoryBlockEPKhthhbb
                0x0000000008002d20      0x1a8 ./Core/Source/Mid/MPU6050/MPU6050.o
                0x0000000008002d20                MPU6050::writeMemoryBlock(unsigned char const*, unsigned short, unsigned char, unsigned char, bool, bool)
 .text._ZN7MPU605020writeProgMemoryBlockEPKhthhb
                0x0000000008002ec8       0x3a ./Core/Source/Mid/MPU6050/MPU6050.o
                0x0000000008002ec8                MPU6050::writeProgMemoryBlock(unsigned char const*, unsigned short, unsigned char, unsigned char, bool)
 .text._ZN7MPU605024writeDMPConfigurationSetEPKhtb
                0x0000000008002f02      0x18c ./Core/Source/Mid/MPU6050/MPU6050.o
                0x0000000008002f02                MPU6050::writeDMPConfigurationSet(unsigned char const*, unsigned short, bool)
 .text._ZN7MPU605028writeProgDMPConfigurationSetEPKht
                0x000000000800308e       0x24 ./Core/Source/Mid/MPU6050/MPU6050.o
                0x000000000800308e                MPU6050::writeProgDMPConfigurationSet(unsigned char const*, unsigned short)
 .text._ZN7MPU605013setDMPConfig1Eh
                0x00000000080030b2       0x22 ./Core/Source/Mid/MPU6050/MPU6050.o
                0x00000000080030b2                MPU6050::setDMPConfig1(unsigned char)
 .text._ZN7MPU605013setDMPConfig2Eh
                0x00000000080030d4       0x22 ./Core/Source/Mid/MPU6050/MPU6050.o
                0x00000000080030d4                MPU6050::setDMPConfig2(unsigned char)
 *fill*         0x00000000080030f6        0x2 
 .text.HAL_MspInit
                0x00000000080030f8       0x50 ./Core/Src/stm32f4xx_hal_msp.o
                0x00000000080030f8                HAL_MspInit
 .text.HAL_I2C_MspInit
                0x0000000008003148       0x90 ./Core/Src/stm32f4xx_hal_msp.o
                0x0000000008003148                HAL_I2C_MspInit
 .text.HAL_UART_MspInit
                0x00000000080031d8       0x90 ./Core/Src/stm32f4xx_hal_msp.o
                0x00000000080031d8                HAL_UART_MspInit
 .text.NMI_Handler
                0x0000000008003268        0x6 ./Core/Src/stm32f4xx_it.o
                0x0000000008003268                NMI_Handler
 .text.HardFault_Handler
                0x000000000800326e        0x6 ./Core/Src/stm32f4xx_it.o
                0x000000000800326e                HardFault_Handler
 .text.MemManage_Handler
                0x0000000008003274        0x6 ./Core/Src/stm32f4xx_it.o
                0x0000000008003274                MemManage_Handler
 .text.BusFault_Handler
                0x000000000800327a        0x6 ./Core/Src/stm32f4xx_it.o
                0x000000000800327a                BusFault_Handler
 .text.UsageFault_Handler
                0x0000000008003280        0x6 ./Core/Src/stm32f4xx_it.o
                0x0000000008003280                UsageFault_Handler
 .text.SVC_Handler
                0x0000000008003286        0xe ./Core/Src/stm32f4xx_it.o
                0x0000000008003286                SVC_Handler
 .text.DebugMon_Handler
                0x0000000008003294        0xe ./Core/Src/stm32f4xx_it.o
                0x0000000008003294                DebugMon_Handler
 .text.PendSV_Handler
                0x00000000080032a2        0xe ./Core/Src/stm32f4xx_it.o
                0x00000000080032a2                PendSV_Handler
 .text.SysTick_Handler
                0x00000000080032b0        0xc ./Core/Src/stm32f4xx_it.o
                0x00000000080032b0                SysTick_Handler
 .text.EXTI9_5_IRQHandler
                0x00000000080032bc        0xe ./Core/Src/stm32f4xx_it.o
                0x00000000080032bc                EXTI9_5_IRQHandler
 .text._getpid  0x00000000080032ca       0x10 ./Core/Src/syscalls.o
                0x00000000080032ca                _getpid
 .text._kill    0x00000000080032da       0x20 ./Core/Src/syscalls.o
                0x00000000080032da                _kill
 .text._exit    0x00000000080032fa       0x14 ./Core/Src/syscalls.o
                0x00000000080032fa                _exit
 .text._read    0x000000000800330e       0x3a ./Core/Src/syscalls.o
                0x000000000800330e                _read
 .text._write   0x0000000008003348       0x38 ./Core/Src/syscalls.o
                0x0000000008003348                _write
 .text._close   0x0000000008003380       0x18 ./Core/Src/syscalls.o
                0x0000000008003380                _close
 .text._fstat   0x0000000008003398       0x20 ./Core/Src/syscalls.o
                0x0000000008003398                _fstat
 .text._isatty  0x00000000080033b8       0x16 ./Core/Src/syscalls.o
                0x00000000080033b8                _isatty
 .text._lseek   0x00000000080033ce       0x1a ./Core/Src/syscalls.o
                0x00000000080033ce                _lseek
 .text._sbrk    0x00000000080033e8       0x6c ./Core/Src/sysmem.o
                0x00000000080033e8                _sbrk
 .text.SystemInit
                0x0000000008003454       0x24 ./Core/Src/system_stm32f4xx.o
                0x0000000008003454                SystemInit
 .text.Reset_Handler
                0x0000000008003478       0x50 ./Core/Startup/startup_stm32f401retx.o
                0x0000000008003478                Reset_Handler
 .text.Default_Handler
                0x00000000080034c8        0x2 ./Core/Startup/startup_stm32f401retx.o
                0x00000000080034c8                RTC_Alarm_IRQHandler
                0x00000000080034c8                EXTI2_IRQHandler
                0x00000000080034c8                SPI4_IRQHandler
                0x00000000080034c8                TIM1_CC_IRQHandler
                0x00000000080034c8                DMA2_Stream5_IRQHandler
                0x00000000080034c8                DMA1_Stream5_IRQHandler
                0x00000000080034c8                PVD_IRQHandler
                0x00000000080034c8                SDIO_IRQHandler
                0x00000000080034c8                TAMP_STAMP_IRQHandler
                0x00000000080034c8                EXTI3_IRQHandler
                0x00000000080034c8                TIM1_UP_TIM10_IRQHandler
                0x00000000080034c8                I2C3_ER_IRQHandler
                0x00000000080034c8                EXTI0_IRQHandler
                0x00000000080034c8                I2C2_EV_IRQHandler
                0x00000000080034c8                DMA1_Stream2_IRQHandler
                0x00000000080034c8                FPU_IRQHandler
                0x00000000080034c8                DMA2_Stream2_IRQHandler
                0x00000000080034c8                SPI1_IRQHandler
                0x00000000080034c8                TIM1_BRK_TIM9_IRQHandler
                0x00000000080034c8                DMA2_Stream3_IRQHandler
                0x00000000080034c8                USART6_IRQHandler
                0x00000000080034c8                DMA2_Stream0_IRQHandler
                0x00000000080034c8                TIM4_IRQHandler
                0x00000000080034c8                I2C1_EV_IRQHandler
                0x00000000080034c8                DMA1_Stream6_IRQHandler
                0x00000000080034c8                DMA1_Stream1_IRQHandler
                0x00000000080034c8                TIM3_IRQHandler
                0x00000000080034c8                RCC_IRQHandler
                0x00000000080034c8                Default_Handler
                0x00000000080034c8                EXTI15_10_IRQHandler
                0x00000000080034c8                ADC_IRQHandler
                0x00000000080034c8                DMA1_Stream7_IRQHandler
                0x00000000080034c8                TIM5_IRQHandler
                0x00000000080034c8                DMA2_Stream7_IRQHandler
                0x00000000080034c8                I2C3_EV_IRQHandler
                0x00000000080034c8                RTC_WKUP_IRQHandler
                0x00000000080034c8                SPI2_IRQHandler
                0x00000000080034c8                DMA1_Stream0_IRQHandler
                0x00000000080034c8                EXTI4_IRQHandler
                0x00000000080034c8                WWDG_IRQHandler
                0x00000000080034c8                TIM2_IRQHandler
                0x00000000080034c8                OTG_FS_WKUP_IRQHandler
                0x00000000080034c8                TIM1_TRG_COM_TIM11_IRQHandler
                0x00000000080034c8                EXTI1_IRQHandler
                0x00000000080034c8                USART2_IRQHandler
                0x00000000080034c8                I2C2_ER_IRQHandler
                0x00000000080034c8                DMA2_Stream1_IRQHandler
                0x00000000080034c8                FLASH_IRQHandler
                0x00000000080034c8                DMA2_Stream4_IRQHandler
                0x00000000080034c8                USART1_IRQHandler
                0x00000000080034c8                OTG_FS_IRQHandler
                0x00000000080034c8                SPI3_IRQHandler
                0x00000000080034c8                DMA1_Stream4_IRQHandler
                0x00000000080034c8                I2C1_ER_IRQHandler
                0x00000000080034c8                DMA2_Stream6_IRQHandler
                0x00000000080034c8                DMA1_Stream3_IRQHandler
 *fill*         0x00000000080034ca        0x2 
 .text.HAL_Init
                0x00000000080034cc       0x44 ./Drivers/STM32F4xx_HAL_Driver/Src/stm32f4xx_hal.o
                0x00000000080034cc                HAL_Init
 .text.HAL_InitTick
                0x0000000008003510       0x60 ./Drivers/STM32F4xx_HAL_Driver/Src/stm32f4xx_hal.o
                0x0000000008003510                HAL_InitTick
 .text.HAL_IncTick
                0x0000000008003570       0x28 ./Drivers/STM32F4xx_HAL_Driver/Src/stm32f4xx_hal.o
                0x0000000008003570                HAL_IncTick
 .text.HAL_GetTick
                0x0000000008003598       0x18 ./Drivers/STM32F4xx_HAL_Driver/Src/stm32f4xx_hal.o
                0x0000000008003598                HAL_GetTick
 .text.HAL_Delay
                0x00000000080035b0       0x48 ./Drivers/STM32F4xx_HAL_Driver/Src/stm32f4xx_hal.o
                0x00000000080035b0                HAL_Delay
 .text.__NVIC_SetPriorityGrouping
                0x00000000080035f8       0x48 ./Drivers/STM32F4xx_HAL_Driver/Src/stm32f4xx_hal_cortex.o
 .text.__NVIC_GetPriorityGrouping
                0x0000000008003640       0x1c ./Drivers/STM32F4xx_HAL_Driver/Src/stm32f4xx_hal_cortex.o
 .text.__NVIC_EnableIRQ
                0x000000000800365c       0x3c ./Drivers/STM32F4xx_HAL_Driver/Src/stm32f4xx_hal_cortex.o
 .text.__NVIC_SetPriority
                0x0000000008003698       0x54 ./Drivers/STM32F4xx_HAL_Driver/Src/stm32f4xx_hal_cortex.o
 .text.NVIC_EncodePriority
                0x00000000080036ec       0x66 ./Drivers/STM32F4xx_HAL_Driver/Src/stm32f4xx_hal_cortex.o
 *fill*         0x0000000008003752        0x2 
 .text.SysTick_Config
                0x0000000008003754       0x44 ./Drivers/STM32F4xx_HAL_Driver/Src/stm32f4xx_hal_cortex.o
 .text.HAL_NVIC_SetPriorityGrouping
                0x0000000008003798       0x16 ./Drivers/STM32F4xx_HAL_Driver/Src/stm32f4xx_hal_cortex.o
                0x0000000008003798                HAL_NVIC_SetPriorityGrouping
 .text.HAL_NVIC_SetPriority
                0x00000000080037ae       0x38 ./Drivers/STM32F4xx_HAL_Driver/Src/stm32f4xx_hal_cortex.o
                0x00000000080037ae                HAL_NVIC_SetPriority
 .text.HAL_NVIC_EnableIRQ
                0x00000000080037e6       0x1c ./Drivers/STM32F4xx_HAL_Driver/Src/stm32f4xx_hal_cortex.o
                0x00000000080037e6                HAL_NVIC_EnableIRQ
 .text.HAL_SYSTICK_Config
                0x0000000008003802       0x18 ./Drivers/STM32F4xx_HAL_Driver/Src/stm32f4xx_hal_cortex.o
                0x0000000008003802                HAL_SYSTICK_Config
 *fill*         0x000000000800381a        0x2 
 .text.HAL_GPIO_Init
                0x000000000800381c      0x308 ./Drivers/STM32F4xx_HAL_Driver/Src/stm32f4xx_hal_gpio.o
                0x000000000800381c                HAL_GPIO_Init
 .text.HAL_I2C_Init
                0x0000000008003b24      0x288 ./Drivers/STM32F4xx_HAL_Driver/Src/stm32f4xx_hal_i2c.o
                0x0000000008003b24                HAL_I2C_Init
 .text.HAL_I2C_Master_Transmit
                0x0000000008003dac      0x1fc ./Drivers/STM32F4xx_HAL_Driver/Src/stm32f4xx_hal_i2c.o
                0x0000000008003dac                HAL_I2C_Master_Transmit
 .text.HAL_I2C_Master_Receive
                0x0000000008003fa8      0x44c ./Drivers/STM32F4xx_HAL_Driver/Src/stm32f4xx_hal_i2c.o
                0x0000000008003fa8                HAL_I2C_Master_Receive
 .text.HAL_I2C_Mem_Write
                0x00000000080043f4      0x1f4 ./Drivers/STM32F4xx_HAL_Driver/Src/stm32f4xx_hal_i2c.o
                0x00000000080043f4                HAL_I2C_Mem_Write
 .text.I2C_MasterRequestWrite
                0x00000000080045e8      0x104 ./Drivers/STM32F4xx_HAL_Driver/Src/stm32f4xx_hal_i2c.o
 .text.I2C_MasterRequestRead
                0x00000000080046ec      0x19c ./Drivers/STM32F4xx_HAL_Driver/Src/stm32f4xx_hal_i2c.o
 .text.I2C_RequestMemoryWrite
                0x0000000008004888      0x12c ./Drivers/STM32F4xx_HAL_Driver/Src/stm32f4xx_hal_i2c.o
 .text.I2C_WaitOnFlagUntilTimeout
                0x00000000080049b4       0xae ./Drivers/STM32F4xx_HAL_Driver/Src/stm32f4xx_hal_i2c.o
 .text.I2C_WaitOnMasterAddressFlagUntilTimeout
                0x0000000008004a62       0xfe ./Drivers/STM32F4xx_HAL_Driver/Src/stm32f4xx_hal_i2c.o
 .text.I2C_WaitOnTXEFlagUntilTimeout
                0x0000000008004b60       0x82 ./Drivers/STM32F4xx_HAL_Driver/Src/stm32f4xx_hal_i2c.o
 .text.I2C_WaitOnBTFFlagUntilTimeout
                0x0000000008004be2       0x82 ./Drivers/STM32F4xx_HAL_Driver/Src/stm32f4xx_hal_i2c.o
 .text.I2C_WaitOnRXNEFlagUntilTimeout
                0x0000000008004c64       0xac ./Drivers/STM32F4xx_HAL_Driver/Src/stm32f4xx_hal_i2c.o
 .text.I2C_IsAcknowledgeFailed
                0x0000000008004d10       0x5e ./Drivers/STM32F4xx_HAL_Driver/Src/stm32f4xx_hal_i2c.o
 *fill*         0x0000000008004d6e        0x2 
 .text.HAL_RCC_OscConfig
                0x0000000008004d70      0x4f0 ./Drivers/STM32F4xx_HAL_Driver/Src/stm32f4xx_hal_rcc.o
                0x0000000008004d70                HAL_RCC_OscConfig
 .text.HAL_RCC_ClockConfig
                0x0000000008005260      0x1cc ./Drivers/STM32F4xx_HAL_Driver/Src/stm32f4xx_hal_rcc.o
                0x0000000008005260                HAL_RCC_ClockConfig
 .text.HAL_RCC_GetSysClockFreq
                0x000000000800542c      0x16c ./Drivers/STM32F4xx_HAL_Driver/Src/stm32f4xx_hal_rcc.o
                0x000000000800542c                HAL_RCC_GetSysClockFreq
 .text.HAL_RCC_GetHCLKFreq
                0x0000000008005598       0x18 ./Drivers/STM32F4xx_HAL_Driver/Src/stm32f4xx_hal_rcc.o
                0x0000000008005598                HAL_RCC_GetHCLKFreq
 .text.HAL_RCC_GetPCLK1Freq
                0x00000000080055b0       0x28 ./Drivers/STM32F4xx_HAL_Driver/Src/stm32f4xx_hal_rcc.o
                0x00000000080055b0                HAL_RCC_GetPCLK1Freq
 .text.HAL_RCC_GetPCLK2Freq
                0x00000000080055d8       0x28 ./Drivers/STM32F4xx_HAL_Driver/Src/stm32f4xx_hal_rcc.o
                0x00000000080055d8                HAL_RCC_GetPCLK2Freq
 .text.HAL_UART_Init
                0x0000000008005600       0x9a ./Drivers/STM32F4xx_HAL_Driver/Src/stm32f4xx_hal_uart.o
                0x0000000008005600                HAL_UART_Init
 .text.HAL_UART_Transmit
                0x000000000800569a      0x124 ./Drivers/STM32F4xx_HAL_Driver/Src/stm32f4xx_hal_uart.o
                0x000000000800569a                HAL_UART_Transmit
 .text.UART_WaitOnFlagUntilTimeout
                0x00000000080057be       0xdc ./Drivers/STM32F4xx_HAL_Driver/Src/stm32f4xx_hal_uart.o
 *fill*         0x000000000800589a        0x2 
 .text.UART_SetConfig
                0x000000000800589c      0x390 ./Drivers/STM32F4xx_HAL_Driver/Src/stm32f4xx_hal_uart.o
 .text.__errno  0x0000000008005c2c        0xc c:/st/stm32cubeide_1.7.0/stm32cubeide/plugins/com.st.stm32cube.ide.mcu.externaltools.gnu-tools-for-stm32.9-2020-q2-update.win32_2.0.0.202105311346/tools/bin/../lib/gcc/arm-none-eabi/9.3.1/../../../../arm-none-eabi/lib/thumb/v7e-m+fp/hard\libc_nano.a(lib_a-errno.o)
                0x0000000008005c2c                __errno
 .text.__libc_init_array
                0x0000000008005c38       0x48 c:/st/stm32cubeide_1.7.0/stm32cubeide/plugins/com.st.stm32cube.ide.mcu.externaltools.gnu-tools-for-stm32.9-2020-q2-update.win32_2.0.0.202105311346/tools/bin/../lib/gcc/arm-none-eabi/9.3.1/../../../../arm-none-eabi/lib/thumb/v7e-m+fp/hard\libc_nano.a(lib_a-init.o)
                0x0000000008005c38                __libc_init_array
 .text.malloc   0x0000000008005c80       0x10 c:/st/stm32cubeide_1.7.0/stm32cubeide/plugins/com.st.stm32cube.ide.mcu.externaltools.gnu-tools-for-stm32.9-2020-q2-update.win32_2.0.0.202105311346/tools/bin/../lib/gcc/arm-none-eabi/9.3.1/../../../../arm-none-eabi/lib/thumb/v7e-m+fp/hard\libc_nano.a(lib_a-malloc.o)
                0x0000000008005c80                malloc
 .text.free     0x0000000008005c90       0x10 c:/st/stm32cubeide_1.7.0/stm32cubeide/plugins/com.st.stm32cube.ide.mcu.externaltools.gnu-tools-for-stm32.9-2020-q2-update.win32_2.0.0.202105311346/tools/bin/../lib/gcc/arm-none-eabi/9.3.1/../../../../arm-none-eabi/lib/thumb/v7e-m+fp/hard\libc_nano.a(lib_a-malloc.o)
                0x0000000008005c90                free
 .text.memcmp   0x0000000008005ca0       0x1c c:/st/stm32cubeide_1.7.0/stm32cubeide/plugins/com.st.stm32cube.ide.mcu.externaltools.gnu-tools-for-stm32.9-2020-q2-update.win32_2.0.0.202105311346/tools/bin/../lib/gcc/arm-none-eabi/9.3.1/../../../../arm-none-eabi/lib/thumb/v7e-m+fp/hard\libc_nano.a(lib_a-memcmp.o)
                0x0000000008005ca0                memcmp
 .text.memcpy   0x0000000008005cbc       0x1c c:/st/stm32cubeide_1.7.0/stm32cubeide/plugins/com.st.stm32cube.ide.mcu.externaltools.gnu-tools-for-stm32.9-2020-q2-update.win32_2.0.0.202105311346/tools/bin/../lib/gcc/arm-none-eabi/9.3.1/../../../../arm-none-eabi/lib/thumb/v7e-m+fp/hard\libc_nano.a(lib_a-memcpy-stub.o)
                0x0000000008005cbc                memcpy
 .text.memset   0x0000000008005cd8       0x10 c:/st/stm32cubeide_1.7.0/stm32cubeide/plugins/com.st.stm32cube.ide.mcu.externaltools.gnu-tools-for-stm32.9-2020-q2-update.win32_2.0.0.202105311346/tools/bin/../lib/gcc/arm-none-eabi/9.3.1/../../../../arm-none-eabi/lib/thumb/v7e-m+fp/hard\libc_nano.a(lib_a-memset.o)
                0x0000000008005cd8                memset
 .text._free_r  0x0000000008005ce8       0xa0 c:/st/stm32cubeide_1.7.0/stm32cubeide/plugins/com.st.stm32cube.ide.mcu.externaltools.gnu-tools-for-stm32.9-2020-q2-update.win32_2.0.0.202105311346/tools/bin/../lib/gcc/arm-none-eabi/9.3.1/../../../../arm-none-eabi/lib/thumb/v7e-m+fp/hard\libc_nano.a(lib_a-nano-freer.o)
                0x0000000008005ce8                _free_r
 .text._malloc_r
                0x0000000008005d88       0xb4 c:/st/stm32cubeide_1.7.0/stm32cubeide/plugins/com.st.stm32cube.ide.mcu.externaltools.gnu-tools-for-stm32.9-2020-q2-update.win32_2.0.0.202105311346/tools/bin/../lib/gcc/arm-none-eabi/9.3.1/../../../../arm-none-eabi/lib/thumb/v7e-m+fp/hard\libc_nano.a(lib_a-nano-mallocr.o)
                0x0000000008005d88                _malloc_r
 .text.__cvt    0x0000000008005e3c       0xc4 c:/st/stm32cubeide_1.7.0/stm32cubeide/plugins/com.st.stm32cube.ide.mcu.externaltools.gnu-tools-for-stm32.9-2020-q2-update.win32_2.0.0.202105311346/tools/bin/../lib/gcc/arm-none-eabi/9.3.1/../../../../arm-none-eabi/lib/thumb/v7e-m+fp/hard\libc_nano.a(lib_a-nano-vfprintf_float.o)
                0x0000000008005e3c                __cvt
 .text.__exponent
                0x0000000008005f00       0x7c c:/st/stm32cubeide_1.7.0/stm32cubeide/plugins/com.st.stm32cube.ide.mcu.externaltools.gnu-tools-for-stm32.9-2020-q2-update.win32_2.0.0.202105311346/tools/bin/../lib/gcc/arm-none-eabi/9.3.1/../../../../arm-none-eabi/lib/thumb/v7e-m+fp/hard\libc_nano.a(lib_a-nano-vfprintf_float.o)
                0x0000000008005f00                __exponent
 .text._printf_float
                0x0000000008005f7c      0x46c c:/st/stm32cubeide_1.7.0/stm32cubeide/plugins/com.st.stm32cube.ide.mcu.externaltools.gnu-tools-for-stm32.9-2020-q2-update.win32_2.0.0.202105311346/tools/bin/../lib/gcc/arm-none-eabi/9.3.1/../../../../arm-none-eabi/lib/thumb/v7e-m+fp/hard\libc_nano.a(lib_a-nano-vfprintf_float.o)
                0x0000000008005f7c                _printf_float
 .text._printf_common
                0x00000000080063e8       0xda c:/st/stm32cubeide_1.7.0/stm32cubeide/plugins/com.st.stm32cube.ide.mcu.externaltools.gnu-tools-for-stm32.9-2020-q2-update.win32_2.0.0.202105311346/tools/bin/../lib/gcc/arm-none-eabi/9.3.1/../../../../arm-none-eabi/lib/thumb/v7e-m+fp/hard\libc_nano.a(lib_a-nano-vfprintf_i.o)
                0x00000000080063e8                _printf_common
 *fill*         0x00000000080064c2        0x2 
 .text._printf_i
                0x00000000080064c4      0x24c c:/st/stm32cubeide_1.7.0/stm32cubeide/plugins/com.st.stm32cube.ide.mcu.externaltools.gnu-tools-for-stm32.9-2020-q2-update.win32_2.0.0.202105311346/tools/bin/../lib/gcc/arm-none-eabi/9.3.1/../../../../arm-none-eabi/lib/thumb/v7e-m+fp/hard\libc_nano.a(lib_a-nano-vfprintf_i.o)
                0x00000000080064c4                _printf_i
 .text.realloc  0x0000000008006710       0x10 c:/st/stm32cubeide_1.7.0/stm32cubeide/plugins/com.st.stm32cube.ide.mcu.externaltools.gnu-tools-for-stm32.9-2020-q2-update.win32_2.0.0.202105311346/tools/bin/../lib/gcc/arm-none-eabi/9.3.1/../../../../arm-none-eabi/lib/thumb/v7e-m+fp/hard\libc_nano.a(lib_a-realloc.o)
                0x0000000008006710                realloc
 .text._sbrk_r  0x0000000008006720       0x20 c:/st/stm32cubeide_1.7.0/stm32cubeide/plugins/com.st.stm32cube.ide.mcu.externaltools.gnu-tools-for-stm32.9-2020-q2-update.win32_2.0.0.202105311346/tools/bin/../lib/gcc/arm-none-eabi/9.3.1/../../../../arm-none-eabi/lib/thumb/v7e-m+fp/hard\libc_nano.a(lib_a-sbrkr.o)
                0x0000000008006720                _sbrk_r
 .text.sprintf  0x0000000008006740       0x40 c:/st/stm32cubeide_1.7.0/stm32cubeide/plugins/com.st.stm32cube.ide.mcu.externaltools.gnu-tools-for-stm32.9-2020-q2-update.win32_2.0.0.202105311346/tools/bin/../lib/gcc/arm-none-eabi/9.3.1/../../../../arm-none-eabi/lib/thumb/v7e-m+fp/hard\libc_nano.a(lib_a-sprintf.o)
                0x0000000008006740                siprintf
                0x0000000008006740                sprintf
 .text.quorem   0x0000000008006780      0x116 c:/st/stm32cubeide_1.7.0/stm32cubeide/plugins/com.st.stm32cube.ide.mcu.externaltools.gnu-tools-for-stm32.9-2020-q2-update.win32_2.0.0.202105311346/tools/bin/../lib/gcc/arm-none-eabi/9.3.1/../../../../arm-none-eabi/lib/thumb/v7e-m+fp/hard\libc_nano.a(lib_a-dtoa.o)
 *fill*         0x0000000008006896        0x2 
 .text._dtoa_r  0x0000000008006898      0xbd8 c:/st/stm32cubeide_1.7.0/stm32cubeide/plugins/com.st.stm32cube.ide.mcu.externaltools.gnu-tools-for-stm32.9-2020-q2-update.win32_2.0.0.202105311346/tools/bin/../lib/gcc/arm-none-eabi/9.3.1/../../../../arm-none-eabi/lib/thumb/v7e-m+fp/hard\libc_nano.a(lib_a-dtoa.o)
                0x0000000008006898                _dtoa_r
 .text._localeconv_r
                0x0000000008007470        0x8 c:/st/stm32cubeide_1.7.0/stm32cubeide/plugins/com.st.stm32cube.ide.mcu.externaltools.gnu-tools-for-stm32.9-2020-q2-update.win32_2.0.0.202105311346/tools/bin/../lib/gcc/arm-none-eabi/9.3.1/../../../../arm-none-eabi/lib/thumb/v7e-m+fp/hard\libc_nano.a(lib_a-localeconv.o)
                0x0000000008007470                _localeconv_r
 .text.__malloc_lock
                0x0000000008007478        0xc c:/st/stm32cubeide_1.7.0/stm32cubeide/plugins/com.st.stm32cube.ide.mcu.externaltools.gnu-tools-for-stm32.9-2020-q2-update.win32_2.0.0.202105311346/tools/bin/../lib/gcc/arm-none-eabi/9.3.1/../../../../arm-none-eabi/lib/thumb/v7e-m+fp/hard\libc_nano.a(lib_a-mlock.o)
                0x0000000008007478                __malloc_lock
 .text.__malloc_unlock
                0x0000000008007484        0xc c:/st/stm32cubeide_1.7.0/stm32cubeide/plugins/com.st.stm32cube.ide.mcu.externaltools.gnu-tools-for-stm32.9-2020-q2-update.win32_2.0.0.202105311346/tools/bin/../lib/gcc/arm-none-eabi/9.3.1/../../../../arm-none-eabi/lib/thumb/v7e-m+fp/hard\libc_nano.a(lib_a-mlock.o)
                0x0000000008007484                __malloc_unlock
 .text._Balloc  0x0000000008007490       0x80 c:/st/stm32cubeide_1.7.0/stm32cubeide/plugins/com.st.stm32cube.ide.mcu.externaltools.gnu-tools-for-stm32.9-2020-q2-update.win32_2.0.0.202105311346/tools/bin/../lib/gcc/arm-none-eabi/9.3.1/../../../../arm-none-eabi/lib/thumb/v7e-m+fp/hard\libc_nano.a(lib_a-mprec.o)
                0x0000000008007490                _Balloc
 .text._Bfree   0x0000000008007510       0x44 c:/st/stm32cubeide_1.7.0/stm32cubeide/plugins/com.st.stm32cube.ide.mcu.externaltools.gnu-tools-for-stm32.9-2020-q2-update.win32_2.0.0.202105311346/tools/bin/../lib/gcc/arm-none-eabi/9.3.1/../../../../arm-none-eabi/lib/thumb/v7e-m+fp/hard\libc_nano.a(lib_a-mprec.o)
                0x0000000008007510                _Bfree
 .text.__multadd
                0x0000000008007554       0x94 c:/st/stm32cubeide_1.7.0/stm32cubeide/plugins/com.st.stm32cube.ide.mcu.externaltools.gnu-tools-for-stm32.9-2020-q2-update.win32_2.0.0.202105311346/tools/bin/../lib/gcc/arm-none-eabi/9.3.1/../../../../arm-none-eabi/lib/thumb/v7e-m+fp/hard\libc_nano.a(lib_a-mprec.o)
                0x0000000008007554                __multadd
 .text.__hi0bits
                0x00000000080075e8       0x40 c:/st/stm32cubeide_1.7.0/stm32cubeide/plugins/com.st.stm32cube.ide.mcu.externaltools.gnu-tools-for-stm32.9-2020-q2-update.win32_2.0.0.202105311346/tools/bin/../lib/gcc/arm-none-eabi/9.3.1/../../../../arm-none-eabi/lib/thumb/v7e-m+fp/hard\libc_nano.a(lib_a-mprec.o)
                0x00000000080075e8                __hi0bits
 .text.__lo0bits
                0x0000000008007628       0x60 c:/st/stm32cubeide_1.7.0/stm32cubeide/plugins/com.st.stm32cube.ide.mcu.externaltools.gnu-tools-for-stm32.9-2020-q2-update.win32_2.0.0.202105311346/tools/bin/../lib/gcc/arm-none-eabi/9.3.1/../../../../arm-none-eabi/lib/thumb/v7e-m+fp/hard\libc_nano.a(lib_a-mprec.o)
                0x0000000008007628                __lo0bits
 .text.__i2b    0x0000000008007688       0x2c c:/st/stm32cubeide_1.7.0/stm32cubeide/plugins/com.st.stm32cube.ide.mcu.externaltools.gnu-tools-for-stm32.9-2020-q2-update.win32_2.0.0.202105311346/tools/bin/../lib/gcc/arm-none-eabi/9.3.1/../../../../arm-none-eabi/lib/thumb/v7e-m+fp/hard\libc_nano.a(lib_a-mprec.o)
                0x0000000008007688                __i2b
 .text.__multiply
                0x00000000080076b4      0x14c c:/st/stm32cubeide_1.7.0/stm32cubeide/plugins/com.st.stm32cube.ide.mcu.externaltools.gnu-tools-for-stm32.9-2020-q2-update.win32_2.0.0.202105311346/tools/bin/../lib/gcc/arm-none-eabi/9.3.1/../../../../arm-none-eabi/lib/thumb/v7e-m+fp/hard\libc_nano.a(lib_a-mprec.o)
                0x00000000080076b4                __multiply
 .text.__pow5mult
                0x0000000008007800       0xb4 c:/st/stm32cubeide_1.7.0/stm32cubeide/plugins/com.st.stm32cube.ide.mcu.externaltools.gnu-tools-for-stm32.9-2020-q2-update.win32_2.0.0.202105311346/tools/bin/../lib/gcc/arm-none-eabi/9.3.1/../../../../arm-none-eabi/lib/thumb/v7e-m+fp/hard\libc_nano.a(lib_a-mprec.o)
                0x0000000008007800                __pow5mult
 .text.__lshift
                0x00000000080078b4       0xd8 c:/st/stm32cubeide_1.7.0/stm32cubeide/plugins/com.st.stm32cube.ide.mcu.externaltools.gnu-tools-for-stm32.9-2020-q2-update.win32_2.0.0.202105311346/tools/bin/../lib/gcc/arm-none-eabi/9.3.1/../../../../arm-none-eabi/lib/thumb/v7e-m+fp/hard\libc_nano.a(lib_a-mprec.o)
                0x00000000080078b4                __lshift
 .text.__mcmp   0x000000000800798c       0x38 c:/st/stm32cubeide_1.7.0/stm32cubeide/plugins/com.st.stm32cube.ide.mcu.externaltools.gnu-tools-for-stm32.9-2020-q2-update.win32_2.0.0.202105311346/tools/bin/../lib/gcc/arm-none-eabi/9.3.1/../../../../arm-none-eabi/lib/thumb/v7e-m+fp/hard\libc_nano.a(lib_a-mprec.o)
                0x000000000800798c                __mcmp
 .text.__mdiff  0x00000000080079c4      0x110 c:/st/stm32cubeide_1.7.0/stm32cubeide/plugins/com.st.stm32cube.ide.mcu.externaltools.gnu-tools-for-stm32.9-2020-q2-update.win32_2.0.0.202105311346/tools/bin/../lib/gcc/arm-none-eabi/9.3.1/../../../../arm-none-eabi/lib/thumb/v7e-m+fp/hard\libc_nano.a(lib_a-mprec.o)
                0x00000000080079c4                __mdiff
 .text.__d2b    0x0000000008007ad4       0xb8 c:/st/stm32cubeide_1.7.0/stm32cubeide/plugins/com.st.stm32cube.ide.mcu.externaltools.gnu-tools-for-stm32.9-2020-q2-update.win32_2.0.0.202105311346/tools/bin/../lib/gcc/arm-none-eabi/9.3.1/../../../../arm-none-eabi/lib/thumb/v7e-m+fp/hard\libc_nano.a(lib_a-mprec.o)
                0x0000000008007ad4                __d2b
 .text._calloc_r
                0x0000000008007b8c       0x1e c:/st/stm32cubeide_1.7.0/stm32cubeide/plugins/com.st.stm32cube.ide.mcu.externaltools.gnu-tools-for-stm32.9-2020-q2-update.win32_2.0.0.202105311346/tools/bin/../lib/gcc/arm-none-eabi/9.3.1/../../../../arm-none-eabi/lib/thumb/v7e-m+fp/hard\libc_nano.a(lib_a-nano-callocr.o)
                0x0000000008007b8c                _calloc_r
 .text._realloc_r
                0x0000000008007baa       0x4c c:/st/stm32cubeide_1.7.0/stm32cubeide/plugins/com.st.stm32cube.ide.mcu.externaltools.gnu-tools-for-stm32.9-2020-q2-update.win32_2.0.0.202105311346/tools/bin/../lib/gcc/arm-none-eabi/9.3.1/../../../../arm-none-eabi/lib/thumb/v7e-m+fp/hard\libc_nano.a(lib_a-nano-reallocr.o)
                0x0000000008007baa                _realloc_r
 .text.__ssputs_r
                0x0000000008007bf6       0xb6 c:/st/stm32cubeide_1.7.0/stm32cubeide/plugins/com.st.stm32cube.ide.mcu.externaltools.gnu-tools-for-stm32.9-2020-q2-update.win32_2.0.0.202105311346/tools/bin/../lib/gcc/arm-none-eabi/9.3.1/../../../../arm-none-eabi/lib/thumb/v7e-m+fp/hard\libc_nano.a(lib_a-nano-svfprintf.o)
                0x0000000008007bf6                __ssputs_r
 .text._svfprintf_r
                0x0000000008007cac      0x200 c:/st/stm32cubeide_1.7.0/stm32cubeide/plugins/com.st.stm32cube.ide.mcu.externaltools.gnu-tools-for-stm32.9-2020-q2-update.win32_2.0.0.202105311346/tools/bin/../lib/gcc/arm-none-eabi/9.3.1/../../../../arm-none-eabi/lib/thumb/v7e-m+fp/hard\libc_nano.a(lib_a-nano-svfprintf.o)
                0x0000000008007cac                _svfiprintf_r
                0x0000000008007cac                _svfprintf_r
 .text.__assert_func
                0x0000000008007eac       0x3c c:/st/stm32cubeide_1.7.0/stm32cubeide/plugins/com.st.stm32cube.ide.mcu.externaltools.gnu-tools-for-stm32.9-2020-q2-update.win32_2.0.0.202105311346/tools/bin/../lib/gcc/arm-none-eabi/9.3.1/../../../../arm-none-eabi/lib/thumb/v7e-m+fp/hard\libc_nano.a(lib_a-assert.o)
                0x0000000008007eac                __assert_func
 .text.fprintf  0x0000000008007ee8       0x24 c:/st/stm32cubeide_1.7.0/stm32cubeide/plugins/com.st.stm32cube.ide.mcu.externaltools.gnu-tools-for-stm32.9-2020-q2-update.win32_2.0.0.202105311346/tools/bin/../lib/gcc/arm-none-eabi/9.3.1/../../../../arm-none-eabi/lib/thumb/v7e-m+fp/hard\libc_nano.a(lib_a-fprintf.o)
                0x0000000008007ee8                fiprintf
                0x0000000008007ee8                fprintf
 .text.__retarget_lock_init_recursive
                0x0000000008007f0c        0x2 c:/st/stm32cubeide_1.7.0/stm32cubeide/plugins/com.st.stm32cube.ide.mcu.externaltools.gnu-tools-for-stm32.9-2020-q2-update.win32_2.0.0.202105311346/tools/bin/../lib/gcc/arm-none-eabi/9.3.1/../../../../arm-none-eabi/lib/thumb/v7e-m+fp/hard\libc_nano.a(lib_a-lock.o)
                0x0000000008007f0c                __retarget_lock_init_recursive
 .text.__retarget_lock_acquire_recursive
                0x0000000008007f0e        0x2 c:/st/stm32cubeide_1.7.0/stm32cubeide/plugins/com.st.stm32cube.ide.mcu.externaltools.gnu-tools-for-stm32.9-2020-q2-update.win32_2.0.0.202105311346/tools/bin/../lib/gcc/arm-none-eabi/9.3.1/../../../../arm-none-eabi/lib/thumb/v7e-m+fp/hard\libc_nano.a(lib_a-lock.o)
                0x0000000008007f0e                __retarget_lock_acquire_recursive
 .text.__retarget_lock_release_recursive
                0x0000000008007f10        0x2 c:/st/stm32cubeide_1.7.0/stm32cubeide/plugins/com.st.stm32cube.ide.mcu.externaltools.gnu-tools-for-stm32.9-2020-q2-update.win32_2.0.0.202105311346/tools/bin/../lib/gcc/arm-none-eabi/9.3.1/../../../../arm-none-eabi/lib/thumb/v7e-m+fp/hard\libc_nano.a(lib_a-lock.o)
                0x0000000008007f10                __retarget_lock_release_recursive
 .text.__ascii_mbtowc
                0x0000000008007f12       0x24 c:/st/stm32cubeide_1.7.0/stm32cubeide/plugins/com.st.stm32cube.ide.mcu.externaltools.gnu-tools-for-stm32.9-2020-q2-update.win32_2.0.0.202105311346/tools/bin/../lib/gcc/arm-none-eabi/9.3.1/../../../../arm-none-eabi/lib/thumb/v7e-m+fp/hard\libc_nano.a(lib_a-mbtowc_r.o)
                0x0000000008007f12                __ascii_mbtowc
 .text.memmove  0x0000000008007f36       0x34 c:/st/stm32cubeide_1.7.0/stm32cubeide/plugins/com.st.stm32cube.ide.mcu.externaltools.gnu-tools-for-stm32.9-2020-q2-update.win32_2.0.0.202105311346/tools/bin/../lib/gcc/arm-none-eabi/9.3.1/../../../../arm-none-eabi/lib/thumb/v7e-m+fp/hard\libc_nano.a(lib_a-memmove.o)
                0x0000000008007f36                memmove
 .text._malloc_usable_size_r
                0x0000000008007f6a       0x10 c:/st/stm32cubeide_1.7.0/stm32cubeide/plugins/com.st.stm32cube.ide.mcu.externaltools.gnu-tools-for-stm32.9-2020-q2-update.win32_2.0.0.202105311346/tools/bin/../lib/gcc/arm-none-eabi/9.3.1/../../../../arm-none-eabi/lib/thumb/v7e-m+fp/hard\libc_nano.a(lib_a-nano-msizer.o)
                0x0000000008007f6a                _malloc_usable_size_r
 .text.__sfputc_r
                0x0000000008007f7a       0x2e c:/st/stm32cubeide_1.7.0/stm32cubeide/plugins/com.st.stm32cube.ide.mcu.externaltools.gnu-tools-for-stm32.9-2020-q2-update.win32_2.0.0.202105311346/tools/bin/../lib/gcc/arm-none-eabi/9.3.1/../../../../arm-none-eabi/lib/thumb/v7e-m+fp/hard\libc_nano.a(lib_a-nano-vfprintf.o)
 .text.__sfputs_r
                0x0000000008007fa8       0x24 c:/st/stm32cubeide_1.7.0/stm32cubeide/plugins/com.st.stm32cube.ide.mcu.externaltools.gnu-tools-for-stm32.9-2020-q2-update.win32_2.0.0.202105311346/tools/bin/../lib/gcc/arm-none-eabi/9.3.1/../../../../arm-none-eabi/lib/thumb/v7e-m+fp/hard\libc_nano.a(lib_a-nano-vfprintf.o)
                0x0000000008007fa8                __sfputs_r
 .text._vfprintf_r
                0x0000000008007fcc      0x260 c:/st/stm32cubeide_1.7.0/stm32cubeide/plugins/com.st.stm32cube.ide.mcu.externaltools.gnu-tools-for-stm32.9-2020-q2-update.win32_2.0.0.202105311346/tools/bin/../lib/gcc/arm-none-eabi/9.3.1/../../../../arm-none-eabi/lib/thumb/v7e-m+fp/hard\libc_nano.a(lib_a-nano-vfprintf.o)
                0x0000000008007fcc                _vfprintf_r
                0x0000000008007fcc                _vfiprintf_r
 .text.__swbuf_r
                0x000000000800822c       0xa4 c:/st/stm32cubeide_1.7.0/stm32cubeide/plugins/com.st.stm32cube.ide.mcu.externaltools.gnu-tools-for-stm32.9-2020-q2-update.win32_2.0.0.202105311346/tools/bin/../lib/gcc/arm-none-eabi/9.3.1/../../../../arm-none-eabi/lib/thumb/v7e-m+fp/hard\libc_nano.a(lib_a-wbuf.o)
                0x000000000800822c                __swbuf_r
 .text.__ascii_wctomb
                0x00000000080082d0       0x1a c:/st/stm32cubeide_1.7.0/stm32cubeide/plugins/com.st.stm32cube.ide.mcu.externaltools.gnu-tools-for-stm32.9-2020-q2-update.win32_2.0.0.202105311346/tools/bin/../lib/gcc/arm-none-eabi/9.3.1/../../../../arm-none-eabi/lib/thumb/v7e-m+fp/hard\libc_nano.a(lib_a-wctomb_r.o)
                0x00000000080082d0                __ascii_wctomb
 *fill*         0x00000000080082ea        0x2 
 .text.__swsetup_r
                0x00000000080082ec       0xdc c:/st/stm32cubeide_1.7.0/stm32cubeide/plugins/com.st.stm32cube.ide.mcu.externaltools.gnu-tools-for-stm32.9-2020-q2-update.win32_2.0.0.202105311346/tools/bin/../lib/gcc/arm-none-eabi/9.3.1/../../../../arm-none-eabi/lib/thumb/v7e-m+fp/hard\libc_nano.a(lib_a-wsetup.o)
                0x00000000080082ec                __swsetup_r
 .text.abort    0x00000000080083c8        0xe c:/st/stm32cubeide_1.7.0/stm32cubeide/plugins/com.st.stm32cube.ide.mcu.externaltools.gnu-tools-for-stm32.9-2020-q2-update.win32_2.0.0.202105311346/tools/bin/../lib/gcc/arm-none-eabi/9.3.1/../../../../arm-none-eabi/lib/thumb/v7e-m+fp/hard\libc_nano.a(lib_a-abort.o)
                0x00000000080083c8                abort
 *fill*         0x00000000080083d6        0x2 
 .text.__sflush_r
                0x00000000080083d8      0x10c c:/st/stm32cubeide_1.7.0/stm32cubeide/plugins/com.st.stm32cube.ide.mcu.externaltools.gnu-tools-for-stm32.9-2020-q2-update.win32_2.0.0.202105311346/tools/bin/../lib/gcc/arm-none-eabi/9.3.1/../../../../arm-none-eabi/lib/thumb/v7e-m+fp/hard\libc_nano.a(lib_a-fflush.o)
                0x00000000080083d8                __sflush_r
 .text._fflush_r
                0x00000000080084e4       0x78 c:/st/stm32cubeide_1.7.0/stm32cubeide/plugins/com.st.stm32cube.ide.mcu.externaltools.gnu-tools-for-stm32.9-2020-q2-update.win32_2.0.0.202105311346/tools/bin/../lib/gcc/arm-none-eabi/9.3.1/../../../../arm-none-eabi/lib/thumb/v7e-m+fp/hard\libc_nano.a(lib_a-fflush.o)
                0x00000000080084e4                _fflush_r
 .text.std      0x000000000800855c       0x48 c:/st/stm32cubeide_1.7.0/stm32cubeide/plugins/com.st.stm32cube.ide.mcu.externaltools.gnu-tools-for-stm32.9-2020-q2-update.win32_2.0.0.202105311346/tools/bin/../lib/gcc/arm-none-eabi/9.3.1/../../../../arm-none-eabi/lib/thumb/v7e-m+fp/hard\libc_nano.a(lib_a-findfp.o)
 .text._cleanup_r
                0x00000000080085a4        0xc c:/st/stm32cubeide_1.7.0/stm32cubeide/plugins/com.st.stm32cube.ide.mcu.externaltools.gnu-tools-for-stm32.9-2020-q2-update.win32_2.0.0.202105311346/tools/bin/../lib/gcc/arm-none-eabi/9.3.1/../../../../arm-none-eabi/lib/thumb/v7e-m+fp/hard\libc_nano.a(lib_a-findfp.o)
                0x00000000080085a4                _cleanup_r
 .text.__sfmoreglue
                0x00000000080085b0       0x2c c:/st/stm32cubeide_1.7.0/stm32cubeide/plugins/com.st.stm32cube.ide.mcu.externaltools.gnu-tools-for-stm32.9-2020-q2-update.win32_2.0.0.202105311346/tools/bin/../lib/gcc/arm-none-eabi/9.3.1/../../../../arm-none-eabi/lib/thumb/v7e-m+fp/hard\libc_nano.a(lib_a-findfp.o)
                0x00000000080085b0                __sfmoreglue
 .text.__sfp_lock_acquire
                0x00000000080085dc        0xc c:/st/stm32cubeide_1.7.0/stm32cubeide/plugins/com.st.stm32cube.ide.mcu.externaltools.gnu-tools-for-stm32.9-2020-q2-update.win32_2.0.0.202105311346/tools/bin/../lib/gcc/arm-none-eabi/9.3.1/../../../../arm-none-eabi/lib/thumb/v7e-m+fp/hard\libc_nano.a(lib_a-findfp.o)
                0x00000000080085dc                __sfp_lock_acquire
 .text.__sfp_lock_release
                0x00000000080085e8        0xc c:/st/stm32cubeide_1.7.0/stm32cubeide/plugins/com.st.stm32cube.ide.mcu.externaltools.gnu-tools-for-stm32.9-2020-q2-update.win32_2.0.0.202105311346/tools/bin/../lib/gcc/arm-none-eabi/9.3.1/../../../../arm-none-eabi/lib/thumb/v7e-m+fp/hard\libc_nano.a(lib_a-findfp.o)
                0x00000000080085e8                __sfp_lock_release
 .text.__sinit_lock_acquire
                0x00000000080085f4        0xc c:/st/stm32cubeide_1.7.0/stm32cubeide/plugins/com.st.stm32cube.ide.mcu.externaltools.gnu-tools-for-stm32.9-2020-q2-update.win32_2.0.0.202105311346/tools/bin/../lib/gcc/arm-none-eabi/9.3.1/../../../../arm-none-eabi/lib/thumb/v7e-m+fp/hard\libc_nano.a(lib_a-findfp.o)
                0x00000000080085f4                __sinit_lock_acquire
 .text.__sinit_lock_release
                0x0000000008008600        0xc c:/st/stm32cubeide_1.7.0/stm32cubeide/plugins/com.st.stm32cube.ide.mcu.externaltools.gnu-tools-for-stm32.9-2020-q2-update.win32_2.0.0.202105311346/tools/bin/../lib/gcc/arm-none-eabi/9.3.1/../../../../arm-none-eabi/lib/thumb/v7e-m+fp/hard\libc_nano.a(lib_a-findfp.o)
                0x0000000008008600                __sinit_lock_release
 .text.__sinit  0x000000000800860c       0x70 c:/st/stm32cubeide_1.7.0/stm32cubeide/plugins/com.st.stm32cube.ide.mcu.externaltools.gnu-tools-for-stm32.9-2020-q2-update.win32_2.0.0.202105311346/tools/bin/../lib/gcc/arm-none-eabi/9.3.1/../../../../arm-none-eabi/lib/thumb/v7e-m+fp/hard\libc_nano.a(lib_a-findfp.o)
                0x000000000800860c                __sinit
 .text.__sfp    0x000000000800867c       0x8c c:/st/stm32cubeide_1.7.0/stm32cubeide/plugins/com.st.stm32cube.ide.mcu.externaltools.gnu-tools-for-stm32.9-2020-q2-update.win32_2.0.0.202105311346/tools/bin/../lib/gcc/arm-none-eabi/9.3.1/../../../../arm-none-eabi/lib/thumb/v7e-m+fp/hard\libc_nano.a(lib_a-findfp.o)
                0x000000000800867c                __sfp
 .text._fwalk_reent
                0x0000000008008708       0x3e c:/st/stm32cubeide_1.7.0/stm32cubeide/plugins/com.st.stm32cube.ide.mcu.externaltools.gnu-tools-for-stm32.9-2020-q2-update.win32_2.0.0.202105311346/tools/bin/../lib/gcc/arm-none-eabi/9.3.1/../../../../arm-none-eabi/lib/thumb/v7e-m+fp/hard\libc_nano.a(lib_a-fwalk.o)
                0x0000000008008708                _fwalk_reent
 .text.__swhatbuf_r
                0x0000000008008746       0x48 c:/st/stm32cubeide_1.7.0/stm32cubeide/plugins/com.st.stm32cube.ide.mcu.externaltools.gnu-tools-for-stm32.9-2020-q2-update.win32_2.0.0.202105311346/tools/bin/../lib/gcc/arm-none-eabi/9.3.1/../../../../arm-none-eabi/lib/thumb/v7e-m+fp/hard\libc_nano.a(lib_a-makebuf.o)
                0x0000000008008746                __swhatbuf_r
 *fill*         0x000000000800878e        0x2 
 .text.__smakebuf_r
                0x0000000008008790       0x80 c:/st/stm32cubeide_1.7.0/stm32cubeide/plugins/com.st.stm32cube.ide.mcu.externaltools.gnu-tools-for-stm32.9-2020-q2-update.win32_2.0.0.202105311346/tools/bin/../lib/gcc/arm-none-eabi/9.3.1/../../../../arm-none-eabi/lib/thumb/v7e-m+fp/hard\libc_nano.a(lib_a-makebuf.o)
                0x0000000008008790                __smakebuf_r
 .text._raise_r
                0x0000000008008810       0x50 c:/st/stm32cubeide_1.7.0/stm32cubeide/plugins/com.st.stm32cube.ide.mcu.externaltools.gnu-tools-for-stm32.9-2020-q2-update.win32_2.0.0.202105311346/tools/bin/../lib/gcc/arm-none-eabi/9.3.1/../../../../arm-none-eabi/lib/thumb/v7e-m+fp/hard\libc_nano.a(lib_a-signal.o)
                0x0000000008008810                _raise_r
 .text.raise    0x0000000008008860       0x10 c:/st/stm32cubeide_1.7.0/stm32cubeide/plugins/com.st.stm32cube.ide.mcu.externaltools.gnu-tools-for-stm32.9-2020-q2-update.win32_2.0.0.202105311346/tools/bin/../lib/gcc/arm-none-eabi/9.3.1/../../../../arm-none-eabi/lib/thumb/v7e-m+fp/hard\libc_nano.a(lib_a-signal.o)
                0x0000000008008860                raise
 .text._kill_r  0x0000000008008870       0x24 c:/st/stm32cubeide_1.7.0/stm32cubeide/plugins/com.st.stm32cube.ide.mcu.externaltools.gnu-tools-for-stm32.9-2020-q2-update.win32_2.0.0.202105311346/tools/bin/../lib/gcc/arm-none-eabi/9.3.1/../../../../arm-none-eabi/lib/thumb/v7e-m+fp/hard\libc_nano.a(lib_a-signalr.o)
                0x0000000008008870                _kill_r
 .text._getpid_r
                0x0000000008008894        0x4 c:/st/stm32cubeide_1.7.0/stm32cubeide/plugins/com.st.stm32cube.ide.mcu.externaltools.gnu-tools-for-stm32.9-2020-q2-update.win32_2.0.0.202105311346/tools/bin/../lib/gcc/arm-none-eabi/9.3.1/../../../../arm-none-eabi/lib/thumb/v7e-m+fp/hard\libc_nano.a(lib_a-signalr.o)
                0x0000000008008894                _getpid_r
 .text.__sread  0x0000000008008898       0x22 c:/st/stm32cubeide_1.7.0/stm32cubeide/plugins/com.st.stm32cube.ide.mcu.externaltools.gnu-tools-for-stm32.9-2020-q2-update.win32_2.0.0.202105311346/tools/bin/../lib/gcc/arm-none-eabi/9.3.1/../../../../arm-none-eabi/lib/thumb/v7e-m+fp/hard\libc_nano.a(lib_a-stdio.o)
                0x0000000008008898                __sread
 .text.__swrite
                0x00000000080088ba       0x38 c:/st/stm32cubeide_1.7.0/stm32cubeide/plugins/com.st.stm32cube.ide.mcu.externaltools.gnu-tools-for-stm32.9-2020-q2-update.win32_2.0.0.202105311346/tools/bin/../lib/gcc/arm-none-eabi/9.3.1/../../../../arm-none-eabi/lib/thumb/v7e-m+fp/hard\libc_nano.a(lib_a-stdio.o)
                0x00000000080088ba                __swrite
 .text.__sseek  0x00000000080088f2       0x24 c:/st/stm32cubeide_1.7.0/stm32cubeide/plugins/com.st.stm32cube.ide.mcu.externaltools.gnu-tools-for-stm32.9-2020-q2-update.win32_2.0.0.202105311346/tools/bin/../lib/gcc/arm-none-eabi/9.3.1/../../../../arm-none-eabi/lib/thumb/v7e-m+fp/hard\libc_nano.a(lib_a-stdio.o)
                0x00000000080088f2                __sseek
 .text.__sclose
                0x0000000008008916        0x8 c:/st/stm32cubeide_1.7.0/stm32cubeide/plugins/com.st.stm32cube.ide.mcu.externaltools.gnu-tools-for-stm32.9-2020-q2-update.win32_2.0.0.202105311346/tools/bin/../lib/gcc/arm-none-eabi/9.3.1/../../../../arm-none-eabi/lib/thumb/v7e-m+fp/hard\libc_nano.a(lib_a-stdio.o)
                0x0000000008008916                __sclose
 *fill*         0x000000000800891e        0x2 
 .text._write_r
                0x0000000008008920       0x24 c:/st/stm32cubeide_1.7.0/stm32cubeide/plugins/com.st.stm32cube.ide.mcu.externaltools.gnu-tools-for-stm32.9-2020-q2-update.win32_2.0.0.202105311346/tools/bin/../lib/gcc/arm-none-eabi/9.3.1/../../../../arm-none-eabi/lib/thumb/v7e-m+fp/hard\libc_nano.a(lib_a-writer.o)
                0x0000000008008920                _write_r
 .text._close_r
                0x0000000008008944       0x20 c:/st/stm32cubeide_1.7.0/stm32cubeide/plugins/com.st.stm32cube.ide.mcu.externaltools.gnu-tools-for-stm32.9-2020-q2-update.win32_2.0.0.202105311346/tools/bin/../lib/gcc/arm-none-eabi/9.3.1/../../../../arm-none-eabi/lib/thumb/v7e-m+fp/hard\libc_nano.a(lib_a-closer.o)
                0x0000000008008944                _close_r
 .text._fstat_r
                0x0000000008008964       0x24 c:/st/stm32cubeide_1.7.0/stm32cubeide/plugins/com.st.stm32cube.ide.mcu.externaltools.gnu-tools-for-stm32.9-2020-q2-update.win32_2.0.0.202105311346/tools/bin/../lib/gcc/arm-none-eabi/9.3.1/../../../../arm-none-eabi/lib/thumb/v7e-m+fp/hard\libc_nano.a(lib_a-fstatr.o)
                0x0000000008008964                _fstat_r
 .text._isatty_r
                0x0000000008008988       0x20 c:/st/stm32cubeide_1.7.0/stm32cubeide/plugins/com.st.stm32cube.ide.mcu.externaltools.gnu-tools-for-stm32.9-2020-q2-update.win32_2.0.0.202105311346/tools/bin/../lib/gcc/arm-none-eabi/9.3.1/../../../../arm-none-eabi/lib/thumb/v7e-m+fp/hard\libc_nano.a(lib_a-isattyr.o)
                0x0000000008008988                _isatty_r
 .text._lseek_r
                0x00000000080089a8       0x24 c:/st/stm32cubeide_1.7.0/stm32cubeide/plugins/com.st.stm32cube.ide.mcu.externaltools.gnu-tools-for-stm32.9-2020-q2-update.win32_2.0.0.202105311346/tools/bin/../lib/gcc/arm-none-eabi/9.3.1/../../../../arm-none-eabi/lib/thumb/v7e-m+fp/hard\libc_nano.a(lib_a-lseekr.o)
                0x00000000080089a8                _lseek_r
 .text._read_r  0x00000000080089cc       0x24 c:/st/stm32cubeide_1.7.0/stm32cubeide/plugins/com.st.stm32cube.ide.mcu.externaltools.gnu-tools-for-stm32.9-2020-q2-update.win32_2.0.0.202105311346/tools/bin/../lib/gcc/arm-none-eabi/9.3.1/../../../../arm-none-eabi/lib/thumb/v7e-m+fp/hard\libc_nano.a(lib_a-readr.o)
                0x00000000080089cc                _read_r
 *(.glue_7)
 .glue_7        0x00000000080089f0        0x0 linker stubs
 *(.glue_7t)
 .glue_7t       0x00000000080089f0        0x0 linker stubs
 *(.eh_frame)
 .eh_frame      0x00000000080089f0        0x0 c:/st/stm32cubeide_1.7.0/stm32cubeide/plugins/com.st.stm32cube.ide.mcu.externaltools.gnu-tools-for-stm32.9-2020-q2-update.win32_2.0.0.202105311346/tools/bin/../lib/gcc/arm-none-eabi/9.3.1/thumb/v7e-m+fp/hard/crtbegin.o
 *(.init)
 .init          0x00000000080089f0        0x4 c:/st/stm32cubeide_1.7.0/stm32cubeide/plugins/com.st.stm32cube.ide.mcu.externaltools.gnu-tools-for-stm32.9-2020-q2-update.win32_2.0.0.202105311346/tools/bin/../lib/gcc/arm-none-eabi/9.3.1/thumb/v7e-m+fp/hard/crti.o
                0x00000000080089f0                _init
 .init          0x00000000080089f4        0x8 c:/st/stm32cubeide_1.7.0/stm32cubeide/plugins/com.st.stm32cube.ide.mcu.externaltools.gnu-tools-for-stm32.9-2020-q2-update.win32_2.0.0.202105311346/tools/bin/../lib/gcc/arm-none-eabi/9.3.1/thumb/v7e-m+fp/hard/crtn.o
 *(.fini)
 .fini          0x00000000080089fc        0x4 c:/st/stm32cubeide_1.7.0/stm32cubeide/plugins/com.st.stm32cube.ide.mcu.externaltools.gnu-tools-for-stm32.9-2020-q2-update.win32_2.0.0.202105311346/tools/bin/../lib/gcc/arm-none-eabi/9.3.1/thumb/v7e-m+fp/hard/crti.o
                0x00000000080089fc                _fini
 .fini          0x0000000008008a00        0x8 c:/st/stm32cubeide_1.7.0/stm32cubeide/plugins/com.st.stm32cube.ide.mcu.externaltools.gnu-tools-for-stm32.9-2020-q2-update.win32_2.0.0.202105311346/tools/bin/../lib/gcc/arm-none-eabi/9.3.1/thumb/v7e-m+fp/hard/crtn.o
                0x0000000008008a08                . = ALIGN (0x4)
                0x0000000008008a08                _etext = .

.vfp11_veneer   0x0000000008008a08        0x0
 .vfp11_veneer  0x0000000008008a08        0x0 linker stubs

.v4_bx          0x0000000008008a08        0x0
 .v4_bx         0x0000000008008a08        0x0 linker stubs

.iplt           0x0000000008008a08        0x0
 .iplt          0x0000000008008a08        0x0 c:/st/stm32cubeide_1.7.0/stm32cubeide/plugins/com.st.stm32cube.ide.mcu.externaltools.gnu-tools-for-stm32.9-2020-q2-update.win32_2.0.0.202105311346/tools/bin/../lib/gcc/arm-none-eabi/9.3.1/thumb/v7e-m+fp/hard/crtbegin.o

.rodata         0x0000000008008a08      0xca4
                0x0000000008008a08                . = ALIGN (0x4)
 *(.rodata)
 .rodata        0x0000000008008a08       0x60 ./Core/Source/App/main.o
 *(.rodata*)
 .rodata._ZL9dmpMemory
                0x0000000008008a68      0x789 ./Core/Source/App/MPU6050-App/MPU6050-App.o
 *fill*         0x00000000080091f1        0x3 
 .rodata._ZL9dmpConfig
                0x00000000080091f4       0xc0 ./Core/Source/App/MPU6050-App/MPU6050-App.o
 .rodata.AHBPrescTable
                0x00000000080092b4       0x10 ./Core/Src/system_stm32f4xx.o
                0x00000000080092b4                AHBPrescTable
 .rodata.APBPrescTable
                0x00000000080092c4        0x8 ./Core/Src/system_stm32f4xx.o
                0x00000000080092c4                APBPrescTable
 .rodata._global_impure_ptr
                0x00000000080092cc        0x4 c:/st/stm32cubeide_1.7.0/stm32cubeide/plugins/com.st.stm32cube.ide.mcu.externaltools.gnu-tools-for-stm32.9-2020-q2-update.win32_2.0.0.202105311346/tools/bin/../lib/gcc/arm-none-eabi/9.3.1/../../../../arm-none-eabi/lib/thumb/v7e-m+fp/hard\libc_nano.a(lib_a-impure.o)
                0x00000000080092cc                _global_impure_ptr
 .rodata._printf_float.str1.1
                0x00000000080092d0       0x12 c:/st/stm32cubeide_1.7.0/stm32cubeide/plugins/com.st.stm32cube.ide.mcu.externaltools.gnu-tools-for-stm32.9-2020-q2-update.win32_2.0.0.202105311346/tools/bin/../lib/gcc/arm-none-eabi/9.3.1/../../../../arm-none-eabi/lib/thumb/v7e-m+fp/hard\libc_nano.a(lib_a-nano-vfprintf_float.o)
 .rodata._printf_i.str1.1
                0x00000000080092e2       0x22 c:/st/stm32cubeide_1.7.0/stm32cubeide/plugins/com.st.stm32cube.ide.mcu.externaltools.gnu-tools-for-stm32.9-2020-q2-update.win32_2.0.0.202105311346/tools/bin/../lib/gcc/arm-none-eabi/9.3.1/../../../../arm-none-eabi/lib/thumb/v7e-m+fp/hard\libc_nano.a(lib_a-nano-vfprintf_i.o)
 .rodata._dtoa_r.str1.1
                0x0000000008009304       0x94 c:/st/stm32cubeide_1.7.0/stm32cubeide/plugins/com.st.stm32cube.ide.mcu.externaltools.gnu-tools-for-stm32.9-2020-q2-update.win32_2.0.0.202105311346/tools/bin/../lib/gcc/arm-none-eabi/9.3.1/../../../../arm-none-eabi/lib/thumb/v7e-m+fp/hard\libc_nano.a(lib_a-dtoa.o)
                                         0x96 (size before relaxing)
 .rodata._Balloc.str1.1
                0x0000000008009398       0x60 c:/st/stm32cubeide_1.7.0/stm32cubeide/plugins/com.st.stm32cube.ide.mcu.externaltools.gnu-tools-for-stm32.9-2020-q2-update.win32_2.0.0.202105311346/tools/bin/../lib/gcc/arm-none-eabi/9.3.1/../../../../arm-none-eabi/lib/thumb/v7e-m+fp/hard\libc_nano.a(lib_a-mprec.o)
                                         0x77 (size before relaxing)
 .rodata.__multadd.str1.1
                0x00000000080093f8       0x11 c:/st/stm32cubeide_1.7.0/stm32cubeide/plugins/com.st.stm32cube.ide.mcu.externaltools.gnu-tools-for-stm32.9-2020-q2-update.win32_2.0.0.202105311346/tools/bin/../lib/gcc/arm-none-eabi/9.3.1/../../../../arm-none-eabi/lib/thumb/v7e-m+fp/hard\libc_nano.a(lib_a-mprec.o)
 .rodata.__mprec_bigtens
                0x00000000080093f8       0x28 c:/st/stm32cubeide_1.7.0/stm32cubeide/plugins/com.st.stm32cube.ide.mcu.externaltools.gnu-tools-for-stm32.9-2020-q2-update.win32_2.0.0.202105311346/tools/bin/../lib/gcc/arm-none-eabi/9.3.1/../../../../arm-none-eabi/lib/thumb/v7e-m+fp/hard\libc_nano.a(lib_a-mprec.o)
                0x00000000080093f8                __mprec_bigtens
 .rodata.__mprec_tens
                0x0000000008009420       0xc8 c:/st/stm32cubeide_1.7.0/stm32cubeide/plugins/com.st.stm32cube.ide.mcu.externaltools.gnu-tools-for-stm32.9-2020-q2-update.win32_2.0.0.202105311346/tools/bin/../lib/gcc/arm-none-eabi/9.3.1/../../../../arm-none-eabi/lib/thumb/v7e-m+fp/hard\libc_nano.a(lib_a-mprec.o)
                0x0000000008009420                __mprec_tens
 .rodata.p05.7513
                0x00000000080094e8        0xc c:/st/stm32cubeide_1.7.0/stm32cubeide/plugins/com.st.stm32cube.ide.mcu.externaltools.gnu-tools-for-stm32.9-2020-q2-update.win32_2.0.0.202105311346/tools/bin/../lib/gcc/arm-none-eabi/9.3.1/../../../../arm-none-eabi/lib/thumb/v7e-m+fp/hard\libc_nano.a(lib_a-mprec.o)
 .rodata._svfprintf_r.str1.1
                0x00000000080094f4       0x11 c:/st/stm32cubeide_1.7.0/stm32cubeide/plugins/com.st.stm32cube.ide.mcu.externaltools.gnu-tools-for-stm32.9-2020-q2-update.win32_2.0.0.202105311346/tools/bin/../lib/gcc/arm-none-eabi/9.3.1/../../../../arm-none-eabi/lib/thumb/v7e-m+fp/hard\libc_nano.a(lib_a-nano-svfprintf.o)
 .rodata.__assert_func.str1.1
                0x0000000008009505       0x3c c:/st/stm32cubeide_1.7.0/stm32cubeide/plugins/com.st.stm32cube.ide.mcu.externaltools.gnu-tools-for-stm32.9-2020-q2-update.win32_2.0.0.202105311346/tools/bin/../lib/gcc/arm-none-eabi/9.3.1/../../../../arm-none-eabi/lib/thumb/v7e-m+fp/hard\libc_nano.a(lib_a-assert.o)
                                         0x3d (size before relaxing)
 .rodata._setlocale_r.str1.1
                0x0000000008009541        0x8 c:/st/stm32cubeide_1.7.0/stm32cubeide/plugins/com.st.stm32cube.ide.mcu.externaltools.gnu-tools-for-stm32.9-2020-q2-update.win32_2.0.0.202105311346/tools/bin/../lib/gcc/arm-none-eabi/9.3.1/../../../../arm-none-eabi/lib/thumb/v7e-m+fp/hard\libc_nano.a(lib_a-locale.o)
                                          0x9 (size before relaxing)
 .rodata.str1.1
                0x0000000008009549        0x2 c:/st/stm32cubeide_1.7.0/stm32cubeide/plugins/com.st.stm32cube.ide.mcu.externaltools.gnu-tools-for-stm32.9-2020-q2-update.win32_2.0.0.202105311346/tools/bin/../lib/gcc/arm-none-eabi/9.3.1/../../../../arm-none-eabi/lib/thumb/v7e-m+fp/hard\libc_nano.a(lib_a-locale.o)
 .rodata._vfprintf_r.str1.1
                0x000000000800954b       0x11 c:/st/stm32cubeide_1.7.0/stm32cubeide/plugins/com.st.stm32cube.ide.mcu.externaltools.gnu-tools-for-stm32.9-2020-q2-update.win32_2.0.0.202105311346/tools/bin/../lib/gcc/arm-none-eabi/9.3.1/../../../../arm-none-eabi/lib/thumb/v7e-m+fp/hard\libc_nano.a(lib_a-nano-vfprintf.o)
 .rodata._ctype_
                0x000000000800954b      0x101 c:/st/stm32cubeide_1.7.0/stm32cubeide/plugins/com.st.stm32cube.ide.mcu.externaltools.gnu-tools-for-stm32.9-2020-q2-update.win32_2.0.0.202105311346/tools/bin/../lib/gcc/arm-none-eabi/9.3.1/../../../../arm-none-eabi/lib/thumb/v7e-m+fp/hard\libc_nano.a(lib_a-ctype_.o)
                0x000000000800954b                _ctype_
 .rodata.__sf_fake_stderr
                0x000000000800964c       0x20 c:/st/stm32cubeide_1.7.0/stm32cubeide/plugins/com.st.stm32cube.ide.mcu.externaltools.gnu-tools-for-stm32.9-2020-q2-update.win32_2.0.0.202105311346/tools/bin/../lib/gcc/arm-none-eabi/9.3.1/../../../../arm-none-eabi/lib/thumb/v7e-m+fp/hard\libc_nano.a(lib_a-findfp.o)
                0x000000000800964c                __sf_fake_stderr
 .rodata.__sf_fake_stdin
                0x000000000800966c       0x20 c:/st/stm32cubeide_1.7.0/stm32cubeide/plugins/com.st.stm32cube.ide.mcu.externaltools.gnu-tools-for-stm32.9-2020-q2-update.win32_2.0.0.202105311346/tools/bin/../lib/gcc/arm-none-eabi/9.3.1/../../../../arm-none-eabi/lib/thumb/v7e-m+fp/hard\libc_nano.a(lib_a-findfp.o)
                0x000000000800966c                __sf_fake_stdin
 .rodata.__sf_fake_stdout
                0x000000000800968c       0x20 c:/st/stm32cubeide_1.7.0/stm32cubeide/plugins/com.st.stm32cube.ide.mcu.externaltools.gnu-tools-for-stm32.9-2020-q2-update.win32_2.0.0.202105311346/tools/bin/../lib/gcc/arm-none-eabi/9.3.1/../../../../arm-none-eabi/lib/thumb/v7e-m+fp/hard\libc_nano.a(lib_a-findfp.o)
                0x000000000800968c                __sf_fake_stdout
                0x00000000080096ac                . = ALIGN (0x4)

.ARM.extab      0x00000000080096ac        0x0
                0x00000000080096ac                . = ALIGN (0x4)
 *(.ARM.extab* .gnu.linkonce.armextab.*)
                0x00000000080096ac                . = ALIGN (0x4)

.ARM            0x00000000080096ac        0x8
                0x00000000080096ac                . = ALIGN (0x4)
                0x00000000080096ac                __exidx_start = .
 *(.ARM.exidx*)
 .ARM.exidx     0x00000000080096ac        0x8 c:/st/stm32cubeide_1.7.0/stm32cubeide/plugins/com.st.stm32cube.ide.mcu.externaltools.gnu-tools-for-stm32.9-2020-q2-update.win32_2.0.0.202105311346/tools/bin/../lib/gcc/arm-none-eabi/9.3.1/thumb/v7e-m+fp/hard\libgcc.a(_udivmoddi4.o)
                0x00000000080096b4                __exidx_end = .
                0x00000000080096b4                . = ALIGN (0x4)

.rel.dyn        0x00000000080096b4        0x0
 .rel.iplt      0x00000000080096b4        0x0 c:/st/stm32cubeide_1.7.0/stm32cubeide/plugins/com.st.stm32cube.ide.mcu.externaltools.gnu-tools-for-stm32.9-2020-q2-update.win32_2.0.0.202105311346/tools/bin/../lib/gcc/arm-none-eabi/9.3.1/thumb/v7e-m+fp/hard/crtbegin.o

.preinit_array  0x00000000080096b4        0x0
                0x00000000080096b4                . = ALIGN (0x4)
                0x00000000080096b4                PROVIDE (__preinit_array_start = .)
 *(.preinit_array*)
                0x00000000080096b4                PROVIDE (__preinit_array_end = .)
                0x00000000080096b4                . = ALIGN (0x4)

.init_array     0x00000000080096b4        0x8
                0x00000000080096b4                . = ALIGN (0x4)
                0x00000000080096b4                PROVIDE (__init_array_start = .)
 *(SORT_BY_NAME(.init_array.*))
 *(.init_array*)
 .init_array    0x00000000080096b4        0x4 c:/st/stm32cubeide_1.7.0/stm32cubeide/plugins/com.st.stm32cube.ide.mcu.externaltools.gnu-tools-for-stm32.9-2020-q2-update.win32_2.0.0.202105311346/tools/bin/../lib/gcc/arm-none-eabi/9.3.1/thumb/v7e-m+fp/hard/crtbegin.o
 .init_array    0x00000000080096b8        0x4 ./Core/Source/App/MPU6050-App/MPU6050-App.o
                0x00000000080096bc                PROVIDE (__init_array_end = .)
                0x00000000080096bc                . = ALIGN (0x4)

.fini_array     0x00000000080096bc        0x4
                0x00000000080096bc                . = ALIGN (0x4)
                [!provide]                        PROVIDE (__fini_array_start = .)
 *(SORT_BY_NAME(.fini_array.*))
 *(.fini_array*)
 .fini_array    0x00000000080096bc        0x4 c:/st/stm32cubeide_1.7.0/stm32cubeide/plugins/com.st.stm32cube.ide.mcu.externaltools.gnu-tools-for-stm32.9-2020-q2-update.win32_2.0.0.202105311346/tools/bin/../lib/gcc/arm-none-eabi/9.3.1/thumb/v7e-m+fp/hard/crtbegin.o
                [!provide]                        PROVIDE (__fini_array_end = .)
                0x00000000080096c0                . = ALIGN (0x4)
                0x00000000080096c0                _sidata = LOADADDR (.data)

.data           0x0000000020000000      0x1ec load address 0x00000000080096c0
                0x0000000020000000                . = ALIGN (0x4)
                0x0000000020000000                _sdata = .
 *(.data)
 *(.data*)
 .data.g_iwBuffersize
                0x0000000020000000        0x4 ./Core/Source/App/MPU6050-App/MPU6050-App.o
                0x0000000020000000                g_iwBuffersize
 .data.g_iwAcel_deadzone
                0x0000000020000004        0x4 ./Core/Source/App/MPU6050-App/MPU6050-App.o
                0x0000000020000004                g_iwAcel_deadzone
 .data.g_iwGiro_deadzone
                0x0000000020000008        0x4 ./Core/Source/App/MPU6050-App/MPU6050-App.o
                0x0000000020000008                g_iwGiro_deadzone
 .data.I2Cdev_readTimeout
                0x000000002000000c        0x2 ./Core/Source/Driver/I2CDev/I2Cdev.o
                0x000000002000000c                I2Cdev_readTimeout
 *fill*         0x000000002000000e        0x2 
 .data.SystemCoreClock
                0x0000000020000010        0x4 ./Core/Src/system_stm32f4xx.o
                0x0000000020000010                SystemCoreClock
 .data.uwTickPrio
                0x0000000020000014        0x4 ./Drivers/STM32F4xx_HAL_Driver/Src/stm32f4xx_hal.o
                0x0000000020000014                uwTickPrio
 .data.uwTickFreq
                0x0000000020000018        0x1 ./Drivers/STM32F4xx_HAL_Driver/Src/stm32f4xx_hal.o
                0x0000000020000018                uwTickFreq
 *fill*         0x0000000020000019        0x3 
 .data._impure_ptr
                0x000000002000001c        0x4 c:/st/stm32cubeide_1.7.0/stm32cubeide/plugins/com.st.stm32cube.ide.mcu.externaltools.gnu-tools-for-stm32.9-2020-q2-update.win32_2.0.0.202105311346/tools/bin/../lib/gcc/arm-none-eabi/9.3.1/../../../../arm-none-eabi/lib/thumb/v7e-m+fp/hard\libc_nano.a(lib_a-impure.o)
                0x000000002000001c                _impure_ptr
 .data.impure_data
                0x0000000020000020       0x60 c:/st/stm32cubeide_1.7.0/stm32cubeide/plugins/com.st.stm32cube.ide.mcu.externaltools.gnu-tools-for-stm32.9-2020-q2-update.win32_2.0.0.202105311346/tools/bin/../lib/gcc/arm-none-eabi/9.3.1/../../../../arm-none-eabi/lib/thumb/v7e-m+fp/hard\libc_nano.a(lib_a-impure.o)
 .data.__global_locale
                0x0000000020000080      0x16c c:/st/stm32cubeide_1.7.0/stm32cubeide/plugins/com.st.stm32cube.ide.mcu.externaltools.gnu-tools-for-stm32.9-2020-q2-update.win32_2.0.0.202105311346/tools/bin/../lib/gcc/arm-none-eabi/9.3.1/../../../../arm-none-eabi/lib/thumb/v7e-m+fp/hard\libc_nano.a(lib_a-locale.o)
                0x0000000020000080                __global_locale
 *(.RamFunc)
 *(.RamFunc*)
                0x00000000200001ec                . = ALIGN (0x4)
                0x00000000200001ec                _edata = .

.igot.plt       0x00000000200001ec        0x0 load address 0x00000000080098ac
 .igot.plt      0x00000000200001ec        0x0 c:/st/stm32cubeide_1.7.0/stm32cubeide/plugins/com.st.stm32cube.ide.mcu.externaltools.gnu-tools-for-stm32.9-2020-q2-update.win32_2.0.0.202105311346/tools/bin/../lib/gcc/arm-none-eabi/9.3.1/thumb/v7e-m+fp/hard/crtbegin.o
                0x00000000200001ec                . = ALIGN (0x4)

.bss            0x00000000200001ec      0x358 load address 0x00000000080098ac
                0x00000000200001ec                _sbss = .
                0x00000000200001ec                __bss_start__ = _sbss
 *(.bss)
 .bss           0x00000000200001ec       0x1c c:/st/stm32cubeide_1.7.0/stm32cubeide/plugins/com.st.stm32cube.ide.mcu.externaltools.gnu-tools-for-stm32.9-2020-q2-update.win32_2.0.0.202105311346/tools/bin/../lib/gcc/arm-none-eabi/9.3.1/thumb/v7e-m+fp/hard/crtbegin.o
 *(.bss*)
 .bss.g_boDmpReady
                0x0000000020000208        0x1 ./Core/Source/App/MPU6050-App/MPU6050-App.o
                0x0000000020000208                g_boDmpReady
 .bss.g_byDevStatus
                0x0000000020000209        0x1 ./Core/Source/App/MPU6050-App/MPU6050-App.o
                0x0000000020000209                g_byDevStatus
 .bss.g_wPacketSize