MPU6050.cpp:42:1:MPU6050::MPU6050()	16	static
MPU6050.cpp:52:1:MPU6050::MPU6050(uint8_t)	16	static
MPU6050.cpp:70:6:void MPU6050::initialize()	16	static
MPU6050.cpp:81:6:bool MPU6050::testConnection()	16	static
MPU6050.cpp:93:9:uint8_t MPU6050::getAuxVDDIOLevel()	24	static
MPU6050.cpp:103:6:void MPU6050::setAuxVDDIOLevel(uint8_t)	16	static
MPU6050.cpp:130:9:uint8_t MPU6050::getRate()	16	static
MPU6050.cpp:139:6:void MPU6050::setRate(uint8_t)	16	static
MPU6050.cpp:172:9:uint8_t MPU6050::getExternalFrameSync()	24	static
MPU6050.cpp:181:6:void MPU6050::setExternalFrameSync(uint8_t)	24	static
MPU6050.cpp:212:9:uint8_t MPU6050::getDLPFMode()	24	static
MPU6050.cpp:224:6:void MPU6050::setDLPFMode(uint8_t)	24	static
MPU6050.cpp:247:9:uint8_t MPU6050::getFullScaleGyroRange()	24	static
MPU6050.cpp:259:6:void MPU6050::setFullScaleGyroRange(uint8_t)	24	static
MPU6050.cpp:269:6:bool MPU6050::getAccelXSelfTest()	24	static
MPU6050.cpp:277:6:void MPU6050::setAccelXSelfTest(bool)	16	static
MPU6050.cpp:284:6:bool MPU6050::getAccelYSelfTest()	24	static
MPU6050.cpp:292:6:void MPU6050::setAccelYSelfTest(bool)	16	static
MPU6050.cpp:299:6:bool MPU6050::getAccelZSelfTest()	24	static
MPU6050.cpp:307:6:void MPU6050::setAccelZSelfTest(bool)	16	static
MPU6050.cpp:327:9:uint8_t MPU6050::getFullScaleAccelRange()	24	static
MPU6050.cpp:335:6:void MPU6050::setFullScaleAccelRange(uint8_t)	24	static
MPU6050.cpp:373:9:uint8_t MPU6050::getDHPFMode()	24	static
MPU6050.cpp:383:6:void MPU6050::setDHPFMode(uint8_t)	24	static
MPU6050.cpp:404:9:uint8_t MPU6050::getFreefallDetectionThreshold()	16	static
MPU6050.cpp:413:6:void MPU6050::setFreefallDetectionThreshold(uint8_t)	16	static
MPU6050.cpp:436:9:uint8_t MPU6050::getFreefallDetectionDuration()	16	static
MPU6050.cpp:445:6:void MPU6050::setFreefallDetectionDuration(uint8_t)	16	static
MPU6050.cpp:470:9:uint8_t MPU6050::getMotionDetectionThreshold()	16	static
MPU6050.cpp:479:6:void MPU6050::setMotionDetectionThreshold(uint8_t)	16	static
MPU6050.cpp:500:9:uint8_t MPU6050::getMotionDetectionDuration()	16	static
MPU6050.cpp:509:6:void MPU6050::setMotionDetectionDuration(uint8_t)	16	static
MPU6050.cpp:540:9:uint8_t MPU6050::getZeroMotionDetectionThreshold()	16	static
MPU6050.cpp:549:6:void MPU6050::setZeroMotionDetectionThreshold(uint8_t)	16	static
MPU6050.cpp:571:9:uint8_t MPU6050::getZeroMotionDetectionDuration()	16	static
MPU6050.cpp:580:6:void MPU6050::setZeroMotionDetectionDuration(uint8_t)	16	static
MPU6050.cpp:592:6:bool MPU6050::getTempFIFOEnabled()	24	static
MPU6050.cpp:601:6:void MPU6050::setTempFIFOEnabled(bool)	16	static
MPU6050.cpp:610:6:bool MPU6050::getXGyroFIFOEnabled()	24	static
MPU6050.cpp:619:6:void MPU6050::setXGyroFIFOEnabled(bool)	16	static
MPU6050.cpp:628:6:bool MPU6050::getYGyroFIFOEnabled()	24	static
MPU6050.cpp:637:6:void MPU6050::setYGyroFIFOEnabled(bool)	16	static
MPU6050.cpp:646:6:bool MPU6050::getZGyroFIFOEnabled()	24	static
MPU6050.cpp:655:6:void MPU6050::setZGyroFIFOEnabled(bool)	16	static
MPU6050.cpp:665:6:bool MPU6050::getAccelFIFOEnabled()	24	static
MPU6050.cpp:674:6:void MPU6050::setAccelFIFOEnabled(bool)	16	static
MPU6050.cpp:683:6:bool MPU6050::getSlave2FIFOEnabled()	24	static
MPU6050.cpp:692:6:void MPU6050::setSlave2FIFOEnabled(bool)	16	static
MPU6050.cpp:701:6:bool MPU6050::getSlave1FIFOEnabled()	24	static
MPU6050.cpp:710:6:void MPU6050::setSlave1FIFOEnabled(bool)	16	static
MPU6050.cpp:719:6:bool MPU6050::getSlave0FIFOEnabled()	24	static
MPU6050.cpp:728:6:void MPU6050::setSlave0FIFOEnabled(bool)	16	static
MPU6050.cpp:749:6:bool MPU6050::getMultiMasterEnabled()	24	static
MPU6050.cpp:758:6:void MPU6050::setMultiMasterEnabled(bool)	16	static
MPU6050.cpp:772:6:bool MPU6050::getWaitForExternalSensorEnabled()	24	static
MPU6050.cpp:781:6:void MPU6050::setWaitForExternalSensorEnabled(bool)	16	static
MPU6050.cpp:790:6:bool MPU6050::getSlave3FIFOEnabled()	24	static
MPU6050.cpp:799:6:void MPU6050::setSlave3FIFOEnabled(bool)	16	static
MPU6050.cpp:812:6:bool MPU6050::getSlaveReadWriteTransitionEnabled()	24	static
MPU6050.cpp:821:6:void MPU6050::setSlaveReadWriteTransitionEnabled(bool)	16	static
MPU6050.cpp:853:9:uint8_t MPU6050::getMasterClockSpeed()	24	static
MPU6050.cpp:861:6:void MPU6050::setMasterClockSpeed(uint8_t)	24	static
MPU6050.cpp:908:9:uint8_t MPU6050::getSlaveAddress(uint8_t)	16	static
MPU6050.cpp:919:6:void MPU6050::setSlaveAddress(uint8_t, uint8_t)	16	static
MPU6050.cpp:934:9:uint8_t MPU6050::getSlaveRegister(uint8_t)	16	static
MPU6050.cpp:945:6:void MPU6050::setSlaveRegister(uint8_t, uint8_t)	16	static
MPU6050.cpp:956:6:bool MPU6050::getSlaveEnabled(uint8_t)	24	static
MPU6050.cpp:967:6:void MPU6050::setSlaveEnabled(uint8_t, bool)	16	static
MPU6050.cpp:982:6:bool MPU6050::getSlaveWordByteSwap(uint8_t)	24	static
MPU6050.cpp:993:6:void MPU6050::setSlaveWordByteSwap(uint8_t, bool)	16	static
MPU6050.cpp:1007:6:bool MPU6050::getSlaveWriteMode(uint8_t)	24	static
MPU6050.cpp:1018:6:void MPU6050::setSlaveWriteMode(uint8_t, bool)	16	static
MPU6050.cpp:1033:6:bool MPU6050::getSlaveWordGroupOffset(uint8_t)	24	static
MPU6050.cpp:1044:6:void MPU6050::setSlaveWordGroupOffset(uint8_t, bool)	16	static
MPU6050.cpp:1055:9:uint8_t MPU6050::getSlaveDataLength(uint8_t)	24	static
MPU6050.cpp:1066:6:void MPU6050::setSlaveDataLength(uint8_t, uint8_t)	24	static
MPU6050.cpp:1082:9:uint8_t MPU6050::getSlave4Address()	16	static
MPU6050.cpp:1091:6:void MPU6050::setSlave4Address(uint8_t)	16	static
MPU6050.cpp:1101:9:uint8_t MPU6050::getSlave4Register()	16	static
MPU6050.cpp:1110:6:void MPU6050::setSlave4Register(uint8_t)	16	static
MPU6050.cpp:1119:6:void MPU6050::setSlave4OutputByte(uint8_t)	16	static
MPU6050.cpp:1128:6:bool MPU6050::getSlave4Enabled()	24	static
MPU6050.cpp:1137:6:void MPU6050::setSlave4Enabled(bool)	16	static
MPU6050.cpp:1149:6:bool MPU6050::getSlave4InterruptEnabled()	24	static
MPU6050.cpp:1158:6:void MPU6050::setSlave4InterruptEnabled(bool)	16	static
MPU6050.cpp:1170:6:bool MPU6050::getSlave4WriteMode()	24	static
MPU6050.cpp:1179:6:void MPU6050::setSlave4WriteMode(bool)	16	static
MPU6050.cpp:1197:9:uint8_t MPU6050::getSlave4MasterDelay()	24	static
MPU6050.cpp:1206:6:void MPU6050::setSlave4MasterDelay(uint8_t)	24	static
MPU6050.cpp:1215:9:uint8_t MPU6050::getSlate4InputByte()	16	static
MPU6050.cpp:1231:6:bool MPU6050::getPassthroughStatus()	24	static
MPU6050.cpp:1243:6:bool MPU6050::getSlave4IsDone()	24	static
MPU6050.cpp:1254:6:bool MPU6050::getLostArbitration()	24	static
MPU6050.cpp:1265:6:bool MPU6050::getSlave4Nack()	24	static
MPU6050.cpp:1276:6:bool MPU6050::getSlave3Nack()	24	static
MPU6050.cpp:1287:6:bool MPU6050::getSlave2Nack()	24	static
MPU6050.cpp:1298:6:bool MPU6050::getSlave1Nack()	24	static
MPU6050.cpp:1309:6:bool MPU6050::getSlave0Nack()	24	static
MPU6050.cpp:1322:6:bool MPU6050::getInterruptMode()	24	static
MPU6050.cpp:1332:6:void MPU6050::setInterruptMode(bool)	16	static
MPU6050.cpp:1341:6:bool MPU6050::getInterruptDrive()	24	static
MPU6050.cpp:1351:6:void MPU6050::setInterruptDrive(bool)	16	static
MPU6050.cpp:1360:6:bool MPU6050::getInterruptLatch()	24	static
MPU6050.cpp:1370:6:void MPU6050::setInterruptLatch(bool)	16	static
MPU6050.cpp:1379:6:bool MPU6050::getInterruptLatchClear()	24	static
MPU6050.cpp:1389:6:void MPU6050::setInterruptLatchClear(bool)	16	static
MPU6050.cpp:1398:6:bool MPU6050::getFSyncInterruptLevel()	24	static
MPU6050.cpp:1408:6:void MPU6050::setFSyncInterruptLevel(bool)	16	static
MPU6050.cpp:1417:6:bool MPU6050::getFSyncInterruptEnabled()	24	static
MPU6050.cpp:1427:6:void MPU6050::setFSyncInterruptEnabled(bool)	16	static
MPU6050.cpp:1441:6:bool MPU6050::getI2CBypassEnabled()	24	static
MPU6050.cpp:1456:6:void MPU6050::setI2CBypassEnabled(bool)	16	static
MPU6050.cpp:1468:6:bool MPU6050::getClockOutputEnabled()	24	static
MPU6050.cpp:1481:6:void MPU6050::setClockOutputEnabled(bool)	16	static
MPU6050.cpp:1494:9:uint8_t MPU6050::getIntEnabled()	16	static
MPU6050.cpp:1506:6:void MPU6050::setIntEnabled(uint8_t)	16	static
MPU6050.cpp:1515:6:bool MPU6050::getIntFreefallEnabled()	24	static
MPU6050.cpp:1525:6:void MPU6050::setIntFreefallEnabled(bool)	16	static
MPU6050.cpp:1534:6:bool MPU6050::getIntMotionEnabled()	24	static
MPU6050.cpp:1544:6:void MPU6050::setIntMotionEnabled(bool)	16	static
MPU6050.cpp:1553:6:bool MPU6050::getIntZeroMotionEnabled()	24	static
MPU6050.cpp:1563:6:void MPU6050::setIntZeroMotionEnabled(bool)	16	static
MPU6050.cpp:1572:6:bool MPU6050::getIntFIFOBufferOverflowEnabled()	24	static
MPU6050.cpp:1582:6:void MPU6050::setIntFIFOBufferOverflowEnabled(bool)	16	static
MPU6050.cpp:1592:6:bool MPU6050::getIntI2CMasterEnabled()	24	static
MPU6050.cpp:1602:6:void MPU6050::setIntI2CMasterEnabled(bool)	16	static
MPU6050.cpp:1612:6:bool MPU6050::getIntDataReadyEnabled()	24	static
MPU6050.cpp:1622:6:void MPU6050::setIntDataReadyEnabled(bool)	16	static
MPU6050.cpp:1635:9:uint8_t MPU6050::getIntStatus()	16	static
MPU6050.cpp:1646:6:bool MPU6050::getIntFreefallStatus()	24	static
MPU6050.cpp:1657:6:bool MPU6050::getIntMotionStatus()	24	static
MPU6050.cpp:1668:6:bool MPU6050::getIntZeroMotionStatus()	24	static
MPU6050.cpp:1679:6:bool MPU6050::getIntFIFOBufferOverflowStatus()	24	static
MPU6050.cpp:1691:6:bool MPU6050::getIntI2CMasterStatus()	24	static
MPU6050.cpp:1702:6:bool MPU6050::getIntDataReadyStatus()	24	static
MPU6050.cpp:1725:6:void MPU6050::getMotion9(int16_t*, int16_t*, int16_t*, int16_t*, int16_t*, int16_t*, int16_t*, int16_t*, int16_t*)	40	static
MPU6050.cpp:1741:6:void MPU6050::getMotion6(int16_t*, int16_t*, int16_t*, int16_t*, int16_t*, int16_t*)	32	static
MPU6050.cpp:1786:6:void MPU6050::getAcceleration(int16_t*, int16_t*, int16_t*)	32	static
MPU6050.cpp:1797:9:int16_t MPU6050::getAccelerationX()	24	static
MPU6050.cpp:1806:9:int16_t MPU6050::getAccelerationY()	24	static
MPU6050.cpp:1815:9:int16_t MPU6050::getAccelerationZ()	24	static
MPU6050.cpp:1826:9:int16_t MPU6050::getTemperature()	24	static
MPU6050.cpp:1865:6:void MPU6050::getRotation(int16_t*, int16_t*, int16_t*)	32	static
MPU6050.cpp:1876:9:int16_t MPU6050::getRotationX()	24	static
MPU6050.cpp:1885:9:int16_t MPU6050::getRotationY()	24	static
MPU6050.cpp:1894:9:int16_t MPU6050::getRotationZ()	24	static
MPU6050.cpp:1975:9:uint8_t MPU6050::getExternalSensorByte(int)	16	static
MPU6050.cpp:1984:10:uint16_t MPU6050::getExternalSensorWord(int)	24	static
MPU6050.cpp:1993:10:uint32_t MPU6050::getExternalSensorDWord(int)	24	static
MPU6050.cpp:2005:6:bool MPU6050::getXNegMotionDetected()	24	static
MPU6050.cpp:2014:6:bool MPU6050::getXPosMotionDetected()	24	static
MPU6050.cpp:2023:6:bool MPU6050::getYNegMotionDetected()	24	static
MPU6050.cpp:2032:6:bool MPU6050::getYPosMotionDetected()	24	static
MPU6050.cpp:2041:6:bool MPU6050::getZNegMotionDetected()	24	static
MPU6050.cpp:2050:6:bool MPU6050::getZPosMotionDetected()	24	static
MPU6050.cpp:2059:6:bool MPU6050::getZeroMotionDetected()	24	static
MPU6050.cpp:2074:6:void MPU6050::setSlaveOutputByte(uint8_t, uint8_t)	16	static
MPU6050.cpp:2089:6:bool MPU6050::getExternalShadowDelayEnabled()	24	static
MPU6050.cpp:2099:6:void MPU6050::setExternalShadowDelayEnabled(bool)	16	static
MPU6050.cpp:2120:6:bool MPU6050::getSlaveDelayEnabled(uint8_t)	24	static
MPU6050.cpp:2132:6:void MPU6050::setSlaveDelayEnabled(uint8_t, bool)	16	static
MPU6050.cpp:2144:6:void MPU6050::resetGyroscopePath()	16	static
MPU6050.cpp:2153:6:void MPU6050::resetAccelerometerPath()	16	static
MPU6050.cpp:2162:6:void MPU6050::resetTemperaturePath()	16	static
MPU6050.cpp:2182:9:uint8_t MPU6050::getAccelerometerPowerOnDelay()	24	static
MPU6050.cpp:2192:6:void MPU6050::setAccelerometerPowerOnDelay(uint8_t)	24	static
MPU6050.cpp:2221:9:uint8_t MPU6050::getFreefallDetectionCounterDecrement()	24	static
MPU6050.cpp:2231:6:void MPU6050::setFreefallDetectionCounterDecrement(uint8_t)	24	static
MPU6050.cpp:2257:9:uint8_t MPU6050::getMotionDetectionCounterDecrement()	24	static
MPU6050.cpp:2267:6:void MPU6050::setMotionDetectionCounterDecrement(uint8_t)	24	static
MPU6050.cpp:2281:6:bool MPU6050::getFIFOEnabled()	24	static
MPU6050.cpp:2291:6:void MPU6050::setFIFOEnabled(bool)	16	static
MPU6050.cpp:2305:6:bool MPU6050::getI2CMasterModeEnabled()	24	static
MPU6050.cpp:2315:6:void MPU6050::setI2CMasterModeEnabled(bool)	16	static
MPU6050.cpp:2322:6:void MPU6050::switchSPIEnabled(bool)	16	static
MPU6050.cpp:2331:6:void MPU6050::resetFIFO()	16	static
MPU6050.cpp:2340:6:void MPU6050::resetI2CMaster()	16	static
MPU6050.cpp:2355:6:void MPU6050::resetSensors()	16	static
MPU6050.cpp:2366:6:void MPU6050::reset()	16	static
MPU6050.cpp:2380:6:bool MPU6050::getSleepEnabled()	24	static
MPU6050.cpp:2390:6:void MPU6050::setSleepEnabled(bool)	16	static
MPU6050.cpp:2401:6:bool MPU6050::getWakeCycleEnabled()	24	static
MPU6050.cpp:2411:6:void MPU6050::setWakeCycleEnabled(bool)	16	static
MPU6050.cpp:2425:6:bool MPU6050::getTempSensorEnabled()	24	static
MPU6050.cpp:2439:6:void MPU6050::setTempSensorEnabled(bool)	16	static
MPU6050.cpp:2449:9:uint8_t MPU6050::getClockSource()	24	static
MPU6050.cpp:2483:6:void MPU6050::setClockSource(uint8_t)	24	static
MPU6050.cpp:2512:9:uint8_t MPU6050::getWakeFrequency()	24	static
MPU6050.cpp:2520:6:void MPU6050::setWakeFrequency(uint8_t)	24	static
MPU6050.cpp:2530:6:bool MPU6050::getStandbyXAccelEnabled()	24	static
MPU6050.cpp:2540:6:void MPU6050::setStandbyXAccelEnabled(bool)	16	static
MPU6050.cpp:2549:6:bool MPU6050::getStandbyYAccelEnabled()	24	static
MPU6050.cpp:2559:6:void MPU6050::setStandbyYAccelEnabled(bool)	16	static
MPU6050.cpp:2568:6:bool MPU6050::getStandbyZAccelEnabled()	24	static
MPU6050.cpp:2578:6:void MPU6050::setStandbyZAccelEnabled(bool)	16	static
MPU6050.cpp:2587:6:bool MPU6050::getStandbyXGyroEnabled()	24	static
MPU6050.cpp:2597:6:void MPU6050::setStandbyXGyroEnabled(bool)	16	static
MPU6050.cpp:2606:6:bool MPU6050::getStandbyYGyroEnabled()	24	static
MPU6050.cpp:2616:6:void MPU6050::setStandbyYGyroEnabled(bool)	16	static
MPU6050.cpp:2625:6:bool MPU6050::getStandbyZGyroEnabled()	24	static
MPU6050.cpp:2635:6:void MPU6050::setStandbyZGyroEnabled(bool)	16	static
MPU6050.cpp:2648:10:uint16_t MPU6050::getFIFOCount()	24	static
MPU6050.cpp:2680:9:uint8_t MPU6050::getFIFOByte()	16	static
MPU6050.cpp:2684:6:void MPU6050::getFIFOBytes(uint8_t*, uint8_t)	32	static
MPU6050.cpp:2691:6:void MPU6050::setFIFOByte(uint8_t)	16	static
MPU6050.cpp:2704:9:uint8_t MPU6050::getDeviceID()	24	static
MPU6050.cpp:2717:6:void MPU6050::setDeviceID(uint8_t)	24	static
MPU6050.cpp:2725:9:uint8_t MPU6050::getOTPBankValid()	24	static
MPU6050.cpp:2729:6:void MPU6050::setOTPBankValid(bool)	16	static
MPU6050.cpp:2732:8:int8_t MPU6050::getXGyroOffsetTC()	24	static
MPU6050.cpp:2736:6:void MPU6050::setXGyroOffsetTC(int8_t)	24	static
MPU6050.cpp:2742:8:int8_t MPU6050::getYGyroOffsetTC()	24	static
MPU6050.cpp:2746:6:void MPU6050::setYGyroOffsetTC(int8_t)	24	static
MPU6050.cpp:2752:8:int8_t MPU6050::getZGyroOffsetTC()	24	static
MPU6050.cpp:2756:6:void MPU6050::setZGyroOffsetTC(int8_t)	24	static
MPU6050.cpp:2762:8:int8_t MPU6050::getXFineGain()	16	static
MPU6050.cpp:2766:6:void MPU6050::setXFineGain(int8_t)	16	static
MPU6050.cpp:2772:8:int8_t MPU6050::getYFineGain()	16	static
MPU6050.cpp:2776:6:void MPU6050::setYFineGain(int8_t)	16	static
MPU6050.cpp:2782:8:int8_t MPU6050::getZFineGain()	16	static
MPU6050.cpp:2786:6:void MPU6050::setZFineGain(int8_t)	16	static
MPU6050.cpp:2792:9:int16_t MPU6050::getXAccelOffset()	24	static
MPU6050.cpp:2796:6:void MPU6050::setXAccelOffset(int16_t)	16	static
MPU6050.cpp:2802:9:int16_t MPU6050::getYAccelOffset()	24	static
MPU6050.cpp:2806:6:void MPU6050::setYAccelOffset(int16_t)	16	static
MPU6050.cpp:2812:9:int16_t MPU6050::getZAccelOffset()	24	static
MPU6050.cpp:2816:6:void MPU6050::setZAccelOffset(int16_t)	16	static
MPU6050.cpp:2822:9:int16_t MPU6050::getXGyroOffset()	24	static
MPU6050.cpp:2826:6:void MPU6050::setXGyroOffset(int16_t)	16	static
MPU6050.cpp:2832:9:int16_t MPU6050::getYGyroOffset()	24	static
MPU6050.cpp:2836:6:void MPU6050::setYGyroOffset(int16_t)	16	static
MPU6050.cpp:2842:9:int16_t MPU6050::getZGyroOffset()	24	static
MPU6050.cpp:2846:6:void MPU6050::setZGyroOffset(int16_t)	16	static
MPU6050.cpp:2852:6:bool MPU6050::getIntPLLReadyEnabled()	24	static
MPU6050.cpp:2856:6:void MPU6050::setIntPLLReadyEnabled(bool)	16	static
MPU6050.cpp:2859:6:bool MPU6050::getIntDMPEnabled()	24	static
MPU6050.cpp:2863:6:void MPU6050::setIntDMPEnabled(bool)	16	static
MPU6050.cpp:2869:6:bool MPU6050::getDMPInt5Status()	24	static
MPU6050.cpp:2873:6:bool MPU6050::getDMPInt4Status()	24	static
MPU6050.cpp:2877:6:bool MPU6050::getDMPInt3Status()	24	static
MPU6050.cpp:2881:6:bool MPU6050::getDMPInt2Status()	24	static
MPU6050.cpp:2885:6:bool MPU6050::getDMPInt1Status()	24	static
MPU6050.cpp:2889:6:bool MPU6050::getDMPInt0Status()	24	static
MPU6050.cpp:2896:6:bool MPU6050::getIntPLLReadyStatus()	24	static
MPU6050.cpp:2900:6:bool MPU6050::getIntDMPStatus()	24	static
MPU6050.cpp:2907:6:bool MPU6050::getDMPEnabled()	24	static
MPU6050.cpp:2911:6:void MPU6050::setDMPEnabled(bool)	16	static
MPU6050.cpp:2914:6:void MPU6050::resetDMP()	16	static
MPU6050.cpp:2920:6:void MPU6050::setMemoryBank(uint8_t, bool, bool)	16	static
MPU6050.cpp:2929:6:void MPU6050::setMemoryStartAddress(uint8_t)	16	static
MPU6050.cpp:2935:9:uint8_t MPU6050::readMemoryByte()	16	static
MPU6050.cpp:2939:6:void MPU6050::writeMemoryByte(uint8_t)	16	static
MPU6050.cpp:2942:6:void MPU6050::readMemoryBlock(uint8_t*, uint16_t, uint8_t, uint8_t)	40	static
MPU6050.cpp:2973:6:bool MPU6050::writeMemoryBlock(const uint8_t*, uint16_t, uint8_t, uint8_t, bool, bool)	48	static
MPU6050.cpp:3049:6:bool MPU6050::writeProgMemoryBlock(const uint8_t*, uint16_t, uint8_t, uint8_t, bool)	40	static
MPU6050.cpp:3052:6:bool MPU6050::writeDMPConfigurationSet(const uint8_t*, uint16_t, bool)	56	static
MPU6050.cpp:3127:6:bool MPU6050::writeProgDMPConfigurationSet(const uint8_t*, uint16_t)	24	static
MPU6050.cpp:3133:9:uint8_t MPU6050::getDMPConfig1()	16	static
MPU6050.cpp:3137:6:void MPU6050::setDMPConfig1(uint8_t)	16	static
MPU6050.cpp:3143:9:uint8_t MPU6050::getDMPConfig2()	16	static
MPU6050.cpp:3147:6:void MPU6050::setDMPConfig2(uint8_t)	16	static
MPU6050.cpp:3150:8:int8_t MPU6050::GetCurrentFIFOPacket(uint8_t*, uint8_t)	72	static
